../Core/Src/motor_tasks.c:12:6:add_msg_to_queue	48	static
../Core/Src/motor_tasks.c:38:6:rot_motor_right	8	static
../Core/Src/motor_tasks.c:43:6:rot_motor_left	8	static
../Core/Src/motor_tasks.c:48:6:vert_motor_up	8	static
../Core/Src/motor_tasks.c:53:6:vert_motor_down	8	static
../Core/Src/motor_tasks.c:58:6:vert_motor_stop	8	static
../Core/Src/motor_tasks.c:63:6:rot_motor_stop	8	static
../Core/Src/motor_tasks.c:68:6:vert_motor_controller_task	176	static
../Core/Src/motor_tasks.c:117:6:rot_motor_controller_task	176	static
../Core/Src/motor_tasks.c:155:6:auto_motor_controller_task	16	static
