Archive member included to satisfy reference by file (symbol)

C:/ST/STM32CubeIDE_1.19.0/STM32CubeIDE/plugins/com.st.stm32cube.ide.mcu.externaltools.gnu-tools-for-stm32.13.3.rel1.win32_1.0.0.202411081344/tools/bin/../lib/gcc/arm-none-eabi/13.3.1/../../../../arm-none-eabi/lib/thumb/v7e-m+fp/hard\libc_nano.a(libc_a-exit.o)
                              C:/ST/STM32CubeIDE_1.19.0/STM32CubeIDE/plugins/com.st.stm32cube.ide.mcu.externaltools.gnu-tools-for-stm32.13.3.rel1.win32_1.0.0.202411081344/tools/bin/../lib/gcc/arm-none-eabi/13.3.1/../../../../arm-none-eabi/lib/thumb/v7e-m+fp/hard/crt0.o (exit)
C:/ST/STM32CubeIDE_1.19.0/STM32CubeIDE/plugins/com.st.stm32cube.ide.mcu.externaltools.gnu-tools-for-stm32.13.3.rel1.win32_1.0.0.202411081344/tools/bin/../lib/gcc/arm-none-eabi/13.3.1/../../../../arm-none-eabi/lib/thumb/v7e-m+fp/hard\libc_nano.a(libc_a-findfp.o)
                              ./Middlewares/Third_Party/FreeRTOS/Source/tasks.o (__sf)
C:/ST/STM32CubeIDE_1.19.0/STM32CubeIDE/plugins/com.st.stm32cube.ide.mcu.externaltools.gnu-tools-for-stm32.13.3.rel1.win32_1.0.0.202411081344/tools/bin/../lib/gcc/arm-none-eabi/13.3.1/../../../../arm-none-eabi/lib/thumb/v7e-m+fp/hard\libc_nano.a(libc_a-fwalk.o)
                              C:/ST/STM32CubeIDE_1.19.0/STM32CubeIDE/plugins/com.st.stm32cube.ide.mcu.externaltools.gnu-tools-for-stm32.13.3.rel1.win32_1.0.0.202411081344/tools/bin/../lib/gcc/arm-none-eabi/13.3.1/../../../../arm-none-eabi/lib/thumb/v7e-m+fp/hard\libc_nano.a(libc_a-findfp.o) (_fwalk_sglue)
C:/ST/STM32CubeIDE_1.19.0/STM32CubeIDE/plugins/com.st.stm32cube.ide.mcu.externaltools.gnu-tools-for-stm32.13.3.rel1.win32_1.0.0.202411081344/tools/bin/../lib/gcc/arm-none-eabi/13.3.1/../../../../arm-none-eabi/lib/thumb/v7e-m+fp/hard\libc_nano.a(libc_a-stdio.o)
                              C:/ST/STM32CubeIDE_1.19.0/STM32CubeIDE/plugins/com.st.stm32cube.ide.mcu.externaltools.gnu-tools-for-stm32.13.3.rel1.win32_1.0.0.202411081344/tools/bin/../lib/gcc/arm-none-eabi/13.3.1/../../../../arm-none-eabi/lib/thumb/v7e-m+fp/hard\libc_nano.a(libc_a-findfp.o) (__sread)
C:/ST/STM32CubeIDE_1.19.0/STM32CubeIDE/plugins/com.st.stm32cube.ide.mcu.externaltools.gnu-tools-for-stm32.13.3.rel1.win32_1.0.0.202411081344/tools/bin/../lib/gcc/arm-none-eabi/13.3.1/../../../../arm-none-eabi/lib/thumb/v7e-m+fp/hard\libc_nano.a(libc_a-memset.o)
                              C:/ST/STM32CubeIDE_1.19.0/STM32CubeIDE/plugins/com.st.stm32cube.ide.mcu.externaltools.gnu-tools-for-stm32.13.3.rel1.win32_1.0.0.202411081344/tools/bin/../lib/gcc/arm-none-eabi/13.3.1/../../../../arm-none-eabi/lib/thumb/v7e-m+fp/hard/crt0.o (memset)
C:/ST/STM32CubeIDE_1.19.0/STM32CubeIDE/plugins/com.st.stm32cube.ide.mcu.externaltools.gnu-tools-for-stm32.13.3.rel1.win32_1.0.0.202411081344/tools/bin/../lib/gcc/arm-none-eabi/13.3.1/../../../../arm-none-eabi/lib/thumb/v7e-m+fp/hard\libc_nano.a(libc_a-closer.o)
                              C:/ST/STM32CubeIDE_1.19.0/STM32CubeIDE/plugins/com.st.stm32cube.ide.mcu.externaltools.gnu-tools-for-stm32.13.3.rel1.win32_1.0.0.202411081344/tools/bin/../lib/gcc/arm-none-eabi/13.3.1/../../../../arm-none-eabi/lib/thumb/v7e-m+fp/hard\libc_nano.a(libc_a-stdio.o) (_close_r)
C:/ST/STM32CubeIDE_1.19.0/STM32CubeIDE/plugins/com.st.stm32cube.ide.mcu.externaltools.gnu-tools-for-stm32.13.3.rel1.win32_1.0.0.202411081344/tools/bin/../lib/gcc/arm-none-eabi/13.3.1/../../../../arm-none-eabi/lib/thumb/v7e-m+fp/hard\libc_nano.a(libc_a-reent.o)
                              ./Middlewares/Third_Party/FreeRTOS/Source/tasks.o (_reclaim_reent)
C:/ST/STM32CubeIDE_1.19.0/STM32CubeIDE/plugins/com.st.stm32cube.ide.mcu.externaltools.gnu-tools-for-stm32.13.3.rel1.win32_1.0.0.202411081344/tools/bin/../lib/gcc/arm-none-eabi/13.3.1/../../../../arm-none-eabi/lib/thumb/v7e-m+fp/hard\libc_nano.a(libc_a-impure.o)
                              ./Middlewares/Third_Party/FreeRTOS/Source/tasks.o (_impure_ptr)
C:/ST/STM32CubeIDE_1.19.0/STM32CubeIDE/plugins/com.st.stm32cube.ide.mcu.externaltools.gnu-tools-for-stm32.13.3.rel1.win32_1.0.0.202411081344/tools/bin/../lib/gcc/arm-none-eabi/13.3.1/../../../../arm-none-eabi/lib/thumb/v7e-m+fp/hard\libc_nano.a(libc_a-lseekr.o)
                              C:/ST/STM32CubeIDE_1.19.0/STM32CubeIDE/plugins/com.st.stm32cube.ide.mcu.externaltools.gnu-tools-for-stm32.13.3.rel1.win32_1.0.0.202411081344/tools/bin/../lib/gcc/arm-none-eabi/13.3.1/../../../../arm-none-eabi/lib/thumb/v7e-m+fp/hard\libc_nano.a(libc_a-stdio.o) (_lseek_r)
C:/ST/STM32CubeIDE_1.19.0/STM32CubeIDE/plugins/com.st.stm32cube.ide.mcu.externaltools.gnu-tools-for-stm32.13.3.rel1.win32_1.0.0.202411081344/tools/bin/../lib/gcc/arm-none-eabi/13.3.1/../../../../arm-none-eabi/lib/thumb/v7e-m+fp/hard\libc_nano.a(libc_a-readr.o)
[...]
Memory Configuration

Name             Origin             Length             Attributes
RAM              0x20000000         0x00020000         xrw
FLASH            0x08000000         0x00080000         xr
*default*        0x00000000         0xffffffff

Linker script and memory map

LOAD C:/ST/STM32CubeIDE_1.19.0/STM32CubeIDE/plugins/com.st.stm32cube.ide.mcu.externaltools.gnu-tools-for-stm32.13.3.rel1.win32_1.0.0.202411081344/tools/bin/../lib/gcc/arm-none-eabi/13.3.1/thumb/v7e-m+fp/hard/crti.o
LOAD C:/ST/STM32CubeIDE_1.19.0/STM32CubeIDE/plugins/com.st.stm32cube.ide.mcu.externaltools.gnu-tools-for-stm32.13.3.rel1.win32_1.0.0.202411081344/tools/bin/../lib/gcc/arm-none-eabi/13.3.1/thumb/v7e-m+fp/hard/crtbegin.o
LOAD C:/ST/STM32CubeIDE_1.19.0/STM32CubeIDE/plugins/com.st.stm32cube.ide.mcu.externaltools.gnu-tools-for-stm32.13.3.rel1.win32_1.0.0.202411081344/tools/bin/../lib/gcc/arm-none-eabi/13.3.1/../../../../arm-none-eabi/lib/thumb/v7e-m+fp/hard/crt0.o
LOAD ./Core/Src/crane_io.o
LOAD ./Core/Src/freertos.o
LOAD ./Core/Src/gpio.o
LOAD ./Core/Src/hcsr04.o
LOAD ./Core/Src/main.o
LOAD ./Core/Src/motor_tasks.o
LOAD ./Core/Src/servo.o
LOAD ./Core/Src/stm32f4xx_hal_msp.o
LOAD ./Core/Src/stm32f4xx_hal_timebase_tim.o
LOAD ./Core/Src/stm32f4xx_it.o
LOAD ./Core/Src/syscalls.o
LOAD ./Core/Src/sysmem.o
LOAD ./Core/Src/system_stm32f4xx.o
LOAD ./Core/Src/tim.o
LOAD ./Core/Src/usart.o
LOAD ./Core/Startup/startup_stm32f411retx.o
LOAD ./Drivers/STM32F4xx_HAL_Driver/Src/stm32f4xx_hal.o
LOAD ./Drivers/STM32F4xx_HAL_Driver/Src/stm32f4xx_hal_cortex.o
LOAD ./Drivers/STM32F4xx_HAL_Driver/Src/stm32f4xx_hal_dma.o
LOAD ./Drivers/STM32F4xx_HAL_Driver/Src/stm32f4xx_hal_dma_ex.o
LOAD ./Drivers/STM32F4xx_HAL_Driver/Src/stm32f4xx_hal_exti.o
LOAD ./Drivers/STM32F4xx_HAL_Driver/Src/stm32f4xx_hal_flash.o
LOAD ./Drivers/STM32F4xx_HAL_Driver/Src/stm32f4xx_hal_flash_ex.o
LOAD ./Drivers/STM32F4xx_HAL_Driver/Src/stm32f4xx_hal_flash_ramfunc.o
LOAD ./Drivers/STM32F4xx_HAL_Driver/Src/stm32f4xx_hal_gpio.o
LOAD ./Drivers/STM32F4xx_HAL_Driver/Src/stm32f4xx_hal_pwr.o
LOAD ./Drivers/STM32F4xx_HAL_Driver/Src/stm32f4xx_hal_pwr_ex.o
LOAD ./Drivers/STM32F4xx_HAL_Driver/Src/stm32f4xx_hal_rcc.o
LOAD ./Drivers/STM32F4xx_HAL_Driver/Src/stm32f4xx_hal_rcc_ex.o
LOAD ./Drivers/STM32F4xx_HAL_Driver/Src/stm32f4xx_hal_tim.o
LOAD ./Drivers/STM32F4xx_HAL_Driver/Src/stm32f4xx_hal_tim_ex.o
LOAD ./Drivers/STM32F4xx_HAL_Driver/Src/stm32f4xx_hal_uart.o
LOAD ./Middlewares/Third_Party/FreeRTOS/Source/CMSIS_RTOS_V2/cmsis_os2.o
LOAD ./Middlewares/Third_Party/FreeRTOS/Source/croutine.o
LOAD ./Middlewares/Third_Party/FreeRTOS/Source/event_groups.o
LOAD ./Middlewares/Third_Party/FreeRTOS/Source/list.o
LOAD ./Middlewares/Third_Party/FreeRTOS/Source/queue.o
LOAD ./Middlewares/Third_Party/FreeRTOS/Source/stream_buffer.o
LOAD ./Middlewares/Third_Party/FreeRTOS/Source/tasks.o
LOAD ./Middlewares/Third_Party/FreeRTOS/Source/timers.o
LOAD ./Middlewares/Third_Party/FreeRTOS/Source/portable/GCC/ARM_CM4F/port.o
LOAD ./Middlewares/Third_Party/FreeRTOS/Source/portable/MemMang/heap_4.o
START GROUP
LOAD C:/ST/STM32CubeIDE_1.19.0/STM32CubeIDE/plugins/com.st.stm32cube.ide.mcu.externaltools.gnu-tools-for-stm32.13.3.rel1.win32_1.0.0.202411081344/tools/bin/../lib/gcc/arm-none-eabi/13.3.1/../../../../arm-none-eabi/lib/thumb/v7e-m+fp/hard\libc_nano.a
LOAD C:/ST/STM32CubeIDE_1.19.0/STM32CubeIDE/plugins/com.st.stm32cube.ide.mcu.externaltools.gnu-tools-for-stm32.13.3.rel1.win32_1.0.0.202411081344/tools/bin/../lib/gcc/arm-none-eabi/13.3.1/../../../../arm-none-eabi/lib/thumb/v7e-m+fp/hard\libm.a
END GROUP
START GROUP
LOAD C:/ST/STM32CubeIDE_1.19.0/STM32CubeIDE/plugins/com.st.stm32cube.ide.mcu.externaltools.gnu-tools-for-stm32.13.3.rel1.win32_1.0.0.202411081344/tools/bin/../lib/gcc/arm-none-eabi/13.3.1/thumb/v7e-m+fp/hard\libgcc.a
LOAD C:/ST/STM32CubeIDE_1.19.0/STM32CubeIDE/plugins/com.st.stm32cube.ide.mcu.externaltools.gnu-tools-for-stm32.13.3.rel1.win32_1.0.0.202411081344/tools/bin/../lib/gcc/arm-none-eabi/13.3.1/../../../../arm-none-eabi/lib/thumb/v7e-m+fp/hard\libc_nano.a
END GROUP
START GROUP
LOAD C:/ST/STM32CubeIDE_1.19.0/STM32CubeIDE/plugins/com.st.stm32cube.ide.mcu.externaltools.gnu-tools-for-stm32.13.3.rel1.win32_1.0.0.202411081344/tools/bin/../lib/gcc/arm-none-eabi/13.3.1/thumb/v7e-m+fp/hard\libgcc.a
LOAD C:/ST/STM32CubeIDE_1.19.0/STM32CubeIDE/plugins/com.st.stm32cube.ide.mcu.externaltools.gnu-tools-for-stm32.13.3.rel1.win32_1.0.0.202411081344/tools/bin/../lib/gcc/arm-none-eabi/13.3.1/../../../../arm-none-eabi/lib/thumb/v7e-m+fp/hard\libc_nano.a
LOAD C:/ST/STM32CubeIDE_1.19.0/STM32CubeIDE/plugins/com.st.stm32cube.ide.mcu.externaltools.gnu-tools-for-stm32.13.3.rel1.win32_1.0.0.202411081344/tools/bin/../lib/gcc/arm-none-eabi/13.3.1/../../../../arm-none-eabi/lib/thumb/v7e-m+fp/hard\libnosys.a
END GROUP
START GROUP
LOAD C:/ST/STM32CubeIDE_1.19.0/STM32CubeIDE/plugins/com.st.stm32cube.ide.mcu.externaltools.gnu-tools-for-stm32.13.3.rel1.win32_1.0.0.202411081344/tools/bin/../lib/gcc/arm-none-eabi/13.3.1/thumb/v7e-m+fp/hard\libgcc.a
LOAD C:/ST/STM32CubeIDE_1.19.0/STM32CubeIDE/plugins/com.st.stm32cube.ide.mcu.externaltools.gnu-tools-for-stm32.13.3.rel1.win32_1.0.0.202411081344/tools/bin/../lib/gcc/arm-none-eabi/13.3.1/../../../../arm-none-eabi/lib/thumb/v7e-m+fp/hard\libc_nano.a
LOAD C:/ST/STM32CubeIDE_1.19.0/STM32CubeIDE/plugins/com.st.stm32cube.ide.mcu.externaltools.gnu-tools-for-stm32.13.3.rel1.win32_1.0.0.202411081344/tools/bin/../lib/gcc/arm-none-eabi/13.3.1/../../../../arm-none-eabi/lib/thumb/v7e-m+fp/hard\libnosys.a
END GROUP
LOAD C:/ST/STM32CubeIDE_1.19.0/STM32CubeIDE/plugins/com.st.stm32cube.ide.mcu.externaltools.gnu-tools-for-stm32.13.3.rel1.win32_1.0.0.202411081344/tools/bin/../lib/gcc/arm-none-eabi/13.3.1/thumb/v7e-m+fp/hard/crtend.o
LOAD C:/ST/STM32CubeIDE_1.19.0/STM32CubeIDE/plugins/com.st.stm32cube.ide.mcu.externaltools.gnu-tools-for-stm32.13.3.rel1.win32_1.0.0.202411081344/tools/bin/../lib/gcc/arm-none-eabi/13.3.1/thumb/v7e-m+fp/hard/crtn.o
                0x20020000                        _estack = (ORIGIN (RAM) + LENGTH (RAM))
                0x00000200                        _Min_Heap_Size = 0x200
                0x00000400                        _Min_Stack_Size = 0x400

.isr_vector     0x08000000      0x198
                0x08000000                        . = ALIGN (0x4)
 *(.isr_vector)
 .isr_vector    0x08000000      0x198 ./Core/Startup/startup_stm32f411retx.o
                0x08000000                g_pfnVectors
                0x08000198                        . = ALIGN (0x4)

.text           0x080001a0     0x67a0
                0x080001a0                        . = ALIGN (0x4)
 *(.text)
 .text          0x080001a0       0x40 C:/ST/STM32CubeIDE_1.19.0/STM32CubeIDE/plugins/com.st.stm32cube.ide.mcu.externaltools.gnu-tools-for-stm32.13.3.rel1.win32_1.0.0.202411081344/tools/bin/../lib/gcc/arm-none-eabi/13.3.1/thumb/v7e-m+fp/hard/crtbegin.o
 .text          0x080001e0       0x30 C:/ST/STM32CubeIDE_1.19.0/STM32CubeIDE/plugins/com.st.stm32cube.ide.mcu.externaltools.gnu-tools-for-stm32.13.3.rel1.win32_1.0.0.202411081344/tools/bin/../lib/gcc/arm-none-eabi/13.3.1/thumb/v7e-m+fp/hard\libgcc.a(_aeabi_uldivmod.o)
                0x080001e0                __aeabi_uldivmod
 .text          0x08000210      0x2f8 C:/ST/STM32CubeIDE_1.19.0/STM32CubeIDE/plugins/com.st.stm32cube.ide.mcu.externaltools.gnu-tools-for-stm32.13.3.rel1.win32_1.0.0.202411081344/tools/bin/../lib/gcc/arm-none-eabi/13.3.1/thumb/v7e-m+fp/hard\libgcc.a(_udivmoddi4.o)
                0x08000210                __udivmoddi4
 .text          0x08000508        0x4 C:/ST/STM32CubeIDE_1.19.0/STM32CubeIDE/plugins/com.st.stm32cube.ide.mcu.externaltools.gnu-tools-for-stm32.13.3.rel1.win32_1.0.0.202411081344/tools/bin/../lib/gcc/arm-none-eabi/13.3.1/thumb/v7e-m+fp/hard\libgcc.a(_dvmd_tls.o)
                0x08000508                __aeabi_idiv0
                0x08000508                __aeabi_ldiv0
 *(.text*)
 .text.Read_Vert_Button
                0x0800050c       0x20 ./Core/Src/crane_io.o
                0x0800050c                Read_Vert_Button
 .text.Read_Rot_Button
                0x0800052c       0x24 ./Core/Src/crane_io.o
                0x0800052c                Read_Rot_Button
 .text.Read_Vert_Switch
                0x08000550       0x20 ./Core/Src/crane_io.o
                0x08000550                Read_Vert_Switch
 .text.Read_Rot_Switch
                0x08000570       0x20 ./Core/Src/crane_io.o
                0x08000570                Read_Rot_Switch
 .text.MX_FREERTOS_Init
                0x08000590       0x64 ./Core/Src/freertos.o
                0x08000590                MX_FREERTOS_Init
 .text.StartDefaultTask
                0x080005f4       0x10 ./Core/Src/freertos.o
                0x080005f4                StartDefaultTask
 .text.MX_GPIO_Init
                0x08000604      0x180 ./Core/Src/gpio.o
                0x08000604                MX_GPIO_Init
 .text.HCSR04_Init
                0x08000784       0x14 ./Core/Src/hcsr04.o
                0x08000784                HCSR04_Init
 .text.HCSR04_ReadDistanceCm
                0x08000798       0xf8 ./Core/Src/hcsr04.o
                0x08000798                HCSR04_ReadDistanceCm
 .text.main     0x08000890       0x34 ./Core/Src/main.o
                0x08000890                main
 .text.SystemClock_Config
                0x080008c4       0xd4 ./Core/Src/main.o
                0x080008c4                SystemClock_Config
 .text.HAL_TIM_PeriodElapsedCallback
                0x08000998       0x24 ./Core/Src/main.o
                0x08000998                HAL_TIM_PeriodElapsedCallback
 .text.Error_Handler
                0x080009bc        0xc ./Core/Src/main.o
                0x080009bc                Error_Handler
 .text.vert_motor_controller_task
                0x080009c8       0x98 ./Core/Src/motor_tasks.o
                0x080009c8                vert_motor_controller_task
 .text.rot_motor_controller_task
                0x08000a60       0x58 ./Core/Src/motor_tasks.o
                0x08000a60                rot_motor_controller_task
 .text.VertServo_Init
                0x08000ab8       0x1c ./Core/Src/servo.o
                0x08000ab8                VertServo_Init
 .text.RotServo_Init
                0x08000ad4       0x1c ./Core/Src/servo.o
                0x08000ad4                RotServo_Init
 .text.Servo_WriteUs
                0x08000af0       0x72 ./Core/Src/servo.o
 *fill*         0x08000b62        0x2 
 .text.VertServo_SetPulseUs
                0x08000b64       0x2c ./Core/Src/servo.o
                0x08000b64                VertServo_SetPulseUs
 .text.RotServo_SetPulseUs
                0x08000b90       0x2c ./Core/Src/servo.o
                0x08000b90                RotServo_SetPulseUs
 .text.HAL_MspInit
                0x08000bbc       0x58 ./Core/Src/stm32f4xx_hal_msp.o
                0x08000bbc                HAL_MspInit
 .text.HAL_InitTick
                0x08000c14       0xf8 ./Core/Src/stm32f4xx_hal_timebase_tim.o
                0x08000c14                HAL_InitTick
 .text.NMI_Handler
                0x08000d0c        0x8 ./Core/Src/stm32f4xx_it.o
                0x08000d0c                NMI_Handler
 .text.HardFault_Handler
                0x08000d14        0x8 ./Core/Src/stm32f4xx_it.o
                0x08000d14                HardFault_Handler
 .text.MemManage_Handler
                0x08000d1c        0x8 ./Core/Src/stm32f4xx_it.o
                0x08000d1c                MemManage_Handler
 .text.BusFault_Handler
                0x08000d24        0x8 ./Core/Src/stm32f4xx_it.o
                0x08000d24                BusFault_Handler
 .text.UsageFault_Handler
                0x08000d2c        0x8 ./Core/Src/stm32f4xx_it.o
                0x08000d2c                UsageFault_Handler
 .text.DebugMon_Handler
                0x08000d34        0xe ./Core/Src/stm32f4xx_it.o
                0x08000d34                DebugMon_Handler
 *fill*         0x08000d42        0x2 
 .text.TIM2_IRQHandler
                0x08000d44       0x14 ./Core/Src/stm32f4xx_it.o
                0x08000d44                TIM2_IRQHandler
 .text.TIM4_IRQHandler
                0x08000d58       0x14 ./Core/Src/stm32f4xx_it.o
                0x08000d58                TIM4_IRQHandler
 .text.EXTI15_10_IRQHandler
                0x08000d6c       0x10 ./Core/Src/stm32f4xx_it.o
                0x08000d6c                EXTI15_10_IRQHandler
 .text.SystemInit
                0x08000d7c       0x24 ./Core/Src/system_stm32f4xx.o
                0x08000d7c                SystemInit
 .text.MX_TIM1_Init
                0x08000da0      0x158 ./Core/Src/tim.o
                0x08000da0                MX_TIM1_Init
 .text.MX_TIM2_Init
                0x08000ef8       0x98 ./Core/Src/tim.o
                0x08000ef8                MX_TIM2_Init
 .text.MX_TIM3_Init
                0x08000f90      0x100 ./Core/Src/tim.o
                0x08000f90                MX_TIM3_Init
 .text.HAL_TIM_Base_MspInit
                0x08001090       0xa4 ./Core/Src/tim.o
                0x08001090                HAL_TIM_Base_MspInit
 .text.HAL_TIM_MspPostInit
                0x08001134       0xc4 ./Core/Src/tim.o
                0x08001134                HAL_TIM_MspPostInit
 .text.MX_USART2_UART_Init
                0x080011f8       0x54 ./Core/Src/usart.o
                0x080011f8                MX_USART2_UART_Init
 .text.HAL_UART_MspInit
                0x0800124c       0x90 ./Core/Src/usart.o
                0x0800124c                HAL_UART_MspInit
 .text.Reset_Handler
                0x080012dc       0x50 ./Core/Startup/startup_stm32f411retx.o
                0x080012dc                Reset_Handler
 .text.Default_Handler
                0x0800132c        0x2 ./Core/Startup/startup_stm32f411retx.o
                0x0800132c                RTC_Alarm_IRQHandler
                0x0800132c                EXTI2_IRQHandler
                0x0800132c                SPI4_IRQHandler
                0x0800132c                TIM1_CC_IRQHandler
                0x0800132c                DMA2_Stream5_IRQHandler
                0x0800132c                DMA1_Stream5_IRQHandler
                0x0800132c                PVD_IRQHandler
                0x0800132c                SDIO_IRQHandler
                0x0800132c                TAMP_STAMP_IRQHandler
                0x0800132c                EXTI3_IRQHandler
                0x0800132c                TIM1_UP_TIM10_IRQHandler
                0x0800132c                I2C3_ER_IRQHandler
                0x0800132c                EXTI0_IRQHandler
                0x0800132c                I2C2_EV_IRQHandler
                0x0800132c                DMA1_Stream2_IRQHandler
                0x0800132c                FPU_IRQHandler
                0x0800132c                DMA2_Stream2_IRQHandler
                0x0800132c                SPI1_IRQHandler
                0x0800132c                TIM1_BRK_TIM9_IRQHandler
                0x0800132c                DMA2_Stream3_IRQHandler
                0x0800132c                USART6_IRQHandler
                0x0800132c                DMA2_Stream0_IRQHandler
                0x0800132c                I2C1_EV_IRQHandler
                0x0800132c                DMA1_Stream6_IRQHandler
                0x0800132c                DMA1_Stream1_IRQHandler
                0x0800132c                TIM3_IRQHandler
                0x0800132c                RCC_IRQHandler
                0x0800132c                Default_Handler
                0x0800132c                ADC_IRQHandler
                0x0800132c                DMA1_Stream7_IRQHandler
                0x0800132c                SPI5_IRQHandler
                0x0800132c                TIM5_IRQHandler
                0x0800132c                DMA2_Stream7_IRQHandler
                0x0800132c                I2C3_EV_IRQHandler
                0x0800132c                EXTI9_5_IRQHandler
                0x0800132c                RTC_WKUP_IRQHandler
                0x0800132c                SPI2_IRQHandler
                0x0800132c                DMA1_Stream0_IRQHandler
                0x0800132c                EXTI4_IRQHandler
                0x0800132c                WWDG_IRQHandler
                0x0800132c                OTG_FS_WKUP_IRQHandler
                0x0800132c                TIM1_TRG_COM_TIM11_IRQHandler
                0x0800132c                EXTI1_IRQHandler
                0x0800132c                USART2_IRQHandler
                0x0800132c                I2C2_ER_IRQHandler
                0x0800132c                DMA2_Stream1_IRQHandler
                0x0800132c                FLASH_IRQHandler
                0x0800132c                DMA2_Stream4_IRQHandler
                0x0800132c                USART1_IRQHandler
                0x0800132c                OTG_FS_IRQHandler
                0x0800132c                SPI3_IRQHandler
                0x0800132c                DMA1_Stream4_IRQHandler
                0x0800132c                I2C1_ER_IRQHandler
                0x0800132c                DMA2_Stream6_IRQHandler
                0x0800132c                DMA1_Stream3_IRQHandler
 *fill*         0x0800132e        0x2 
 .text.HAL_Init
                0x08001330       0x44 ./Drivers/STM32F4xx_HAL_Driver/Src/stm32f4xx_hal.o
                0x08001330                HAL_Init
 .text.HAL_IncTick
                0x08001374       0x28 ./Drivers/STM32F4xx_HAL_Driver/Src/stm32f4xx_hal.o
                0x08001374                HAL_IncTick
 .text.HAL_GetTick
                0x0800139c       0x18 ./Drivers/STM32F4xx_HAL_Driver/Src/stm32f4xx_hal.o
                0x0800139c                HAL_GetTick
 .text.HAL_Delay
                0x080013b4       0x48 ./Drivers/STM32F4xx_HAL_Driver/Src/stm32f4xx_hal.o
                0x080013b4                HAL_Delay
 .text.__NVIC_SetPriorityGrouping
                0x080013fc       0x48 ./Drivers/STM32F4xx_HAL_Driver/Src/stm32f4xx_hal_cortex.o
 .text.__NVIC_GetPriorityGrouping
                0x08001444       0x1c ./Drivers/STM32F4xx_HAL_Driver/Src/stm32f4xx_hal_cortex.o
 .text.__NVIC_EnableIRQ
                0x08001460       0x3c ./Drivers/STM32F4xx_HAL_Driver/Src/stm32f4xx_hal_cortex.o
 .text.__NVIC_SetPriority
                0x0800149c       0x54 ./Drivers/STM32F4xx_HAL_Driver/Src/stm32f4xx_hal_cortex.o
 .text.NVIC_EncodePriority
                0x080014f0       0x66 ./Drivers/STM32F4xx_HAL_Driver/Src/stm32f4xx_hal_cortex.o
 .text.HAL_NVIC_SetPriorityGrouping
                0x08001556       0x16 ./Drivers/STM32F4xx_HAL_Driver/Src/stm32f4xx_hal_cortex.o
                0x08001556                HAL_NVIC_SetPriorityGrouping
 .text.HAL_NVIC_SetPriority
                0x0800156c       0x38 ./Drivers/STM32F4xx_HAL_Driver/Src/stm32f4xx_hal_cortex.o
                0x0800156c                HAL_NVIC_SetPriority
 .text.HAL_NVIC_EnableIRQ
                0x080015a4       0x1c ./Drivers/STM32F4xx_HAL_Driver/Src/stm32f4xx_hal_cortex.o
                0x080015a4                HAL_NVIC_EnableIRQ
 .text.HAL_GPIO_Init
                0x080015c0      0x308 ./Drivers/STM32F4xx_HAL_Driver/Src/stm32f4xx_hal_gpio.o
                0x080015c0                HAL_GPIO_Init
 .text.HAL_GPIO_ReadPin
                0x080018c8       0x30 ./Drivers/STM32F4xx_HAL_Driver/Src/stm32f4xx_hal_gpio.o
                0x080018c8                HAL_GPIO_ReadPin
 .text.HAL_GPIO_WritePin
                0x080018f8       0x32 ./Drivers/STM32F4xx_HAL_Driver/Src/stm32f4xx_hal_gpio.o
                0x080018f8                HAL_GPIO_WritePin
 *fill*         0x0800192a        0x2 
 .text.HAL_GPIO_EXTI_IRQHandler
                0x0800192c       0x30 ./Drivers/STM32F4xx_HAL_Driver/Src/stm32f4xx_hal_gpio.o
                0x0800192c                HAL_GPIO_EXTI_IRQHandler
 .text.HAL_GPIO_EXTI_Callback
                0x0800195c       0x16 ./Drivers/STM32F4xx_HAL_Driver/Src/stm32f4xx_hal_gpio.o
                0x0800195c                HAL_GPIO_EXTI_Callback
 *fill*         0x08001972        0x2 
 .text.HAL_RCC_OscConfig
                0x08001974      0x4f0 ./Drivers/STM32F4xx_HAL_Driver/Src/stm32f4xx_hal_rcc.o
                0x08001974                HAL_RCC_OscConfig
 .text.HAL_RCC_ClockConfig
                0x08001e64      0x1cc ./Drivers/STM32F4xx_HAL_Driver/Src/stm32f4xx_hal_rcc.o
                0x08001e64                HAL_RCC_ClockConfig
 .text.HAL_RCC_GetSysClockFreq
                0x08002030      0x20c ./Drivers/STM32F4xx_HAL_Driver/Src/stm32f4xx_hal_rcc.o
                0x08002030                HAL_RCC_GetSysClockFreq
 .text.HAL_RCC_GetHCLKFreq
                0x0800223c       0x18 ./Drivers/STM32F4xx_HAL_Driver/Src/stm32f4xx_hal_rcc.o
                0x0800223c                HAL_RCC_GetHCLKFreq
 .text.HAL_RCC_GetPCLK1Freq
                0x08002254       0x28 ./Drivers/STM32F4xx_HAL_Driver/Src/stm32f4xx_hal_rcc.o
                0x08002254                HAL_RCC_GetPCLK1Freq
 .text.HAL_RCC_GetPCLK2Freq
                0x0800227c       0x28 ./Drivers/STM32F4xx_HAL_Driver/Src/stm32f4xx_hal_rcc.o
                0x0800227c                HAL_RCC_GetPCLK2Freq
 .text.HAL_RCC_GetClockConfig
                0x080022a4       0x64 ./Drivers/STM32F4xx_HAL_Driver/Src/stm32f4xx_hal_rcc.o
                0x080022a4                HAL_RCC_GetClockConfig
 .text.HAL_TIM_Base_Init
                0x08002308       0x9e ./Drivers/STM32F4xx_HAL_Driver/Src/stm32f4xx_hal_tim.o
                0x08002308                HAL_TIM_Base_Init
 *fill*         0x080023a6        0x2 
 .text.HAL_TIM_Base_Start
                0x080023a8       0xb4 ./Drivers/STM32F4xx_HAL_Driver/Src/stm32f4xx_hal_tim.o
                0x080023a8                HAL_TIM_Base_Start
 .text.HAL_TIM_Base_Start_IT
                0x0800245c       0xc4 ./Drivers/STM32F4xx_HAL_Driver/Src/stm32f4xx_hal_tim.o
                0x0800245c                HAL_TIM_Base_Start_IT
 .text.HAL_TIM_OC_Init
                0x08002520       0x9e ./Drivers/STM32F4xx_HAL_Driver/Src/stm32f4xx_hal_tim.o
                0x08002520                HAL_TIM_OC_Init
 .text.HAL_TIM_OC_MspInit
                0x080025be       0x14 ./Drivers/STM32F4xx_HAL_Driver/Src/stm32f4xx_hal_tim.o
                0x080025be                HAL_TIM_OC_MspInit
 .text.HAL_TIM_PWM_Init
                0x080025d2       0x9e ./Drivers/STM32F4xx_HAL_Driver/Src/stm32f4xx_hal_tim.o
                0x080025d2                HAL_TIM_PWM_Init
 .text.HAL_TIM_PWM_MspInit
                0x08002670       0x14 ./Drivers/STM32F4xx_HAL_Driver/Src/stm32f4xx_hal_tim.o
                0x08002670                HAL_TIM_PWM_MspInit
 .text.HAL_TIM_PWM_Start
                0x08002684      0x160 ./Drivers/STM32F4xx_HAL_Driver/Src/stm32f4xx_hal_tim.o
                0x08002684                HAL_TIM_PWM_Start
 .text.HAL_TIM_OnePulse_Init
                0x080027e4       0xa0 ./Drivers/STM32F4xx_HAL_Driver/Src/stm32f4xx_hal_tim.o
                0x080027e4                HAL_TIM_OnePulse_Init
 .text.HAL_TIM_OnePulse_MspInit
                0x08002884       0x14 ./Drivers/STM32F4xx_HAL_Driver/Src/stm32f4xx_hal_tim.o
                0x08002884                HAL_TIM_OnePulse_MspInit
 .text.HAL_TIM_IRQHandler
                0x08002898      0x1e0 ./Drivers/STM32F4xx_HAL_Driver/Src/stm32f4xx_hal_tim.o
                0x08002898                HAL_TIM_IRQHandler
 .text.HAL_TIM_OC_ConfigChannel
                0x08002a78       0xb8 ./Drivers/STM32F4xx_HAL_Driver/Src/stm32f4xx_hal_tim.o
                0x08002a78                HAL_TIM_OC_ConfigChannel
 .text.HAL_TIM_PWM_ConfigChannel
                0x08002b30      0x184 ./Drivers/STM32F4xx_HAL_Driver/Src/stm32f4xx_hal_tim.o
                0x08002b30                HAL_TIM_PWM_ConfigChannel
 .text.HAL_TIM_ConfigClockSource
                0x08002cb4      0x18e ./Drivers/STM32F4xx_HAL_Driver/Src/stm32f4xx_hal_tim.o
                0x08002cb4                HAL_TIM_ConfigClockSource
 .text.HAL_TIM_OC_DelayElapsedCallback
                0x08002e42       0x14 ./Drivers/STM32F4xx_HAL_Driver/Src/stm32f4xx_hal_tim.o
                0x08002e42                HAL_TIM_OC_DelayElapsedCallback
 .text.HAL_TIM_IC_CaptureCallback
                0x08002e56       0x14 ./Drivers/STM32F4xx_HAL_Driver/Src/stm32f4xx_hal_tim.o
                0x08002e56                HAL_TIM_IC_CaptureCallback
 .text.HAL_TIM_PWM_PulseFinishedCallback
                0x08002e6a       0x14 ./Drivers/STM32F4xx_HAL_Driver/Src/stm32f4xx_hal_tim.o
                0x08002e6a                HAL_TIM_PWM_PulseFinishedCallback
 .text.HAL_TIM_TriggerCallback
                0x08002e7e       0x14 ./Drivers/STM32F4xx_HAL_Driver/Src/stm32f4xx_hal_tim.o
                0x08002e7e                HAL_TIM_TriggerCallback
 *fill*         0x08002e92        0x2 
 .text.TIM_Base_SetConfig
                0x08002e94      0x10c ./Drivers/STM32F4xx_HAL_Driver/Src/stm32f4xx_hal_tim.o
                0x08002e94                TIM_Base_SetConfig
 .text.TIM_OC1_SetConfig
                0x08002fa0       0xcc ./Drivers/STM32F4xx_HAL_Driver/Src/stm32f4xx_hal_tim.o
 .text.TIM_OC2_SetConfig
                0x0800306c       0xd8 ./Drivers/STM32F4xx_HAL_Driver/Src/stm32f4xx_hal_tim.o
                0x0800306c                TIM_OC2_SetConfig
 .text.TIM_OC3_SetConfig
                0x08003144       0xd4 ./Drivers/STM32F4xx_HAL_Driver/Src/stm32f4xx_hal_tim.o
 .text.TIM_OC4_SetConfig
                0x08003218       0xa0 ./Drivers/STM32F4xx_HAL_Driver/Src/stm32f4xx_hal_tim.o
 .text.TIM_TI1_ConfigInputStage
                0x080032b8       0x5e ./Drivers/STM32F4xx_HAL_Driver/Src/stm32f4xx_hal_tim.o
 .text.TIM_TI2_ConfigInputStage
                0x08003316       0x60 ./Drivers/STM32F4xx_HAL_Driver/Src/stm32f4xx_hal_tim.o
 .text.TIM_ITRx_SetConfig
                0x08003376       0x36 ./Drivers/STM32F4xx_HAL_Driver/Src/stm32f4xx_hal_tim.o
 .text.TIM_ETR_SetConfig
                0x080033ac       0x40 ./Drivers/STM32F4xx_HAL_Driver/Src/stm32f4xx_hal_tim.o
                0x080033ac                TIM_ETR_SetConfig
 .text.TIM_CCxChannelCmd
                0x080033ec       0x4a ./Drivers/STM32F4xx_HAL_Driver/Src/stm32f4xx_hal_tim.o
                0x080033ec                TIM_CCxChannelCmd
 *fill*         0x08003436        0x2 
 .text.HAL_TIMEx_MasterConfigSynchronization
                0x08003438       0xdc ./Drivers/STM32F4xx_HAL_Driver/Src/stm32f4xx_hal_tim_ex.o
                0x08003438                HAL_TIMEx_MasterConfigSynchronization
 .text.HAL_TIMEx_ConfigBreakDeadTime
                0x08003514       0xa4 ./Drivers/STM32F4xx_HAL_Driver/Src/stm32f4xx_hal_tim_ex.o
                0x08003514                HAL_TIMEx_ConfigBreakDeadTime
 .text.HAL_TIMEx_CommutCallback
                0x080035b8       0x14 ./Drivers/STM32F4xx_HAL_Driver/Src/stm32f4xx_hal_tim_ex.o
                0x080035b8                HAL_TIMEx_CommutCallback
 .text.HAL_TIMEx_BreakCallback
                0x080035cc       0x14 ./Drivers/STM32F4xx_HAL_Driver/Src/stm32f4xx_hal_tim_ex.o
                0x080035cc                HAL_TIMEx_BreakCallback
 .text.HAL_UART_Init
                0x080035e0       0xa0 ./Drivers/STM32F4xx_HAL_Driver/Src/stm32f4xx_hal_uart.o
                0x080035e0                HAL_UART_Init
 .text.UART_SetConfig
                0x08003680      0x4e8 ./Drivers/STM32F4xx_HAL_Driver/Src/stm32f4xx_hal_uart.o
 .text.__NVIC_SetPriority
                0x08003b68       0x54 ./Middlewares/Third_Party/FreeRTOS/Source/CMSIS_RTOS_V2/cmsis_os2.o
 .text.SysTick_Handler
                0x08003bbc       0x20 ./Middlewares/Third_Party/FreeRTOS/Source/CMSIS_RTOS_V2/cmsis_os2.o
                0x08003bbc                SysTick_Handler
 .text.SVC_Setup
                0x08003bdc       0x12 ./Middlewares/Third_Party/FreeRTOS/Source/CMSIS_RTOS_V2/cmsis_os2.o
 *fill*         0x08003bee        0x2 
 .text.osKernelInitialize
                0x08003bf0       0x48 ./Middlewares/Third_Party/FreeRTOS/Source/CMSIS_RTOS_V2/cmsis_os2.o
                0x08003bf0                osKernelInitialize
 .text.osKernelStart
                0x08003c38       0x4c ./Middlewares/Third_Party/FreeRTOS/Source/CMSIS_RTOS_V2/cmsis_os2.o
                0x08003c38                osKernelStart
 .text.osThreadNew
                0x08003c84      0x124 ./Middlewares/Third_Party/FreeRTOS/Source/CMSIS_RTOS_V2/cmsis_os2.o
                0x08003c84                osThreadNew
 .text.osDelay  0x08003da8       0x36 ./Middlewares/Third_Party/FreeRTOS/Source/CMSIS_RTOS_V2/cmsis_os2.o
                0x08003da8                osDelay
 *fill*         0x08003dde        0x2 
 .text.vApplicationGetIdleTaskMemory
                0x08003de0       0x34 ./Middlewares/Third_Party/FreeRTOS/Source/CMSIS_RTOS_V2/cmsis_os2.o
                0x08003de0                vApplicationGetIdleTaskMemory
 .text.vApplicationGetTimerTaskMemory
                0x08003e14       0x34 ./Middlewares/Third_Party/FreeRTOS/Source/CMSIS_RTOS_V2/cmsis_os2.o
                0x08003e14                vApplicationGetTimerTaskMemory
 .text.vListInitialise
                0x08003e48       0x40 ./Middlewares/Third_Party/FreeRTOS/Source/list.o
                0x08003e48                vListInitialise
 .text.vListInitialiseItem
                0x08003e88       0x1a ./Middlewares/Third_Party/FreeRTOS/Source/list.o
                0x08003e88                vListInitialiseItem
 .text.vListInsertEnd
                0x08003ea2       0x48 ./Middlewares/Third_Party/FreeRTOS/Source/list.o
                0x08003ea2                vListInsertEnd
 .text.vListInsert
                0x08003eea       0x72 ./Middlewares/Third_Party/FreeRTOS/Source/list.o
                0x08003eea                vListInsert
 .text.uxListRemove
                0x08003f5c       0x54 ./Middlewares/Third_Party/FreeRTOS/Source/list.o
                0x08003f5c                uxListRemove
 .text.xQueueGenericReset
                0x08003fb0       0xd4 ./Middlewares/Third_Party/FreeRTOS/Source/queue.o
                0x08003fb0                xQueueGenericReset
 .text.xQueueGenericCreateStatic
                0x08004084       0xfa ./Middlewares/Third_Party/FreeRTOS/Source/queue.o
                0x08004084                xQueueGenericCreateStatic
 .text.prvInitialiseNewQueue
                0x0800417e       0x46 ./Middlewares/Third_Party/FreeRTOS/Source/queue.o
 .text.xQueueGenericSend
                0x080041c4      0x204 ./Middlewares/Third_Party/FreeRTOS/Source/queue.o
                0x080041c4                xQueueGenericSend
 .text.xQueueGenericSendFromISR
                0x080043c8      0x13c ./Middlewares/Third_Party/FreeRTOS/Source/queue.o
                0x080043c8                xQueueGenericSendFromISR
 .text.xQueueReceive
                0x08004504      0x1c4 ./Middlewares/Third_Party/FreeRTOS/Source/queue.o
                0x08004504                xQueueReceive
 .text.prvCopyDataToQueue
                0x080046c8       0xd4 ./Middlewares/Third_Party/FreeRTOS/Source/queue.o
 .text.prvCopyDataFromQueue
                0x0800479c       0x4c ./Middlewares/Third_Party/FreeRTOS/Source/queue.o
 .text.prvUnlockQueue
                0x080047e8       0xa4 ./Middlewares/Third_Party/FreeRTOS/Source/queue.o
 .text.prvIsQueueEmpty
                0x0800488c       0x2c ./Middlewares/Third_Party/FreeRTOS/Source/queue.o
 .text.prvIsQueueFull
                0x080048b8       0x30 ./Middlewares/Third_Party/FreeRTOS/Source/queue.o
 .text.vQueueAddToRegistry
                0x080048e8       0x54 ./Middlewares/Third_Party/FreeRTOS/Source/queue.o
                0x080048e8                vQueueAddToRegistry
 .text.vQueueWaitForMessageRestricted
                0x0800493c       0x68 ./Middlewares/Third_Party/FreeRTOS/Source/queue.o
                0x0800493c                vQueueWaitForMessageRestricted
 .text.xTaskCreateStatic
                0x080049a4       0xc0 ./Middlewares/Third_Party/FreeRTOS/Source/tasks.o
                0x080049a4                xTaskCreateStatic
 .text.xTaskCreate
                0x08004a64       0x8a ./Middlewares/Third_Party/FreeRTOS/Source/tasks.o
                0x08004a64                xTaskCreate
 *fill*         0x08004aee        0x2 
 .text.prvInitialiseNewTask
                0x08004af0      0x150 ./Middlewares/Third_Party/FreeRTOS/Source/tasks.o
 .text.prvAddNewTaskToReadyList
                0x08004c40       0xe0 ./Middlewares/Third_Party/FreeRTOS/Source/tasks.o
 .text.vTaskDelay
                0x08004d20       0x6c ./Middlewares/Third_Party/FreeRTOS/Source/tasks.o
                0x08004d20                vTaskDelay
 .text.vTaskStartScheduler
                0x08004d8c       0xe0 ./Middlewares/Third_Party/FreeRTOS/Source/tasks.o
                0x08004d8c                vTaskStartScheduler
 .text.vTaskSuspendAll
                0x08004e6c       0x1c ./Middlewares/Third_Party/FreeRTOS/Source/tasks.o
                0x08004e6c                vTaskSuspendAll
 .text.xTaskResumeAll
                0x08004e88      0x13c ./Middlewares/Third_Party/FreeRTOS/Source/tasks.o
                0x08004e88                xTaskResumeAll
 .text.xTaskGetTickCount
                0x08004fc4       0x20 ./Middlewares/Third_Party/FreeRTOS/Source/tasks.o
                0x08004fc4                xTaskGetTickCount
 .text.xTaskIncrementTick
                0x08004fe4      0x174 ./Middlewares/Third_Party/FreeRTOS/Source/tasks.o
                0x08004fe4                xTaskIncrementTick
 .text.vTaskSwitchContext
                0x08005158       0xcc ./Middlewares/Third_Party/FreeRTOS/Source/tasks.o
                0x08005158                vTaskSwitchContext
 .text.vTaskPlaceOnEventList
                0x08005224       0x4c ./Middlewares/Third_Party/FreeRTOS/Source/tasks.o
                0x08005224                vTaskPlaceOnEventList
 .text.vTaskPlaceOnEventListRestricted
                0x08005270       0x58 ./Middlewares/Third_Party/FreeRTOS/Source/tasks.o
                0x08005270                vTaskPlaceOnEventListRestricted
 .text.xTaskRemoveFromEventList
                0x080052c8       0xc8 ./Middlewares/Third_Party/FreeRTOS/Source/tasks.o
                0x080052c8                xTaskRemoveFromEventList
 .text.vTaskInternalSetTimeOutState
                0x08005390       0x2c ./Middlewares/Third_Party/FreeRTOS/Source/tasks.o
                0x08005390                vTaskInternalSetTimeOutState
 .text.xTaskCheckForTimeOut
                0x080053bc       0xc8 ./Middlewares/Third_Party/FreeRTOS/Source/tasks.o
                0x080053bc                xTaskCheckForTimeOut
 .text.vTaskMissedYield
                0x08005484       0x18 ./Middlewares/Third_Party/FreeRTOS/Source/tasks.o
                0x08005484                vTaskMissedYield
 .text.prvIdleTask
                0x0800549c       0x30 ./Middlewares/Third_Party/FreeRTOS/Source/tasks.o
 .text.prvInitialiseTaskLists
                0x080054cc       0x80 ./Middlewares/Third_Party/FreeRTOS/Source/tasks.o
 .text.prvCheckTasksWaitingTermination
                0x0800554c       0x5c ./Middlewares/Third_Party/FreeRTOS/Source/tasks.o
 .text.prvDeleteTCB
                0x080055a8       0x6a ./Middlewares/Third_Party/FreeRTOS/Source/tasks.o
 *fill*         0x08005612        0x2 
 .text.prvResetNextTaskUnblockTime
                0x08005614       0x40 ./Middlewares/Third_Party/FreeRTOS/Source/tasks.o
 .text.xTaskGetSchedulerState
                0x08005654       0x3c ./Middlewares/Third_Party/FreeRTOS/Source/tasks.o
                0x08005654                xTaskGetSchedulerState
 .text.xTaskPriorityDisinherit
                0x08005690       0xe0 ./Middlewares/Third_Party/FreeRTOS/Source/tasks.o
                0x08005690                xTaskPriorityDisinherit
 .text.prvAddCurrentTaskToDelayedList
                0x08005770       0xa8 ./Middlewares/Third_Party/FreeRTOS/Source/tasks.o
 .text.xTimerCreateTimerTask
                0x08005818       0x94 ./Middlewares/Third_Party/FreeRTOS/Source/timers.o
                0x08005818                xTimerCreateTimerTask
 .text.xTimerGenericCommand
                0x080058ac       0x9c ./Middlewares/Third_Party/FreeRTOS/Source/timers.o
                0x080058ac                xTimerGenericCommand
 .text.prvProcessExpiredTimer
                0x08005948       0x9c ./Middlewares/Third_Party/FreeRTOS/Source/timers.o
 .text.prvTimerTask
                0x080059e4       0x26 ./Middlewares/Third_Party/FreeRTOS/Source/timers.o
 *fill*         0x08005a0a        0x2 
 .text.prvProcessTimerOrBlockTask
                0x08005a0c       0x9c ./Middlewares/Third_Party/FreeRTOS/Source/timers.o
 .text.prvGetNextExpireTime
                0x08005aa8       0x48 ./Middlewares/Third_Party/FreeRTOS/Source/timers.o
 .text.prvSampleTimeNow
                0x08005af0       0x40 ./Middlewares/Third_Party/FreeRTOS/Source/timers.o
 .text.prvInsertTimerInActiveList
                0x08005b30       0x84 ./Middlewares/Third_Party/FreeRTOS/Source/timers.o
 .text.prvProcessReceivedCommands
                0x08005bb4      0x1cc ./Middlewares/Third_Party/FreeRTOS/Source/timers.o
 .text.prvSwitchTimerLists
                0x08005d80       0xcc ./Middlewares/Third_Party/FreeRTOS/Source/timers.o
 .text.prvCheckForValidListAndQueue
                0x08005e4c       0x80 ./Middlewares/Third_Party/FreeRTOS/Source/timers.o
 .text.pxPortInitialiseStack
                0x08005ecc       0x68 ./Middlewares/Third_Party/FreeRTOS/Source/portable/GCC/ARM_CM4F/port.o
                0x08005ecc                pxPortInitialiseStack
 .text.prvTaskExitError
                0x08005f34       0x5c ./Middlewares/Third_Party/FreeRTOS/Source/portable/GCC/ARM_CM4F/port.o
 .text.SVC_Handler
                0x08005f90       0x28 ./Middlewares/Third_Party/FreeRTOS/Source/portable/GCC/ARM_CM4F/port.o
                0x08005f90                SVC_Handler
 .text.prvPortStartFirstTask
                0x08005fb8       0x28 ./Middlewares/Third_Party/FreeRTOS/Source/portable/GCC/ARM_CM4F/port.o
 .text.xPortStartScheduler
                0x08005fe0      0x148 ./Middlewares/Third_Party/FreeRTOS/Source/portable/GCC/ARM_CM4F/port.o
                0x08005fe0                xPortStartScheduler
 .text.vPortEnterCritical
                0x08006128       0x64 ./Middlewares/Third_Party/FreeRTOS/Source/portable/GCC/ARM_CM4F/port.o
                0x08006128                vPortEnterCritical
 .text.vPortExitCritical
                0x0800618c       0x54 ./Middlewares/Third_Party/FreeRTOS/Source/portable/GCC/ARM_CM4F/port.o
                0x0800618c                vPortExitCritical
 .text.PendSV_Handler
                0x080061e0       0x68 ./Middlewares/Third_Party/FreeRTOS/Source/portable/GCC/ARM_CM4F/port.o
                0x080061e0                PendSV_Handler
 .text.xPortSysTickHandler
                0x08006248       0x44 ./Middlewares/Third_Party/FreeRTOS/Source/portable/GCC/ARM_CM4F/port.o
                0x08006248                xPortSysTickHandler
 .text.vPortSetupTimerInterrupt
                0x0800628c       0x48 ./Middlewares/Third_Party/FreeRTOS/Source/portable/GCC/ARM_CM4F/port.o
                0x0800628c                vPortSetupTimerInterrupt
 .text.vPortEnableVFP
                0x080062d4       0x14 ./Middlewares/Third_Party/FreeRTOS/Source/portable/GCC/ARM_CM4F/port.o
 .text.vPortValidateInterruptPriority
                0x080062e8       0x84 ./Middlewares/Third_Party/FreeRTOS/Source/portable/GCC/ARM_CM4F/port.o
                0x080062e8                vPortValidateInterruptPriority
 .text.pvPortMalloc
                0x0800636c      0x19c ./Middlewares/Third_Party/FreeRTOS/Source/portable/MemMang/heap_4.o
                0x0800636c                pvPortMalloc
 .text.vPortFree
                0x08006508       0xc8 ./Middlewares/Third_Party/FreeRTOS/Source/portable/MemMang/heap_4.o
                0x08006508                vPortFree
 .text.prvHeapInit
                0x080065d0       0xc4 ./Middlewares/Third_Party/FreeRTOS/Source/portable/MemMang/heap_4.o
 .text.prvInsertBlockIntoFreeList
                0x08006694       0xb4 ./Middlewares/Third_Party/FreeRTOS/Source/portable/MemMang/heap_4.o
 .text.memset   0x08006748       0x10 C:/ST/STM32CubeIDE_1.19.0/STM32CubeIDE/plugins/com.st.stm32cube.ide.mcu.externaltools.gnu-tools-for-stm32.13.3.rel1.win32_1.0.0.202411081344/tools/bin/../lib/gcc/arm-none-eabi/13.3.1/../../../../arm-none-eabi/lib/thumb/v7e-m+fp/hard\libc_nano.a(libc_a-memset.o)
                0x08006748                memset
 .text._reclaim_reent
                0x08006758       0xbc C:/ST/STM32CubeIDE_1.19.0/STM32CubeIDE/plugins/com.st.stm32cube.ide.mcu.externaltools.gnu-tools-for-stm32.13.3.rel1.win32_1.0.0.202411081344/tools/bin/../lib/gcc/arm-none-eabi/13.3.1/../../../../arm-none-eabi/lib/thumb/v7e-m+fp/hard\libc_nano.a(libc_a-reent.o)
                0x08006758                _reclaim_reent
 .text.__libc_init_array
                0x08006814       0x48 C:/ST/STM32CubeIDE_1.19.0/STM32CubeIDE/plugins/com.st.stm32cube.ide.mcu.externaltools.gnu-tools-for-stm32.13.3.rel1.win32_1.0.0.202411081344/tools/bin/../lib/gcc/arm-none-eabi/13.3.1/../../../../arm-none-eabi/lib/thumb/v7e-m+fp/hard\libc_nano.a(libc_a-init.o)
                0x08006814                __libc_init_array
 .text.__retarget_lock_acquire_recursive
                0x0800685c        0x2 C:/ST/STM32CubeIDE_1.19.0/STM32CubeIDE/plugins/com.st.stm32cube.ide.mcu.externaltools.gnu-tools-for-stm32.13.3.rel1.win32_1.0.0.202411081344/tools/bin/../lib/gcc/arm-none-eabi/13.3.1/../../../../arm-none-eabi/lib/thumb/v7e-m+fp/hard\libc_nano.a(libc_a-lock.o)
                0x0800685c                __retarget_lock_acquire_recursive
 .text.__retarget_lock_release_recursive
                0x0800685e        0x2 C:/ST/STM32CubeIDE_1.19.0/STM32CubeIDE/plugins/com.st.stm32cube.ide.mcu.externaltools.gnu-tools-for-stm32.13.3.rel1.win32_1.0.0.202411081344/tools/bin/../lib/gcc/arm-none-eabi/13.3.1/../../../../arm-none-eabi/lib/thumb/v7e-m+fp/hard\libc_nano.a(libc_a-lock.o)
                0x0800685e                __retarget_lock_release_recursive
 .text.memcpy   0x08006860       0x1c C:/ST/STM32CubeIDE_1.19.0/STM32CubeIDE/plugins/com.st.stm32cube.ide.mcu.externaltools.gnu-tools-for-stm32.13.3.rel1.win32_1.0.0.202411081344/tools/bin/../lib/gcc/arm-none-eabi/13.3.1/../../../../arm-none-eabi/lib/thumb/v7e-m+fp/hard\libc_nano.a(libc_a-memcpy-stub.o)
                0x08006860                memcpy
 .text._free_r  0x0800687c       0x94 C:/ST/STM32CubeIDE_1.19.0/STM32CubeIDE/plugins/com.st.stm32cube.ide.mcu.externaltools.gnu-tools-for-stm32.13.3.rel1.win32_1.0.0.202411081344/tools/bin/../lib/gcc/arm-none-eabi/13.3.1/../../../../arm-none-eabi/lib/thumb/v7e-m+fp/hard\libc_nano.a(libc_a-freer.o)
                0x0800687c                _free_r
 .text.__malloc_lock
                0x08006910        0xc C:/ST/STM32CubeIDE_1.19.0/STM32CubeIDE/plugins/com.st.stm32cube.ide.mcu.externaltools.gnu-tools-for-stm32.13.3.rel1.win32_1.0.0.202411081344/tools/bin/../lib/gcc/arm-none-eabi/13.3.1/../../../../arm-none-eabi/lib/thumb/v7e-m+fp/hard\libc_nano.a(libc_a-mlock.o)
                0x08006910                __malloc_lock
 .text.__malloc_unlock
                0x0800691c        0xc C:/ST/STM32CubeIDE_1.19.0/STM32CubeIDE/plugins/com.st.stm32cube.ide.mcu.externaltools.gnu-tools-for-stm32.13.3.rel1.win32_1.0.0.202411081344/tools/bin/../lib/gcc/arm-none-eabi/13.3.1/../../../../arm-none-eabi/lib/thumb/v7e-m+fp/hard\libc_nano.a(libc_a-mlock.o)
                0x0800691c                __malloc_unlock
 *(.glue_7)
 .glue_7        0x08006928        0x0 linker stubs
 *(.glue_7t)
 .glue_7t       0x08006928        0x0 linker stubs
 *(.eh_frame)
 .eh_frame      0x08006928        0x0 C:/ST/STM32CubeIDE_1.19.0/STM32CubeIDE/plugins/com.st.stm32cube.ide.mcu.externaltools.gnu-tools-for-stm32.13.3.rel1.win32_1.0.0.202411081344/tools/bin/../lib/gcc/arm-none-eabi/13.3.1/thumb/v7e-m+fp/hard/crtbegin.o
 *(.init)
 .init          0x08006928        0x4 C:/ST/STM32CubeIDE_1.19.0/STM32CubeIDE/plugins/com.st.stm32cube.ide.mcu.externaltools.gnu-tools-for-stm32.13.3.rel1.win32_1.0.0.202411081344/tools/bin/../lib/gcc/arm-none-eabi/13.3.1/thumb/v7e-m+fp/hard/crti.o
                0x08006928                _init
 .init          0x0800692c        0x8 C:/ST/STM32CubeIDE_1.19.0/STM32CubeIDE/plugins/com.st.stm32cube.ide.mcu.externaltools.gnu-tools-for-stm32.13.3.rel1.win32_1.0.0.202411081344/tools/bin/../lib/gcc/arm-none-eabi/13.3.1/thumb/v7e-m+fp/hard/crtn.o
 *(.fini)
 .fini          0x08006934        0x4 C:/ST/STM32CubeIDE_1.19.0/STM32CubeIDE/plugins/com.st.stm32cube.ide.mcu.externaltools.gnu-tools-for-stm32.13.3.rel1.win32_1.0.0.202411081344/tools/bin/../lib/gcc/arm-none-eabi/13.3.1/thumb/v7e-m+fp/hard/crti.o
                0x08006934                _fini
 .fini          0x08006938        0x8 C:/ST/STM32CubeIDE_1.19.0/STM32CubeIDE/plugins/com.st.stm32cube.ide.mcu.externaltools.gnu-tools-for-stm32.13.3.rel1.win32_1.0.0.202411081344/tools/bin/../lib/gcc/arm-none-eabi/13.3.1/thumb/v7e-m+fp/hard/crtn.o
                0x08006940                        . = ALIGN (0x4)
                0x08006940                        _etext = .

.vfp11_veneer   0x08006940        0x0
 .vfp11_veneer  0x08006940        0x0 linker stubs

.v4_bx          0x08006940        0x0
 .v4_bx         0x08006940        0x0 linker stubs

.iplt           0x08006940        0x0
 .iplt          0x08006940        0x0 C:/ST/STM32CubeIDE_1.19.0/STM32CubeIDE/plugins/com.st.stm32cube.ide.mcu.externaltools.gnu-tools-for-stm32.13.3.rel1.win32_1.0.0.202411081344/tools/bin/../lib/gcc/arm-none-eabi/13.3.1/thumb/v7e-m+fp/hard/crtbegin.o

.rodata         0x08006940       0x78
                0x08006940                        . = ALIGN (0x4)
 *(.rodata)
 .rodata        0x08006940       0x21 ./Core/Src/freertos.o
 *fill*         0x08006961        0x3 
 .rodata        0x08006964        0x5 ./Middlewares/Third_Party/FreeRTOS/Source/tasks.o
 *fill*         0x08006969        0x3 
 .rodata        0x0800696c        0xd ./Middlewares/Third_Party/FreeRTOS/Source/timers.o
 *(.rodata*)
 *fill*         0x08006979        0x3 
 .rodata.defaultTask_attributes
                0x0800697c       0x24 ./Core/Src/freertos.o
                0x0800697c                defaultTask_attributes
 .rodata.AHBPrescTable
                0x080069a0       0x10 ./Core/Src/system_stm32f4xx.o
                0x080069a0                AHBPrescTable
 .rodata.APBPrescTable
                0x080069b0        0x8 ./Core/Src/system_stm32f4xx.o
                0x080069b0                APBPrescTable
                0x080069b8                        . = ALIGN (0x4)

.ARM.extab      0x080069b8        0x0
                0x080069b8                        . = ALIGN (0x4)
 *(.ARM.extab* .gnu.linkonce.armextab.*)
                0x080069b8                        . = ALIGN (0x4)

.ARM            0x080069b8        0x8
                0x080069b8                        . = ALIGN (0x4)
                0x080069b8                        __exidx_start = .
 *(.ARM.exidx*)
 .ARM.exidx     0x080069b8        0x8 C:/ST/STM32CubeIDE_1.19.0/STM32CubeIDE/plugins/com.st.stm32cube.ide.mcu.externaltools.gnu-tools-for-stm32.13.3.rel1.win32_1.0.0.202411081344/tools/bin/../lib/gcc/arm-none-eabi/13.3.1/thumb/v7e-m+fp/hard\libgcc.a(_udivmoddi4.o)
                0x080069c0                        __exidx_end = .
                0x080069c0                        . = ALIGN (0x4)

.preinit_array  0x080069c0        0x0
                0x080069c0                        . = ALIGN (0x4)
                0x080069c0                        PROVIDE (__preinit_array_start = .)
 *(.preinit_array*)
                0x080069c0                        PROVIDE (__preinit_array_end = .)
                0x080069c0                        . = ALIGN (0x4)

.init_array     0x080069c0        0x4
                0x080069c0                        . = ALIGN (0x4)
                0x080069c0                        PROVIDE (__init_array_start = .)
 *(SORT_BY_NAME(.init_array.*))
 *(.init_array*)
 .init_array    0x080069c0        0x4 C:/ST/STM32CubeIDE_1.19.0/STM32CubeIDE/plugins/com.st.stm32cube.ide.mcu.externaltools.gnu-tools-for-stm32.13.3.rel1.win32_1.0.0.202411081344/tools/bin/../lib/gcc/arm-none-eabi/13.3.1/thumb/v7e-m+fp/hard/crtbegin.o
                0x080069c4                        PROVIDE (__init_array_end = .)
                0x080069c4                        . = ALIGN (0x4)

.fini_array     0x080069c4        0x4
                0x080069c4                        . = ALIGN (0x4)
                [!provide]                        PROVIDE (__fini_array_start = .)
 *(SORT_BY_NAME(.fini_array.*))
 *(.fini_array*)
 .fini_array    0x080069c4        0x4 C:/ST/STM32CubeIDE_1.19.0/STM32CubeIDE/plugins/com.st.stm32cube.ide.mcu.externaltools.gnu-tools-for-stm32.13.3.rel1.win32_1.0.0.202411081344/tools/bin/../lib/gcc/arm-none-eabi/13.3.1/thumb/v7e-m+fp/hard/crtbegin.o
                [!provide]                        PROVIDE (__fini_array_end = .)
                0x080069c8                        . = ALIGN (0x4)
                0x080069c8                        _sidata = LOADADDR (.data)

.rel.dyn        0x080069c8        0x0
 .rel.iplt      0x080069c8        0x0 C:/ST/STM32CubeIDE_1.19.0/STM32CubeIDE/plugins/com.st.stm32cube.ide.mcu.externaltools.gnu-tools-for-stm32.13.3.rel1.win32_1.0.0.202411081344/tools/bin/../lib/gcc/arm-none-eabi/13.3.1/thumb/v7e-m+fp/hard/crtbegin.o

.data           0x20000000       0x60 load address 0x080069c8
                0x20000000                        . = ALIGN (0x4)
                0x20000000                        _sdata = .
 *(.data)
 *(.data*)
 .data.SystemCoreClock
                0x20000000        0x4 ./Core/Src/system_stm32f4xx.o
                0x20000000                SystemCoreClock
 .data.uwTickPrio
                0x20000004        0x4 ./Drivers/STM32F4xx_HAL_Driver/Src/stm32f4xx_hal.o
                0x20000004                uwTickPrio
 .data.uwTickFreq
                0x20000008        0x1 ./Drivers/STM32F4xx_HAL_Driver/Src/stm32f4xx_hal.o
                0x20000008                uwTickFreq
 *fill*         0x20000009        0x3 
 .data.uxCriticalNesting
                0x2000000c        0x4 ./Middlewares/Third_Party/FreeRTOS/Source/portable/GCC/ARM_CM4F/port.o
 .data._impure_ptr
                0x20000010        0x4 C:/ST/STM32CubeIDE_1.19.0/STM32CubeIDE/plugins/com.st.stm32cube.ide.mcu.externaltools.gnu-tools-for-stm32.13.3.rel1.win32_1.0.0.202411081344/tools/bin/../lib/gcc/arm-none-eabi/13.3.1/../../../../arm-none-eabi/lib/thumb/v7e-m+fp/hard\libc_nano.a(libc_a-impure.o)
                0x20000010                _impure_ptr
 .data._impure_data
                0x20000014       0x4c C:/ST/STM32CubeIDE_1.19.0/STM32CubeIDE/plugins/com.st.stm32cube.ide.mcu.externaltools.gnu-tools-for-stm32.13.3.rel1.win32_1.0.0.202411081344/tools/bin/../lib/gcc/arm-none-eabi/13.3.1/../../../../arm-none-eabi/lib/thumb/v7e-m+fp/hard\libc_nano.a(libc_a-impure.o)
                0x20000014                _impure_data
 *(.RamFunc)
 *(.RamFunc*)
                0x20000060                        . = ALIGN (0x4)
                0x20000060                        _edata = .

.igot.plt       0x20000060        0x0 load address 0x08006a28
 .igot.plt      0x20000060        0x0 C:/ST/STM32CubeIDE_1.19.0/STM32CubeIDE/plugins/com.st.stm32cube.ide.mcu.externaltools.gnu-tools-for-stm32.13.3.rel1.win32_1.0.0.202411081344/tools/bin/../lib/gcc/arm-none-eabi/13.3.1/thumb/v7e-m+fp/hard/crtbegin.o
                0x20000060                        . = ALIGN (0x4)

.bss            0x20000060     0x4cb4 load address 0x08006a28
                0x20000060                        _sbss = .
                0x20000060                        __bss_start__ = _sbss
 *(.bss)
 .bss           0x20000060       0x1c C:/ST/STM32CubeIDE_1.19.0/STM32CubeIDE/plugins/com.st.stm32cube.ide.mcu.externaltools.gnu-tools-for-stm32.13.3.rel1.win32_1.0.0.202411081344/tools/bin/../lib/gcc/arm-none-eabi/13.3.1/thumb/v7e-m+fp/hard/crtbegin.o
 *(.bss*)
 .bss.defaultTaskHandle
                0x2000007c        0x4 ./Core/Src/freertos.o
                0x2000007c                defaultTaskHandle
 .bss.htim4     0x20000080       0x48 ./Core/Src/stm32f4xx_hal_timebase_tim.o
                0x20000080                htim4
 .bss.htim1     0x200000c8       0x48 ./Core/Src/tim.o
                0x200000c8                htim1
 .bss.htim2     0x20000110       0x48 ./Core/Src/tim.o
                0x20000110                htim2
 .bss.htim3     0x20000158       0x48 ./Core/Src/tim.o
                0x20000158                htim3
 .bss.huart2    0x200001a0       0x48 ./Core/Src/usart.o
                0x200001a0                huart2
 .bss.uwTick    0x200001e8        0x4 ./Drivers/STM32F4xx_HAL_Driver/Src/stm32f4xx_hal.o
                0x200001e8                uwTick
 .bss.KernelState
                0x200001ec        0x4 ./Middlewares/Third_Party/FreeRTOS/Source/CMSIS_RTOS_V2/cmsis_os2.o
 .bss.Idle_TCB.3
                0x200001f0       0xa8 ./Middlewares/Third_Party/FreeRTOS/Source/CMSIS_RTOS_V2/cmsis_os2.o
 .bss.Idle_Stack.2
                0x20000298      0x200 ./Middlewares/Third_Party/FreeRTOS/Source/CMSIS_RTOS_V2/cmsis_os2.o
 .bss.Timer_TCB.1
                0x20000498       0xa8 ./Middlewares/Third_Party/FreeRTOS/Source/CMSIS_RTOS_V2/cmsis_os2.o
 .bss.Timer_Stack.0
                0x20000540      0x400 ./Middlewares/Third_Party/FreeRTOS/Source/CMSIS_RTOS_V2/cmsis_os2.o
 .bss.xQueueRegistry
                0x20000940       0x40 ./Middlewares/Third_Party/FreeRTOS/Source/queue.o
                0x20000940                xQueueRegistry
 .bss.pxCurrentTCB
                0x20000980        0x4 ./Middlewares/Third_Party/FreeRTOS/Source/tasks.o
                0x20000980                pxCurrentTCB
 .bss.pxReadyTasksLists
                0x20000984      0x460 ./Middlewares/Third_Party/FreeRTOS/Source/tasks.o
 .bss.xDelayedTaskList1
                0x20000de4       0x14 ./Middlewares/Third_Party/FreeRTOS/Source/tasks.o
 .bss.xDelayedTaskList2
                0x20000df8       0x14 ./Middlewares/Third_Party/FreeRTOS/Source/tasks.o
 .bss.pxDelayedTaskList
                0x20000e0c        0x4 ./Middlewares/Third_Party/FreeRTOS/Source/tasks.o
 .bss.pxOverflowDelayedTaskList
                0x20000e10        0x4 ./Middlewares/Third_Party/FreeRTOS/Source/tasks.o
 .bss.xPendingReadyList
                0x20000e14       0x14 ./Middlewares/Third_Party/FreeRTOS/Source/tasks.o
 .bss.xTasksWaitingTermination
                0x20000e28       0x14 ./Middlewares/Third_Party/FreeRTOS/Source/tasks.o
 .bss.uxDeletedTasksWaitingCleanUp
                0x20000e3c        0x4 ./Middlewares/Third_Party/FreeRTOS/Source/tasks.o
 .bss.xSuspendedTaskList
                0x20000e40       0x14 ./Middlewares/Third_Party/FreeRTOS/Source/tasks.o
 .bss.uxCurrentNumberOfTasks
                0x20000e54        0x4 ./Middlewares/Third_Party/FreeRTOS/Source/tasks.o
 .bss.xTickCount
                0x20000e58        0x4 ./Middlewares/Third_Party/FreeRTOS/Source/tasks.o
 .bss.uxTopReadyPriority
                0x20000e5c        0x4 ./Middlewares/Third_Party/FreeRTOS/Source/tasks.o
 .bss.xSchedulerRunning
                0x20000e60        0x4 ./Middlewares/Third_Party/FreeRTOS/Source/tasks.o
 .bss.xPendedTicks
                0x20000e64        0x4 ./Middlewares/Third_Party/FreeRTOS/Source/tasks.o
 .bss.xYieldPending
                0x20000e68        0x4 ./Middlewares/Third_Party/FreeRTOS/Source/tasks.o
 .bss.xNumOfOverflows
                0x20000e6c        0x4 ./Middlewares/Third_Party/FreeRTOS/Source/tasks.o
 .bss.uxTaskNumber
                0x20000e70        0x4 ./Middlewares/Third_Party/FreeRTOS/Source/tasks.o
 .bss.xNextTaskUnblockTime
                0x20000e74        0x4 ./Middlewares/Third_Party/FreeRTOS/Source/tasks.o
 .bss.xIdleTaskHandle
                0x20000e78        0x4 ./Middlewares/Third_Party/FreeRTOS/Source/tasks.o
 .bss.uxSchedulerSuspended
                0x20000e7c        0x4 ./Middlewares/Third_Party/FreeRTOS/Source/tasks.o
 .bss.xActiveTimerList1
                0x20000e80       0x14 ./Middlewares/Third_Party/FreeRTOS/Source/timers.o
 .bss.xActiveTimerList2
                0x20000e94       0x14 ./Middlewares/Third_Party/FreeRTOS/Source/timers.o
 .bss.pxCurrentTimerList
                0x20000ea8        0x4 ./Middlewares/Third_Party/FreeRTOS/Source/timers.o
 .bss.pxOverflowTimerList
                0x20000eac        0x4 ./Middlewares/Third_Party/FreeRTOS/Source/timers.o
 .bss.xTimerQueue
                0x20000eb0        0x4 ./Middlewares/Third_Party/FreeRTOS/Source/timers.o
 .bss.xTimerTaskHandle
                0x20000eb4        0x4 ./Middlewares/Third_Party/FreeRTOS/Source/timers.o
 .bss.xLastTime.2
                0x20000eb8        0x4 ./Middlewares/Third_Party/FreeRTOS/Source/timers.o
 .bss.ucStaticTimerQueueStorage.1
                0x20000ebc       0xa0 ./Middlewares/Third_Party/FreeRTOS/Source/timers.o
 .bss.xStaticTimerQueue.0
                0x20000f5c       0x50 ./Middlewares/Third_Party/FreeRTOS/Source/timers.o
 .bss.ucMaxSysCallPriority
                0x20000fac        0x1 ./Middlewares/Third_Party/FreeRTOS/Source/portable/GCC/ARM_CM4F/port.o
 *fill*         0x20000fad        0x3 
 .bss.ulMaxPRIGROUPValue
                0x20000fb0        0x4 ./Middlewares/Third_Party/FreeRTOS/Source/portable/GCC/ARM_CM4F/port.o
 .bss.ucHeap    0x20000fb4     0x3c00 ./Middlewares/Third_Party/FreeRTOS/Source/portable/MemMang/heap_4.o
 .bss.xStart    0x20004bb4        0x8 ./Middlewares/Third_Party/FreeRTOS/Source/portable/MemMang/heap_4.o
 .bss.pxEnd     0x20004bbc        0x4 ./Middlewares/Third_Party/FreeRTOS/Source/portable/MemMang/heap_4.o
 .bss.xFreeBytesRemaining
                0x20004bc0        0x4 ./Middlewares/Third_Party/FreeRTOS/Source/portable/MemMang/heap_4.o
 .bss.xMinimumEverFreeBytesRemaining
                0x20004bc4        0x4 ./Middlewares/Third_Party/FreeRTOS/Source/portable/MemMang/heap_4.o
 .bss.xNumberOfSuccessfulAllocations
                0x20004bc8        0x4 ./Middlewares/Third_Party/FreeRTOS/Source/portable/MemMang/heap_4.o
 .bss.xNumberOfSuccessfulFrees
                0x20004bcc        0x4 ./Middlewares/Third_Party/FreeRTOS/Source/portable/MemMang/heap_4.o
 .bss.xBlockAllocatedBit
                0x20004bd0        0x4 ./Middlewares/Third_Party/FreeRTOS/Source/portable/MemMang/heap_4.o
 .bss.__sf      0x20004bd4      0x138 C:/ST/STM32CubeIDE_1.19.0/STM32CubeIDE/plugins/com.st.stm32cube.ide.mcu.externaltools.gnu-tools-for-stm32.13.3.rel1.win32_1.0.0.202411081344/tools/bin/../lib/gcc/arm-none-eabi/13.3.1/../../../../arm-none-eabi/lib/thumb/v7e-m+fp/hard\libc_nano.a(libc_a-findfp.o)
                0x20004bd4                __sf
 .bss.__lock___malloc_recursive_mutex
                0x20004d0c        0x1 C:/ST/STM32CubeIDE_1.19.0/STM32CubeIDE/plugins/com.st.stm32cube.ide.mcu.externaltools.gnu-tools-for-stm32.13.3.rel1.win32_1.0.0.202411081344/tools/bin/../lib/gcc/arm-none-eabi/13.3.1/../../../../arm-none-eabi/lib/thumb/v7e-m+fp/hard\libc_nano.a(libc_a-lock.o)
                0x20004d0c                __lock___malloc_recursive_mutex
 *fill*         0x20004d0d        0x3 
 .bss.__malloc_free_list
                0x20004d10        0x4 C:/ST/STM32CubeIDE_1.19.0/STM32CubeIDE/plugins/com.st.stm32cube.ide.mcu.externaltools.gnu-tools-for-stm32.13.3.rel1.win32_1.0.0.202411081344/tools/bin/../lib/gcc/arm-none-eabi/13.3.1/../../../../arm-none-eabi/lib/thumb/v7e-m+fp/hard\libc_nano.a(libc_a-mallocr.o)
                0x20004d10                __malloc_free_list
 *(COMMON)
                0x20004d14                        . = ALIGN (0x4)
                0x20004d14                        _ebss = .
                0x20004d14                        __bss_end__ = _ebss

._user_heap_stack
                0x20004d14      0x604 load address 0x08006a28
                0x20004d18                        . = ALIGN (0x8)
 *fill*         0x20004d14        0x4 
                [!provide]                        PROVIDE (end = .)
                0x20004d18                        PROVIDE (_end = .)
                0x20004f18                        . = (. + _Min_Heap_Size)
 *fill*         0x20004d18      0x200 
                0x20005318                        . = (. + _Min_Stack_Size)
 *fill*         0x20004f18      0x400 
                0x20005318                        . = ALIGN (0x8)

/DISCARD/
 libc.a(*)
 libm.a(*)
 libgcc.a(*)

.ARM.attributes
                0x00000000       0x30
 *(.ARM.attributes)
 .ARM.attributes
                0x00000000       0x22 C:/ST/STM32CubeIDE_1.19.0/STM32CubeIDE/plugins/com.st.stm32cube.ide.mcu.externaltools.gnu-tools-for-stm32.13.3.rel1.win32_1.0.0.202411081344/tools/bin/../lib/gcc/arm-none-eabi/13.3.1/thumb/v7e-m+fp/hard/crti.o
 .ARM.attributes
                0x00000022       0x34 C:/ST/STM32CubeIDE_1.19.0/STM32CubeIDE/plugins/com.st.stm32cube.ide.mcu.externaltools.gnu-tools-for-stm32.13.3.rel1.win32_1.0.0.202411081344/tools/bin/../lib/gcc/arm-none-eabi/13.3.1/thumb/v7e-m+fp/hard/crtbegin.o
 .ARM.attributes
                0x00000056       0x34 ./Core/Src/crane_io.o
 .ARM.attributes
                0x0000008a       0x34 ./Core/Src/freertos.o
 .ARM.attributes
                0x000000be       0x34 ./Core/Src/gpio.o
 .ARM.attributes
                0x000000f2       0x34 ./Core/Src/hcsr04.o
 .ARM.attributes
                0x00000126       0x34 ./Core/Src/main.o
 .ARM.attributes
                0x0000015a       0x34 ./Core/Src/motor_tasks.o
 .ARM.attributes
                0x0000018e       0x34 ./Core/Src/servo.o
 .ARM.attributes
                0x000001c2       0x34 ./Core/Src/stm32f4xx_hal_msp.o
 .ARM.attributes
                0x000001f6       0x34 ./Core/Src/stm32f4xx_hal_timebase_tim.o
 .ARM.attributes
                0x0000022a       0x34 ./Core/Src/stm32f4xx_it.o
 .ARM.attributes
                0x0000025e       0x34 ./Core/Src/system_stm32f4xx.o
 .ARM.attributes
                0x00000292       0x34 ./Core/Src/tim.o
 .ARM.attributes
                0x000002c6       0x34 ./Core/Src/usart.o
 .ARM.attributes
                0x000002fa       0x21 ./Core/Startup/startup_stm32f411retx.o
 .ARM.attributes
                0x0000031b       0x34 ./Drivers/STM32F4xx_HAL_Driver/Src/stm32f4xx_hal.o
 .ARM.attributes
                0x0000034f       0x34 ./Drivers/STM32F4xx_HAL_Driver/Src/stm32f4xx_hal_cortex.o
 .ARM.attributes
                0x00000383       0x34 ./Drivers/STM32F4xx_HAL_Driver/Src/stm32f4xx_hal_gpio.o
 .ARM.attributes
                0x000003b7       0x34 ./Drivers/STM32F4xx_HAL_Driver/Src/stm32f4xx_hal_rcc.o
 .ARM.attributes
                0x000003eb       0x34 ./Drivers/STM32F4xx_HAL_Driver/Src/stm32f4xx_hal_tim.o
 .ARM.attributes
                0x0000041f       0x34 ./Drivers/STM32F4xx_HAL_Driver/Src/stm32f4xx_hal_tim_ex.o
 .ARM.attributes
                0x00000453       0x34 ./Drivers/STM32F4xx_HAL_Driver/Src/stm32f4xx_hal_uart.o
 .ARM.attributes
                0x00000487       0x34 ./Middlewares/Third_Party/FreeRTOS/Source/CMSIS_RTOS_V2/cmsis_os2.o
 .ARM.attributes
                0x000004bb       0x34 ./Middlewares/Third_Party/FreeRTOS/Source/list.o
 .ARM.attributes
                0x000004ef       0x34 ./Middlewares/Third_Party/FreeRTOS/Source/queue.o
 .ARM.attributes
                0x00000523       0x34 ./Middlewares/Third_Party/FreeRTOS/Source/tasks.o
 .ARM.attributes
                0x00000557       0x34 ./Middlewares/Third_Party/FreeRTOS/Source/timers.o
 .ARM.attributes
                0x0000058b       0x34 ./Middlewares/Third_Party/FreeRTOS/Source/portable/GCC/ARM_CM4F/port.o
 .ARM.attributes
                0x000005bf       0x34 ./Middlewares/Third_Party/FreeRTOS/Source/portable/MemMang/heap_4.o
 .ARM.attributes
                0x000005f3       0x34 C:/ST/STM32CubeIDE_1.19.0/STM32CubeIDE/plugins/com.st.stm32cube.ide.mcu.externaltools.gnu-tools-for-stm32.13.3.rel1.win32_1.0.0.202411081344/tools/bin/../lib/gcc/arm-none-eabi/13.3.1/../../../../arm-none-eabi/lib/thumb/v7e-m+fp/hard\libc_nano.a(libc_a-findfp.o)
 .ARM.attributes
                0x00000627       0x34 C:/ST/STM32CubeIDE_1.19.0/STM32CubeIDE/plugins/com.st.stm32cube.ide.mcu.externaltools.gnu-tools-for-stm32.13.3.rel1.win32_1.0.0.202411081344/tools/bin/../lib/gcc/arm-none-eabi/13.3.1/../../../../arm-none-eabi/lib/thumb/v7e-m+fp/hard\libc_nano.a(libc_a-memset.o)
 .ARM.attributes
                0x0000065b       0x34 C:/ST/STM32CubeIDE_1.19.0/STM32CubeIDE/plugins/com.st.stm32cube.ide.mcu.externaltools.gnu-tools-for-stm32.13.3.rel1.win32_1.0.0.202411081344/tools/bin/../lib/gcc/arm-none-eabi/13.3.1/../../../../arm-none-eabi/lib/thumb/v7e-m+fp/hard\libc_nano.a(libc_a-reent.o)
 .ARM.attributes
                0x0000068f       0x34 C:/ST/STM32CubeIDE_1.19.0/STM32CubeIDE/plugins/com.st.stm32cube.ide.mcu.externaltools.gnu-tools-for-stm32.13.3.rel1.win32_1.0.0.202411081344/tools/bin/../lib/gcc/arm-none-eabi/13.3.1/../../../../arm-none-eabi/lib/thumb/v7e-m+fp/hard\libc_nano.a(libc_a-impure.o)
 .ARM.attributes
                0x000006c3       0x34 C:/ST/STM32CubeIDE_1.19.0/STM32CubeIDE/plugins/com.st.stm32cube.ide.mcu.externaltools.gnu-tools-for-stm32.13.3.rel1.win32_1.0.0.202411081344/tools/bin/../lib/gcc/arm-none-eabi/13.3.1/../../../../arm-none-eabi/lib/thumb/v7e-m+fp/hard\libc_nano.a(libc_a-init.o)
 .ARM.attributes
                0x000006f7       0x34 C:/ST/STM32CubeIDE_1.19.0/STM32CubeIDE/plugins/com.st.stm32cube.ide.mcu.externaltools.gnu-tools-for-stm32.13.3.rel1.win32_1.0.0.202411081344/tools/bin/../lib/gcc/arm-none-eabi/13.3.1/../../../../arm-none-eabi/lib/thumb/v7e-m+fp/hard\libc_nano.a(libc_a-lock.o)
 .ARM.attributes
                0x0000072b       0x34 C:/ST/STM32CubeIDE_1.19.0/STM32CubeIDE/plugins/com.st.stm32cube.ide.mcu.externaltools.gnu-tools-for-stm32.13.3.rel1.win32_1.0.0.202411081344/tools/bin/../lib/gcc/arm-none-eabi/13.3.1/../../../../arm-none-eabi/lib/thumb/v7e-m+fp/hard\libc_nano.a(libc_a-memcpy-stub.o)
 .ARM.attributes
                0x0000075f       0x34 C:/ST/STM32CubeIDE_1.19.0/STM32CubeIDE/plugins/com.st.stm32cube.ide.mcu.externaltools.gnu-tools-for-stm32.13.3.rel1.win32_1.0.0.202411081344/tools/bin/../lib/gcc/arm-none-eabi/13.3.1/../../../../arm-none-eabi/lib/thumb/v7e-m+fp/hard\libc_nano.a(libc_a-freer.o)
 .ARM.attributes
                0x00000793       0x34 C:/ST/STM32CubeIDE_1.19.0/STM32CubeIDE/plugins/com.st.stm32cube.ide.mcu.externaltools.gnu-tools-for-stm32.13.3.rel1.win32_1.0.0.202411081344/tools/bin/../lib/gcc/arm-none-eabi/13.3.1/../../../../arm-none-eabi/lib/thumb/v7e-m+fp/hard\libc_nano.a(libc_a-mallocr.o)
 .ARM.attributes
                0x000007c7       0x34 C:/ST/STM32CubeIDE_1.19.0/STM32CubeIDE/plugins/com.st.stm32cube.ide.mcu.externaltools.gnu-tools-for-stm32.13.3.rel1.win32_1.0.0.202411081344/tools/bin/../lib/gcc/arm-none-eabi/13.3.1/../../../../arm-none-eabi/lib/thumb/v7e-m+fp/hard\libc_nano.a(libc_a-mlock.o)
 .ARM.attributes
                0x000007fb       0x22 C:/ST/STM32CubeIDE_1.19.0/STM32CubeIDE/plugins/com.st.stm32cube.ide.mcu.externaltools.gnu-tools-for-stm32.13.3.rel1.win32_1.0.0.202411081344/tools/bin/../lib/gcc/arm-none-eabi/13.3.1/thumb/v7e-m+fp/hard\libgcc.a(_aeabi_uldivmod.o)
 .ARM.attributes
                0x0000081d       0x34 C:/ST/STM32CubeIDE_1.19.0/STM32CubeIDE/plugins/com.st.stm32cube.ide.mcu.externaltools.gnu-tools-for-stm32.13.3.rel1.win32_1.0.0.202411081344/tools/bin/../lib/gcc/arm-none-eabi/13.3.1/thumb/v7e-m+fp/hard\libgcc.a(_udivmoddi4.o)
 .ARM.attributes
                0x00000851       0x22 C:/ST/STM32CubeIDE_1.19.0/STM32CubeIDE/plugins/com.st.stm32cube.ide.mcu.externaltools.gnu-tools-for-stm32.13.3.rel1.win32_1.0.0.202411081344/tools/bin/../lib/gcc/arm-none-eabi/13.3.1/thumb/v7e-m+fp/hard\libgcc.a(_dvmd_tls.o)
 .ARM.attributes
                0x00000873       0x22 C:/ST/STM32CubeIDE_1.19.0/STM32CubeIDE/plugins/com.st.stm32cube.ide.mcu.externaltools.gnu-tools-for-stm32.13.3.rel1.win32_1.0.0.202411081344/tools/bin/../lib/gcc/arm-none-eabi/13.3.1/thumb/v7e-m+fp/hard/crtn.o
OUTPUT(RTS_CRANE_PROJECT.elf elf32-littlearm)
LOAD linker stubs
LOAD C:/ST/STM32CubeIDE_1.19.0/STM32CubeIDE/plugins/com.st.stm32cube.ide.mcu.externaltools.gnu-tools-for-stm32.13.3.rel1.win32_1.0.0.202411081344/tools/bin/../lib/gcc/arm-none-eabi/13.3.1/../../../../arm-none-eabi/lib/thumb/v7e-m+fp/hard\libc.a
LOAD C:/ST/STM32CubeIDE_1.19.0/STM32CubeIDE/plugins/com.st.stm32cube.ide.mcu.externaltools.gnu-tools-for-stm32.13.3.rel1.win32_1.0.0.202411081344/tools/bin/../lib/gcc/arm-none-eabi/13.3.1/../../../../arm-none-eabi/lib/thumb/v7e-m+fp/hard\libm.a
LOAD C:/ST/STM32CubeIDE_1.19.0/STM32CubeIDE/plugins/com.st.stm32cube.ide.mcu.externaltools.gnu-tools-for-stm32.13.3.rel1.win32_1.0.0.202411081344/tools/bin/../lib/gcc/arm-none-eabi/13.3.1/thumb/v7e-m+fp/hard\libgcc.a

.debug_info     0x00000000    0x19fbf
 .debug_info    0x00000000      0x1fd ./Core/Src/crane_io.o
 .debug_info    0x000001fd      0x44a ./Core/Src/freertos.o
 .debug_info    0x00000647      0x5fc ./Core/Src/gpio.o
 .debug_info    0x00000c43      0x81a ./Core/Src/hcsr04.o
 .debug_info    0x0000145d      0xb92 ./Core/Src/main.o
 .debug_info    0x00001fef      0x1f8 ./Core/Src/motor_tasks.o
 .debug_info    0x000021e7      0x74a ./Core/Src/servo.o
 .debug_info    0x00002931      0x44f ./Core/Src/stm32f4xx_hal_msp.o
 .debug_info    0x00002d80      0xb83 ./Core/Src/stm32f4xx_hal_timebase_tim.o
 .debug_info    0x00003903      0x6f4 ./Core/Src/stm32f4xx_it.o
 .debug_info    0x00003ff7      0x53e ./Core/Src/system_stm32f4xx.o
 .debug_info    0x00004535      0xfed ./Core/Src/tim.o
 .debug_info    0x00005522      0x94e ./Core/Src/usart.o
 .debug_info    0x00005e70       0x30 ./Core/Startup/startup_stm32f411retx.o
 .debug_info    0x00005ea0      0x8c4 ./Drivers/STM32F4xx_HAL_Driver/Src/stm32f4xx_hal.o
 .debug_info    0x00006764      0xcfc ./Drivers/STM32F4xx_HAL_Driver/Src/stm32f4xx_hal_cortex.o
 .debug_info    0x00007460      0x6f9 ./Drivers/STM32F4xx_HAL_Driver/Src/stm32f4xx_hal_gpio.o
 .debug_info    0x00007b59      0x904 ./Drivers/STM32F4xx_HAL_Driver/Src/stm32f4xx_hal_rcc.o
 .debug_info    0x0000845d     0x2996 ./Drivers/STM32F4xx_HAL_Driver/Src/stm32f4xx_hal_tim.o
 .debug_info    0x0000adf3     0x14d4 ./Drivers/STM32F4xx_HAL_Driver/Src/stm32f4xx_hal_tim_ex.o
 .debug_info    0x0000c2c7     0x2f56 ./Drivers/STM32F4xx_HAL_Driver/Src/stm32f4xx_hal_uart.o
 .debug_info    0x0000f21d     0x4079 ./Middlewares/Third_Party/FreeRTOS/Source/CMSIS_RTOS_V2/cmsis_os2.o
 .debug_info    0x00013296      0x2af ./Middlewares/Third_Party/FreeRTOS/Source/list.o
 .debug_info    0x00013545     0x1b79 ./Middlewares/Third_Party/FreeRTOS/Source/queue.o
 .debug_info    0x000150be     0x29fe ./Middlewares/Third_Party/FreeRTOS/Source/tasks.o
 .debug_info    0x00017abc     0x1b50 ./Middlewares/Third_Party/FreeRTOS/Source/timers.o
 .debug_info    0x0001960c      0x4de ./Middlewares/Third_Party/FreeRTOS/Source/portable/GCC/ARM_CM4F/port.o
 .debug_info    0x00019aea      0x4d5 ./Middlewares/Third_Party/FreeRTOS/Source/portable/MemMang/heap_4.o

.debug_abbrev   0x00000000     0x3d5a
 .debug_abbrev  0x00000000       0xf8 ./Core/Src/crane_io.o
 .debug_abbrev  0x000000f8      0x14b ./Core/Src/freertos.o
 .debug_abbrev  0x00000243      0x173 ./Core/Src/gpio.o
 .debug_abbrev  0x000003b6      0x1d4 ./Core/Src/hcsr04.o
 .debug_abbrev  0x0000058a      0x27c ./Core/Src/main.o
 .debug_abbrev  0x00000806      0x119 ./Core/Src/motor_tasks.o
 .debug_abbrev  0x0000091f      0x1d3 ./Core/Src/servo.o
 .debug_abbrev  0x00000af2      0x119 ./Core/Src/stm32f4xx_hal_msp.o
 .debug_abbrev  0x00000c0b      0x207 ./Core/Src/stm32f4xx_hal_timebase_tim.o
 .debug_abbrev  0x00000e12      0x1a9 ./Core/Src/stm32f4xx_it.o
 .debug_abbrev  0x00000fbb      0x11a ./Core/Src/system_stm32f4xx.o
 .debug_abbrev  0x000010d5      0x269 ./Core/Src/tim.o
 .debug_abbrev  0x0000133e      0x1f8 ./Core/Src/usart.o
 .debug_abbrev  0x00001536       0x24 ./Core/Startup/startup_stm32f411retx.o
 .debug_abbrev  0x0000155a      0x24b ./Drivers/STM32F4xx_HAL_Driver/Src/stm32f4xx_hal.o
 .debug_abbrev  0x000017a5      0x31d ./Drivers/STM32F4xx_HAL_Driver/Src/stm32f4xx_hal_cortex.o
 .debug_abbrev  0x00001ac2      0x1d3 ./Drivers/STM32F4xx_HAL_Driver/Src/stm32f4xx_hal_gpio.o
 .debug_abbrev  0x00001c95      0x2b6 ./Drivers/STM32F4xx_HAL_Driver/Src/stm32f4xx_hal_rcc.o
 .debug_abbrev  0x00001f4b      0x28b ./Drivers/STM32F4xx_HAL_Driver/Src/stm32f4xx_hal_tim.o
 .debug_abbrev  0x000021d6      0x296 ./Drivers/STM32F4xx_HAL_Driver/Src/stm32f4xx_hal_tim_ex.o
 .debug_abbrev  0x0000246c      0x31b ./Drivers/STM32F4xx_HAL_Driver/Src/stm32f4xx_hal_uart.o
 .debug_abbrev  0x00002787      0x548 ./Middlewares/Third_Party/FreeRTOS/Source/CMSIS_RTOS_V2/cmsis_os2.o
 .debug_abbrev  0x00002ccf       0xf5 ./Middlewares/Third_Party/FreeRTOS/Source/list.o
 .debug_abbrev  0x00002dc4      0x3b6 ./Middlewares/Third_Party/FreeRTOS/Source/queue.o
 .debug_abbrev  0x0000317a      0x3ff ./Middlewares/Third_Party/FreeRTOS/Source/tasks.o
 .debug_abbrev  0x00003579      0x368 ./Middlewares/Third_Party/FreeRTOS/Source/timers.o
 .debug_abbrev  0x000038e1      0x25c ./Middlewares/Third_Party/FreeRTOS/Source/portable/GCC/ARM_CM4F/port.o
 .debug_abbrev  0x00003b3d      0x21d ./Middlewares/Third_Party/FreeRTOS/Source/portable/MemMang/heap_4.o

.debug_aranges  0x00000000     0x1528
 .debug_aranges
                0x00000000       0x38 ./Core/Src/crane_io.o
 .debug_aranges
                0x00000038       0x28 ./Core/Src/freertos.o
 .debug_aranges
                0x00000060       0x20 ./Core/Src/gpio.o
 .debug_aranges
                0x00000080       0x28 ./Core/Src/hcsr04.o
 .debug_aranges
                0x000000a8       0x38 ./Core/Src/main.o
 .debug_aranges
                0x000000e0       0x28 ./Core/Src/motor_tasks.o
 .debug_aranges
                0x00000108       0x40 ./Core/Src/servo.o
 .debug_aranges
                0x00000148       0x20 ./Core/Src/stm32f4xx_hal_msp.o
 .debug_aranges
                0x00000168       0x30 ./Core/Src/stm32f4xx_hal_timebase_tim.o
 .debug_aranges
                0x00000198       0x60 ./Core/Src/stm32f4xx_it.o
 .debug_aranges
                0x000001f8       0x28 ./Core/Src/system_stm32f4xx.o
 .debug_aranges
                0x00000220       0x48 ./Core/Src/tim.o
 .debug_aranges
                0x00000268       0x30 ./Core/Src/usart.o
 .debug_aranges
                0x00000298       0x28 ./Core/Startup/startup_stm32f411retx.o
 .debug_aranges
                0x000002c0       0xf0 ./Drivers/STM32F4xx_HAL_Driver/Src/stm32f4xx_hal.o
 .debug_aranges
                0x000003b0      0x130 ./Drivers/STM32F4xx_HAL_Driver/Src/stm32f4xx_hal_cortex.o
 .debug_aranges
                0x000004e0       0x58 ./Drivers/STM32F4xx_HAL_Driver/Src/stm32f4xx_hal_gpio.o
 .debug_aranges
                0x00000538       0x88 ./Drivers/STM32F4xx_HAL_Driver/Src/stm32f4xx_hal_rcc.o
 .debug_aranges
                0x000005c0      0x3d0 ./Drivers/STM32F4xx_HAL_Driver/Src/stm32f4xx_hal_tim.o
 .debug_aranges
                0x00000990      0x168 ./Drivers/STM32F4xx_HAL_Driver/Src/stm32f4xx_hal_tim_ex.o
 .debug_aranges
                0x00000af8      0x208 ./Drivers/STM32F4xx_HAL_Driver/Src/stm32f4xx_hal_uart.o
 .debug_aranges
                0x00000d00      0x2b0 ./Middlewares/Third_Party/FreeRTOS/Source/CMSIS_RTOS_V2/cmsis_os2.o
 .debug_aranges
                0x00000fb0       0x40 ./Middlewares/Third_Party/FreeRTOS/Source/list.o
 .debug_aranges
                0x00000ff0      0x158 ./Middlewares/Third_Party/FreeRTOS/Source/queue.o
 .debug_aranges
                0x00001148      0x218 ./Middlewares/Third_Party/FreeRTOS/Source/tasks.o
 .debug_aranges
                0x00001360       0xf0 ./Middlewares/Third_Party/FreeRTOS/Source/timers.o
 .debug_aranges
                0x00001450       0x80 ./Middlewares/Third_Party/FreeRTOS/Source/portable/GCC/ARM_CM4F/port.o
 .debug_aranges
                0x000014d0       0x58 ./Middlewares/Third_Party/FreeRTOS/Source/portable/MemMang/heap_4.o

.debug_rnglists
                0x00000000     0x1050
 .debug_rnglists
                0x00000000       0x25 ./Core/Src/crane_io.o
 .debug_rnglists
                0x00000025       0x19 ./Core/Src/freertos.o
 .debug_rnglists
                0x0000003e       0x14 ./Core/Src/gpio.o
 .debug_rnglists
                0x00000052       0x1a ./Core/Src/hcsr04.o
 .debug_rnglists
                0x0000006c       0x26 ./Core/Src/main.o
 .debug_rnglists
                0x00000092       0x1a ./Core/Src/motor_tasks.o
 .debug_rnglists
                0x000000ac       0x2b ./Core/Src/servo.o
 .debug_rnglists
                0x000000d7       0x13 ./Core/Src/stm32f4xx_hal_msp.o
 .debug_rnglists
                0x000000ea       0x20 ./Core/Src/stm32f4xx_hal_timebase_tim.o
 .debug_rnglists
                0x0000010a       0x43 ./Core/Src/stm32f4xx_it.o
 .debug_rnglists
                0x0000014d       0x1a ./Core/Src/system_stm32f4xx.o
 .debug_rnglists
                0x00000167       0x36 ./Core/Src/tim.o
 .debug_rnglists
                0x0000019d       0x20 ./Core/Src/usart.o
 .debug_rnglists
                0x000001bd       0x19 ./Core/Startup/startup_stm32f411retx.o
 .debug_rnglists
                0x000001d6       0xaf ./Drivers/STM32F4xx_HAL_Driver/Src/stm32f4xx_hal.o
 .debug_rnglists
                0x00000285       0xe0 ./Drivers/STM32F4xx_HAL_Driver/Src/stm32f4xx_hal_cortex.o
 .debug_rnglists
                0x00000365       0x3f ./Drivers/STM32F4xx_HAL_Driver/Src/stm32f4xx_hal_gpio.o
 .debug_rnglists
                0x000003a4       0x66 ./Drivers/STM32F4xx_HAL_Driver/Src/stm32f4xx_hal_rcc.o
 .debug_rnglists
                0x0000040a      0x31a ./Drivers/STM32F4xx_HAL_Driver/Src/stm32f4xx_hal_tim.o
 .debug_rnglists
                0x00000724      0x125 ./Drivers/STM32F4xx_HAL_Driver/Src/stm32f4xx_hal_tim_ex.o
 .debug_rnglists
                0x00000849      0x1bc ./Drivers/STM32F4xx_HAL_Driver/Src/stm32f4xx_hal_uart.o
 .debug_rnglists
                0x00000a05      0x212 ./Middlewares/Third_Party/FreeRTOS/Source/CMSIS_RTOS_V2/cmsis_os2.o
 .debug_rnglists
                0x00000c17       0x2b ./Middlewares/Third_Party/FreeRTOS/Source/list.o
 .debug_rnglists
                0x00000c42      0x109 ./Middlewares/Third_Party/FreeRTOS/Source/queue.o
 .debug_rnglists
                0x00000d4b      0x1ae ./Middlewares/Third_Party/FreeRTOS/Source/tasks.o
 .debug_rnglists
                0x00000ef9       0xb8 ./Middlewares/Third_Party/FreeRTOS/Source/timers.o
 .debug_rnglists
                0x00000fb1       0x5d ./Middlewares/Third_Party/FreeRTOS/Source/portable/GCC/ARM_CM4F/port.o
 .debug_rnglists
                0x0000100e       0x42 ./Middlewares/Third_Party/FreeRTOS/Source/portable/MemMang/heap_4.o

.debug_macro    0x00000000    0x19ab7
 .debug_macro   0x00000000      0x31d ./Core/Src/crane_io.o
 .debug_macro   0x0000031d      0xad8 ./Core/Src/crane_io.o
 .debug_macro   0x00000df5      0x29b ./Core/Src/crane_io.o
 .debug_macro   0x00001090       0x2e ./Core/Src/crane_io.o
 .debug_macro   0x000010be       0x28 ./Core/Src/crane_io.o
 .debug_macro   0x000010e6       0x22 ./Core/Src/crane_io.o
 .debug_macro   0x00001108       0x8e ./Core/Src/crane_io.o
 .debug_macro   0x00001196       0x51 ./Core/Src/crane_io.o
 .debug_macro   0x000011e7      0x103 ./Core/Src/crane_io.o
 .debug_macro   0x000012ea       0x6a ./Core/Src/crane_io.o
 .debug_macro   0x00001354      0x1df ./Core/Src/crane_io.o
 .debug_macro   0x00001533       0x1c ./Core/Src/crane_io.o
 .debug_macro   0x0000154f       0x22 ./Core/Src/crane_io.o
 .debug_macro   0x00001571       0xfb ./Core/Src/crane_io.o
 .debug_macro   0x0000166c     0x1011 ./Core/Src/crane_io.o
 .debug_macro   0x0000267d      0x11f ./Core/Src/crane_io.o
 .debug_macro   0x0000279c     0xb968 ./Core/Src/crane_io.o
 .debug_macro   0x0000e104       0x6d ./Core/Src/crane_io.o
 .debug_macro   0x0000e171     0x3693 ./Core/Src/crane_io.o
 .debug_macro   0x00011804      0x190 ./Core/Src/crane_io.o
 .debug_macro   0x00011994       0x5c ./Core/Src/crane_io.o
 .debug_macro   0x000119f0      0x45c ./Core/Src/crane_io.o
 .debug_macro   0x00011e4c      0x9e9 ./Core/Src/crane_io.o
 .debug_macro   0x00012835      0x115 ./Core/Src/crane_io.o
 .debug_macro   0x0001294a      0x11b ./Core/Src/crane_io.o
 .debug_macro   0x00012a65       0xa5 ./Core/Src/crane_io.o
 .debug_macro   0x00012b0a      0x15f ./Core/Src/crane_io.o
 .debug_macro   0x00012c69      0x287 ./Core/Src/crane_io.o
 .debug_macro   0x00012ef0       0x5f ./Core/Src/crane_io.o
 .debug_macro   0x00012f4f      0x236 ./Core/Src/crane_io.o
 .debug_macro   0x00013185      0x132 ./Core/Src/crane_io.o
 .debug_macro   0x000132b7      0x264 ./Core/Src/crane_io.o
 .debug_macro   0x0001351b       0x2e ./Core/Src/crane_io.o
 .debug_macro   0x00013549      0x127 ./Core/Src/crane_io.o
 .debug_macro   0x00013670       0x85 ./Core/Src/crane_io.o
 .debug_macro   0x000136f5       0x89 ./Core/Src/crane_io.o
 .debug_macro   0x0001377e      0x8ed ./Core/Src/crane_io.o
 .debug_macro   0x0001406b       0x47 ./Core/Src/crane_io.o
 .debug_macro   0x000140b2      0x2aa ./Core/Src/crane_io.o
 .debug_macro   0x0001435c      0x126 ./Core/Src/crane_io.o
 .debug_macro   0x00014482      0x176 ./Core/Src/crane_io.o
 .debug_macro   0x000145f8      0x15a ./Core/Src/crane_io.o
 .debug_macro   0x00014752       0xc9 ./Core/Src/crane_io.o
 .debug_macro   0x0001481b       0x1c ./Core/Src/crane_io.o
 .debug_macro   0x00014837       0x26 ./Core/Src/crane_io.o
 .debug_macro   0x0001485d       0x61 ./Core/Src/crane_io.o
 .debug_macro   0x000148be       0x2a ./Core/Src/crane_io.o
 .debug_macro   0x000148e8       0x43 ./Core/Src/crane_io.o
 .debug_macro   0x0001492b       0x34 ./Core/Src/crane_io.o
 .debug_macro   0x0001495f      0x370 ./Core/Src/crane_io.o
 .debug_macro   0x00014ccf       0x16 ./Core/Src/crane_io.o
 .debug_macro   0x00014ce5       0x4a ./Core/Src/crane_io.o
 .debug_macro   0x00014d2f       0x34 ./Core/Src/crane_io.o
 .debug_macro   0x00014d63       0x10 ./Core/Src/crane_io.o
 .debug_macro   0x00014d73       0x58 ./Core/Src/crane_io.o
 .debug_macro   0x00014dcb       0x8e ./Core/Src/crane_io.o
 .debug_macro   0x00014e59       0x1c ./Core/Src/crane_io.o
 .debug_macro   0x00014e75      0x185 ./Core/Src/crane_io.o
 .debug_macro   0x00014ffa       0x10 ./Core/Src/crane_io.o
 .debug_macro   0x0001500a       0x3c ./Core/Src/crane_io.o
 .debug_macro   0x00015046      0x4b8 ./Core/Src/crane_io.o
 .debug_macro   0x000154fe       0xb5 ./Core/Src/crane_io.o
 .debug_macro   0x000155b3       0xaa ./Core/Src/crane_io.o
 .debug_macro   0x0001565d       0x66 ./Core/Src/crane_io.o
 .debug_macro   0x000156c3       0x74 ./Core/Src/crane_io.o
 .debug_macro   0x00015737       0xdd ./Core/Src/crane_io.o
 .debug_macro   0x00015814       0x94 ./Core/Src/crane_io.o
 .debug_macro   0x000158a8      0x320 ./Core/Src/freertos.o
 .debug_macro   0x00015bc8      0x176 ./Core/Src/freertos.o
 .debug_macro   0x00015d3e       0x56 ./Core/Src/freertos.o
 .debug_macro   0x00015d94       0xbe ./Core/Src/freertos.o
 .debug_macro   0x00015e52       0x6c ./Core/Src/freertos.o
 .debug_macro   0x00015ebe       0x9a ./Core/Src/freertos.o
 .debug_macro   0x00015f58      0x1e7 ./Core/Src/gpio.o
 .debug_macro   0x0001613f      0x31d ./Core/Src/hcsr04.o
 .debug_macro   0x0001645c      0x33f ./Core/Src/main.o
 .debug_macro   0x0001679b      0x31d ./Core/Src/motor_tasks.o
 .debug_macro   0x00016ab8      0x31d ./Core/Src/servo.o
 .debug_macro   0x00016dd5      0x1dd ./Core/Src/stm32f4xx_hal_msp.o
 .debug_macro   0x00016fb2      0x1ce ./Core/Src/stm32f4xx_hal_timebase_tim.o
 .debug_macro   0x00017180      0x1e7 ./Core/Src/stm32f4xx_it.o
 .debug_macro   0x00017367      0x1ce ./Core/Src/system_stm32f4xx.o
 .debug_macro   0x00017535      0x1e7 ./Core/Src/tim.o
 .debug_macro   0x0001771c      0x1e7 ./Core/Src/usart.o
 .debug_macro   0x00017903      0x22e ./Drivers/STM32F4xx_HAL_Driver/Src/stm32f4xx_hal.o
 .debug_macro   0x00017b31      0x1ce ./Drivers/STM32F4xx_HAL_Driver/Src/stm32f4xx_hal_cortex.o
 .debug_macro   0x00017cff      0x1d4 ./Drivers/STM32F4xx_HAL_Driver/Src/stm32f4xx_hal_gpio.o
 .debug_macro   0x00017ed3      0x1f2 ./Drivers/STM32F4xx_HAL_Driver/Src/stm32f4xx_hal_rcc.o
 .debug_macro   0x000180c5      0x1cf ./Drivers/STM32F4xx_HAL_Driver/Src/stm32f4xx_hal_tim.o
 .debug_macro   0x00018294      0x1ce ./Drivers/STM32F4xx_HAL_Driver/Src/stm32f4xx_hal_tim_ex.o
 .debug_macro   0x00018462      0x1cf ./Drivers/STM32F4xx_HAL_Driver/Src/stm32f4xx_hal_uart.o
 .debug_macro   0x00018631      0x3d7 ./Middlewares/Third_Party/FreeRTOS/Source/CMSIS_RTOS_V2/cmsis_os2.o
 .debug_macro   0x00018a08       0x10 ./Middlewares/Third_Party/FreeRTOS/Source/CMSIS_RTOS_V2/cmsis_os2.o
 .debug_macro   0x00018a18       0x20 ./Middlewares/Third_Party/FreeRTOS/Source/CMSIS_RTOS_V2/cmsis_os2.o
 .debug_macro   0x00018a38       0x10 ./Middlewares/Third_Party/FreeRTOS/Source/CMSIS_RTOS_V2/cmsis_os2.o
 .debug_macro   0x00018a48       0xf5 ./Middlewares/Third_Party/FreeRTOS/Source/CMSIS_RTOS_V2/cmsis_os2.o
 .debug_macro   0x00018b3d       0x16 ./Middlewares/Third_Party/FreeRTOS/Source/CMSIS_RTOS_V2/cmsis_os2.o
 .debug_macro   0x00018b53       0x91 ./Middlewares/Third_Party/FreeRTOS/Source/CMSIS_RTOS_V2/cmsis_os2.o
 .debug_macro   0x00018be4       0x8d ./Middlewares/Third_Party/FreeRTOS/Source/CMSIS_RTOS_V2/cmsis_os2.o
 .debug_macro   0x00018c71       0x9a ./Middlewares/Third_Party/FreeRTOS/Source/CMSIS_RTOS_V2/cmsis_os2.o
 .debug_macro   0x00018d0b       0x22 ./Middlewares/Third_Party/FreeRTOS/Source/CMSIS_RTOS_V2/cmsis_os2.o
 .debug_macro   0x00018d2d      0x199 ./Middlewares/Third_Party/FreeRTOS/Source/list.o
 .debug_macro   0x00018ec6      0x228 ./Middlewares/Third_Party/FreeRTOS/Source/queue.o
 .debug_macro   0x000190ee       0x16 ./Middlewares/Third_Party/FreeRTOS/Source/queue.o
 .debug_macro   0x00019104       0x87 ./Middlewares/Third_Party/FreeRTOS/Source/queue.o
 .debug_macro   0x0001918b      0x291 ./Middlewares/Third_Party/FreeRTOS/Source/tasks.o
 .debug_macro   0x0001941c       0x10 ./Middlewares/Third_Party/FreeRTOS/Source/tasks.o
 .debug_macro   0x0001942c      0x1ee ./Middlewares/Third_Party/FreeRTOS/Source/timers.o
 .debug_macro   0x0001961a       0x97 ./Middlewares/Third_Party/FreeRTOS/Source/timers.o
 .debug_macro   0x000196b1      0x246 ./Middlewares/Third_Party/FreeRTOS/Source/portable/GCC/ARM_CM4F/port.o
 .debug_macro   0x000198f7      0x1c0 ./Middlewares/Third_Party/FreeRTOS/Source/portable/MemMang/heap_4.o

.debug_line     0x00000000    0x19d3b
 .debug_line    0x00000000      0xa2d ./Core/Src/crane_io.o
 .debug_line    0x00000a2d      0xa02 ./Core/Src/freertos.o
 .debug_line    0x0000142f      0x798 ./Core/Src/gpio.o
 .debug_line    0x00001bc7      0xa6b ./Core/Src/hcsr04.o
 .debug_line    0x00002632      0xa92 ./Core/Src/main.o
 .debug_line    0x000030c4      0xa47 ./Core/Src/motor_tasks.o
 .debug_line    0x00003b0b      0xa70 ./Core/Src/servo.o
 .debug_line    0x0000457b      0x747 ./Core/Src/stm32f4xx_hal_msp.o
 .debug_line    0x00004cc2      0x7c4 ./Core/Src/stm32f4xx_hal_timebase_tim.o
 .debug_line    0x00005486      0x7ff ./Core/Src/stm32f4xx_it.o
 .debug_line    0x00005c85      0x7bc ./Core/Src/system_stm32f4xx.o
 .debug_line    0x00006441      0x9a8 ./Core/Src/tim.o
 .debug_line    0x00006de9      0x7b4 ./Core/Src/usart.o
 .debug_line    0x0000759d       0x7a ./Core/Startup/startup_stm32f411retx.o
 .debug_line    0x00007617      0xa38 ./Drivers/STM32F4xx_HAL_Driver/Src/stm32f4xx_hal.o
 .debug_line    0x0000804f      0xd08 ./Drivers/STM32F4xx_HAL_Driver/Src/stm32f4xx_hal_cortex.o
 .debug_line    0x00008d57      0xb54 ./Drivers/STM32F4xx_HAL_Driver/Src/stm32f4xx_hal_gpio.o
 .debug_line    0x000098ab      0xe47 ./Drivers/STM32F4xx_HAL_Driver/Src/stm32f4xx_hal_rcc.o
 .debug_line    0x0000a6f2     0x3577 ./Drivers/STM32F4xx_HAL_Driver/Src/stm32f4xx_hal_tim.o
 .debug_line    0x0000dc69     0x1933 ./Drivers/STM32F4xx_HAL_Driver/Src/stm32f4xx_hal_tim_ex.o
 .debug_line    0x0000f59c     0x2580 ./Drivers/STM32F4xx_HAL_Driver/Src/stm32f4xx_hal_uart.o
 .debug_line    0x00011b1c     0x2522 ./Middlewares/Third_Party/FreeRTOS/Source/CMSIS_RTOS_V2/cmsis_os2.o
 .debug_line    0x0001403e      0x797 ./Middlewares/Third_Party/FreeRTOS/Source/list.o
 .debug_line    0x000147d5     0x1708 ./Middlewares/Third_Party/FreeRTOS/Source/queue.o
 .debug_line    0x00015edd     0x1d8e ./Middlewares/Third_Party/FreeRTOS/Source/tasks.o
 .debug_line    0x00017c6b      0xdd7 ./Middlewares/Third_Party/FreeRTOS/Source/timers.o
 .debug_line    0x00018a42      0x94b ./Middlewares/Third_Party/FreeRTOS/Source/portable/GCC/ARM_CM4F/port.o
 .debug_line    0x0001938d      0x9ae ./Middlewares/Third_Party/FreeRTOS/Source/portable/MemMang/heap_4.o

.debug_str      0x00000000    0x98bca
 .debug_str     0x00000000    0x98bca ./Core/Src/crane_io.o
                              0x8edfb (size before relaxing)
 .debug_str     0x00098bca    0x8f5ff ./Core/Src/freertos.o
 .debug_str     0x00098bca    0x878f7 ./Core/Src/gpio.o
 .debug_str     0x00098bca    0x8f38d ./Core/Src/hcsr04.o
 .debug_str     0x00098bca    0x8f75c ./Core/Src/main.o
 .debug_str     0x00098bca    0x8ee4c ./Core/Src/motor_tasks.o
 .debug_str     0x00098bca    0x8f317 ./Core/Src/servo.o
 .debug_str     0x00098bca    0x87819 ./Core/Src/stm32f4xx_hal_msp.o
 .debug_str     0x00098bca    0x87bc3 ./Core/Src/stm32f4xx_hal_timebase_tim.o
 .debug_str     0x00098bca    0x87957 ./Core/Src/stm32f4xx_it.o
 .debug_str     0x00098bca    0x87224 ./Core/Src/system_stm32f4xx.o
 .debug_str     0x00098bca    0x8814b ./Core/Src/tim.o
 .debug_str     0x00098bca    0x879ec ./Core/Src/usart.o
 .debug_str     0x00098bca       0xc5 ./Core/Startup/startup_stm32f411retx.o
 .debug_str     0x00098bca    0x87c50 ./Drivers/STM32F4xx_HAL_Driver/Src/stm32f4xx_hal.o
 .debug_str     0x00098bca    0x879ba ./Drivers/STM32F4xx_HAL_Driver/Src/stm32f4xx_hal_cortex.o
 .debug_str     0x00098bca    0x8739f ./Drivers/STM32F4xx_HAL_Driver/Src/stm32f4xx_hal_gpio.o
 .debug_str     0x00098bca    0x87658 ./Drivers/STM32F4xx_HAL_Driver/Src/stm32f4xx_hal_rcc.o
 .debug_str     0x00098bca    0x8859c ./Drivers/STM32F4xx_HAL_Driver/Src/stm32f4xx_hal_tim.o
 .debug_str     0x00098bca    0x87da8 ./Drivers/STM32F4xx_HAL_Driver/Src/stm32f4xx_hal_tim_ex.o
 .debug_str     0x00098bca    0x87c27 ./Drivers/STM32F4xx_HAL_Driver/Src/stm32f4xx_hal_uart.o
 .debug_str     0x00098bca    0x920b5 ./Middlewares/Third_Party/FreeRTOS/Source/CMSIS_RTOS_V2/cmsis_os2.o
 .debug_str     0x00098bca     0xac74 ./Middlewares/Third_Party/FreeRTOS/Source/list.o
 .debug_str     0x00098bca     0xc7b4 ./Middlewares/Third_Party/FreeRTOS/Source/queue.o
 .debug_str     0x00098bca     0xd61c ./Middlewares/Third_Party/FreeRTOS/Source/tasks.o
 .debug_str     0x00098bca     0xd005 ./Middlewares/Third_Party/FreeRTOS/Source/timers.o
 .debug_str     0x00098bca     0xb9b2 ./Middlewares/Third_Party/FreeRTOS/Source/portable/GCC/ARM_CM4F/port.o
 .debug_str     0x00098bca     0xb5b6 ./Middlewares/Third_Party/FreeRTOS/Source/portable/MemMang/heap_4.o

.comment        0x00000000       0x43
 .comment       0x00000000       0x43 ./Core/Src/crane_io.o
                                 0x44 (size before relaxing)
 .comment       0x00000043       0x44 ./Core/Src/freertos.o
 .comment       0x00000043       0x44 ./Core/Src/gpio.o
 .comment       0x00000043       0x44 ./Core/Src/hcsr04.o
 .comment       0x00000043       0x44 ./Core/Src/main.o
 .comment       0x00000043       0x44 ./Core/Src/motor_tasks.o
 .comment       0x00000043       0x44 ./Core/Src/servo.o
 .comment       0x00000043       0x44 ./Core/Src/stm32f4xx_hal_msp.o
 .comment       0x00000043       0x44 ./Core/Src/stm32f4xx_hal_timebase_tim.o
 .comment       0x00000043       0x44 ./Core/Src/stm32f4xx_it.o
 .comment       0x00000043       0x44 ./Core/Src/system_stm32f4xx.o
 .comment       0x00000043       0x44 ./Core/Src/tim.o
 .comment       0x00000043       0x44 ./Core/Src/usart.o
 .comment       0x00000043       0x44 ./Drivers/STM32F4xx_HAL_Driver/Src/stm32f4xx_hal.o
 .comment       0x00000043       0x44 ./Drivers/STM32F4xx_HAL_Driver/Src/stm32f4xx_hal_cortex.o
 .comment       0x00000043       0x44 ./Drivers/STM32F4xx_HAL_Driver/Src/stm32f4xx_hal_gpio.o
 .comment       0x00000043       0x44 ./Drivers/STM32F4xx_HAL_Driver/Src/stm32f4xx_hal_rcc.o
 .comment       0x00000043       0x44 ./Drivers/STM32F4xx_HAL_Driver/Src/stm32f4xx_hal_tim.o
 .comment       0x00000043       0x44 ./Drivers/STM32F4xx_HAL_Driver/Src/stm32f4xx_hal_tim_ex.o
 .comment       0x00000043       0x44 ./Drivers/STM32F4xx_HAL_Driver/Src/stm32f4xx_hal_uart.o
 .comment       0x00000043       0x44 ./Middlewares/Third_Party/FreeRTOS/Source/CMSIS_RTOS_V2/cmsis_os2.o
 .comment       0x00000043       0x44 ./Middlewares/Third_Party/FreeRTOS/Source/list.o
 .comment       0x00000043       0x44 ./Middlewares/Third_Party/FreeRTOS/Source/queue.o
 .comment       0x00000043       0x44 ./Middlewares/Third_Party/FreeRTOS/Source/tasks.o
 .comment       0x00000043       0x44 ./Middlewares/Third_Party/FreeRTOS/Source/timers.o
 .comment       0x00000043       0x44 ./Middlewares/Third_Party/FreeRTOS/Source/portable/GCC/ARM_CM4F/port.o
 .comment       0x00000043       0x44 ./Middlewares/Third_Party/FreeRTOS/Source/portable/MemMang/heap_4.o

.debug_frame    0x00000000     0x59b4
 .debug_frame   0x00000000       0x80 ./Core/Src/crane_io.o
 .debug_frame   0x00000080       0x54 ./Core/Src/freertos.o
 .debug_frame   0x000000d4       0x34 ./Core/Src/gpio.o
 .debug_frame   0x00000108       0x50 ./Core/Src/hcsr04.o
 .debug_frame   0x00000158       0x8c ./Core/Src/main.o
 .debug_frame   0x000001e4       0x50 ./Core/Src/motor_tasks.o
 .debug_frame   0x00000234       0xb8 ./Core/Src/servo.o
 .debug_frame   0x000002ec       0x34 ./Core/Src/stm32f4xx_hal_msp.o
 .debug_frame   0x00000320       0x74 ./Core/Src/stm32f4xx_hal_timebase_tim.o
 .debug_frame   0x00000394       0xfc ./Core/Src/stm32f4xx_it.o
 .debug_frame   0x00000490       0x58 ./Core/Src/system_stm32f4xx.o
 .debug_frame   0x000004e8       0xe8 ./Core/Src/tim.o
 .debug_frame   0x000005d0       0x74 ./Core/Src/usart.o
 .debug_frame   0x00000644      0x374 ./Drivers/STM32F4xx_HAL_Driver/Src/stm32f4xx_hal.o
 .debug_frame   0x000009b8      0x508 ./Drivers/STM32F4xx_HAL_Driver/Src/stm32f4xx_hal_cortex.o
 .debug_frame   0x00000ec0      0x14c ./Drivers/STM32F4xx_HAL_Driver/Src/stm32f4xx_hal_gpio.o
 .debug_frame   0x0000100c      0x1f4 ./Drivers/STM32F4xx_HAL_Driver/Src/stm32f4xx_hal_rcc.o
 .debug_frame   0x00001200     0x11b8 ./Drivers/STM32F4xx_HAL_Driver/Src/stm32f4xx_hal_tim.o
 .debug_frame   0x000023b8      0x638 ./Drivers/STM32F4xx_HAL_Driver/Src/stm32f4xx_hal_tim_ex.o
 .debug_frame   0x000029f0      0x954 ./Drivers/STM32F4xx_HAL_Driver/Src/stm32f4xx_hal_uart.o
 .debug_frame   0x00003344      0xbe4 ./Middlewares/Third_Party/FreeRTOS/Source/CMSIS_RTOS_V2/cmsis_os2.o
 .debug_frame   0x00003f28       0xd8 ./Middlewares/Third_Party/FreeRTOS/Source/list.o
 .debug_frame   0x00004000      0x5ec ./Middlewares/Third_Party/FreeRTOS/Source/queue.o