16:16:25 **** Incremental Build of configuration Debug for project RTS_CRANE_PROJECT ****
make -j20 all 
arm-none-eabi-gcc "../Core/Src/comm_io.c" -mcpu=cortex-m4 -std=gnu11 -g3 -DDEBUG -DUSE_HAL_DRIVER -DSTM32F411xE -c -I../Core/Inc -I../Drivers/STM32F4xx_HAL_Driver/Inc -I../Drivers/STM32F4xx_HAL_Driver/Inc/Legacy -I../Middlewares/Third_Party/FreeRTOS/Source/include -I../Middlewares/Third_Party/FreeRTOS/Source/CMSIS_RTOS_V2 -I../Middlewares/Third_Party/FreeRTOS/Source/portable/GCC/ARM_CM4F -I../Drivers/CMSIS/Device/ST/STM32F4xx/Include -I../Drivers/CMSIS/Include -O0 -ffunction-sections -fdata-sections -Wall -fstack-usage -fcyclomatic-complexity -MMD -MP -MF"Core/Src/comm_io.d" -MT"Core/Src/comm_io.o" --specs=nano.specs -mfpu=fpv4-sp-d16 -mfloat-abi=hard -mthumb -o "Core/Src/comm_io.o"
arm-none-eabi-gcc "../Core/Src/freertos.c" -mcpu=cortex-m4 -std=gnu11 -g3 -DDEBUG -DUSE_HAL_DRIVER -DSTM32F411xE -c -I../Core/Inc -I../Drivers/STM32F4xx_HAL_Driver/Inc -I../Drivers/STM32F4xx_HAL_Driver/Inc/Legacy -I../Middlewares/Third_Party/FreeRTOS/Source/include -I../Middlewares/Third_Party/FreeRTOS/Source/CMSIS_RTOS_V2 -I../Middlewares/Third_Party/FreeRTOS/Source/portable/GCC/ARM_CM4F -I../Drivers/CMSIS/Device/ST/STM32F4xx/Include -I../Drivers/CMSIS/Include -O0 -ffunction-sections -fdata-sections -Wall -fstack-usage -fcyclomatic-complexity -MMD -MP -MF"Core/Src/freertos.d" -MT"Core/Src/freertos.o" --specs=nano.specs -mfpu=fpv4-sp-d16 -mfloat-abi=hard -mthumb -o "Core/Src/freertos.o"
arm-none-eabi-gcc "../Core/Src/gpio.c" -mcpu=cortex-m4 -std=gnu11 -g3 -DDEBUG -DUSE_HAL_DRIVER -DSTM32F411xE -c -I../Core/Inc -I../Drivers/STM32F4xx_HAL_Driver/Inc -I../Drivers/STM32F4xx_HAL_Driver/Inc/Legacy -I../Middlewares/Third_Party/FreeRTOS/Source/include -I../Middlewares/Third_Party/FreeRTOS/Source/CMSIS_RTOS_V2 -I../Middlewares/Third_Party/FreeRTOS/Source/portable/GCC/ARM_CM4F -I../Drivers/CMSIS/Device/ST/STM32F4xx/Include -I../Drivers/CMSIS/Include -O0 -ffunction-sections -fdata-sections -Wall -fstack-usage -fcyclomatic-complexity -MMD -MP -MF"Core/Src/gpio.d" -MT"Core/Src/gpio.o" --specs=nano.specs -mfpu=fpv4-sp-d16 -mfloat-abi=hard -mthumb -o "Core/Src/gpio.o"
arm-none-eabi-gcc "../Core/Src/interrupt_handlers.c" -mcpu=cortex-m4 -std=gnu11 -g3 -DDEBUG -DUSE_HAL_DRIVER -DSTM32F411xE -c -I../Core/Inc -I../Drivers/STM32F4xx_HAL_Driver/Inc -I../Drivers/STM32F4xx_HAL_Driver/Inc/Legacy -I../Middlewares/Third_Party/FreeRTOS/Source/include -I../Middlewares/Third_Party/FreeRTOS/Source/CMSIS_RTOS_V2 -I../Middlewares/Third_Party/FreeRTOS/Source/portable/GCC/ARM_CM4F -I../Drivers/CMSIS/Device/ST/STM32F4xx/Include -I../Drivers/CMSIS/Include -O0 -ffunction-sections -fdata-sections -Wall -fstack-usage -fcyclomatic-complexity -MMD -MP -MF"Core/Src/interrupt_handlers.d" -MT"Core/Src/interrupt_handlers.o" --specs=nano.specs -mfpu=fpv4-sp-d16 -mfloat-abi=hard -mthumb -o "Core/Src/interrupt_handlers.o"
arm-none-eabi-gcc "../Core/Src/main.c" -mcpu=cortex-m4 -std=gnu11 -g3 -DDEBUG -DUSE_HAL_DRIVER -DSTM32F411xE -c -I../Core/Inc -I../Drivers/STM32F4xx_HAL_Driver/Inc -I../Drivers/STM32F4xx_HAL_Driver/Inc/Legacy -I../Middlewares/Third_Party/FreeRTOS/Source/include -I../Middlewares/Third_Party/FreeRTOS/Source/CMSIS_RTOS_V2 -I../Middlewares/Third_Party/FreeRTOS/Source/portable/GCC/ARM_CM4F -I../Drivers/CMSIS/Device/ST/STM32F4xx/Include -I../Drivers/CMSIS/Include -O0 -ffunction-sections -fdata-sections -Wall -fstack-usage -fcyclomatic-complexity -MMD -MP -MF"Core/Src/main.d" -MT"Core/Src/main.o" --specs=nano.specs -mfpu=fpv4-sp-d16 -mfloat-abi=hard -mthumb -o "Core/Src/main.o"
arm-none-eabi-gcc "../Core/Src/stm32f4xx_hal_msp.c" -mcpu=cortex-m4 -std=gnu11 -g3 -DDEBUG -DUSE_HAL_DRIVER -DSTM32F411xE -c -I../Core/Inc -I../Drivers/STM32F4xx_HAL_Driver/Inc -I../Drivers/STM32F4xx_HAL_Driver/Inc/Legacy -I../Middlewares/Third_Party/FreeRTOS/Source/include -I../Middlewares/Third_Party/FreeRTOS/Source/CMSIS_RTOS_V2 -I../Middlewares/Third_Party/FreeRTOS/Source/portable/GCC/ARM_CM4F -I../Drivers/CMSIS/Device/ST/STM32F4xx/Include -I../Drivers/CMSIS/Include -O0 -ffunction-sections -fdata-sections -Wall -fstack-usage -fcyclomatic-complexity -MMD -MP -MF"Core/Src/stm32f4xx_hal_msp.d" -MT"Core/Src/stm32f4xx_hal_msp.o" --specs=nano.specs -mfpu=fpv4-sp-d16 -mfloat-abi=hard -mthumb -o "Core/Src/stm32f4xx_hal_msp.o"
arm-none-eabi-gcc "../Core/Src/stm32f4xx_it.c" -mcpu=cortex-m4 -std=gnu11 -g3 -DDEBUG -DUSE_HAL_DRIVER -DSTM32F411xE -c -I../Core/Inc -I../Drivers/STM32F4xx_HAL_Driver/Inc -I../Drivers/STM32F4xx_HAL_Driver/Inc/Legacy -I../Middlewares/Third_Party/FreeRTOS/Source/include -I../Middlewares/Third_Party/FreeRTOS/Source/CMSIS_RTOS_V2 -I../Middlewares/Third_Party/FreeRTOS/Source/portable/GCC/ARM_CM4F -I../Drivers/CMSIS/Device/ST/STM32F4xx/Include -I../Drivers/CMSIS/Include -O0 -ffunction-sections -fdata-sections -Wall -fstack-usage -fcyclomatic-complexity -MMD -MP -MF"Core/Src/stm32f4xx_it.d" -MT"Core/Src/stm32f4xx_it.o" --specs=nano.specs -mfpu=fpv4-sp-d16 -mfloat-abi=hard -mthumb -o "Core/Src/stm32f4xx_it.o"
arm-none-eabi-gcc "../Core/Src/tim.c" -mcpu=cortex-m4 -std=gnu11 -g3 -DDEBUG -DUSE_HAL_DRIVER -DSTM32F411xE -c -I../Core/Inc -I../Drivers/STM32F4xx_HAL_Driver/Inc -I../Drivers/STM32F4xx_HAL_Driver/Inc/Legacy -I../Middlewares/Third_Party/FreeRTOS/Source/include -I../Middlewares/Third_Party/FreeRTOS/Source/CMSIS_RTOS_V2 -I../Middlewares/Third_Party/FreeRTOS/Source/portable/GCC/ARM_CM4F -I../Drivers/CMSIS/Device/ST/STM32F4xx/Include -I../Drivers/CMSIS/Include -O0 -ffunction-sections -fdata-sections -Wall -fstack-usage -fcyclomatic-complexity -MMD -MP -MF"Core/Src/tim.d" -MT"Core/Src/tim.o" --specs=nano.specs -mfpu=fpv4-sp-d16 -mfloat-abi=hard -mthumb -o "Core/Src/tim.o"
arm-none-eabi-gcc "../Core/Src/usart.c" -mcpu=cortex-m4 -std=gnu11 -g3 -DDEBUG -DUSE_HAL_DRIVER -DSTM32F411xE -c -I../Core/Inc -I../Drivers/STM32F4xx_HAL_Driver/Inc -I../Drivers/STM32F4xx_HAL_Driver/Inc/Legacy -I../Middlewares/Third_Party/FreeRTOS/Source/include -I../Middlewares/Third_Party/FreeRTOS/Source/CMSIS_RTOS_V2 -I../Middlewares/Third_Party/FreeRTOS/Source/portable/GCC/ARM_CM4F -I../Drivers/CMSIS/Device/ST/STM32F4xx/Include -I../Drivers/CMSIS/Include -O0 -ffunction-sections -fdata-sections -Wall -fstack-usage -fcyclomatic-complexity -MMD -MP -MF"Core/Src/usart.d" -MT"Core/Src/usart.o" --specs=nano.specs -mfpu=fpv4-sp-d16 -mfloat-abi=hard -mthumb -o "Core/Src/usart.o"
arm-none-eabi-gcc -o "RTS_CRANE_PROJECT.elf" @"objects.list"   -mcpu=cortex-m4 -T"C:\Users\go\Documents\STM32\STM32Workspaces\RTS_TermProject\RTS_CRANE_PROJECT\STM32F411RETX_FLASH.ld" --specs=nosys.specs -Wl,-Map="RTS_CRANE_PROJECT.map" -Wl,--gc-sections -static --specs=nano.specs -mfpu=fpv4-sp-d16 -mfloat-abi=hard -mthumb -Wl,--start-group -lc -lm -Wl,--end-group
Finished building target: RTS_CRANE_PROJECT.elf
 
arm-none-eabi-size  RTS_CRANE_PROJECT.elf 
arm-none-eabi-objdump -h -S RTS_CRANE_PROJECT.elf  > "RTS_CRANE_PROJECT.list"
   text	   data	    bss	    dec	    hex	filename
  28736	     96	  21128	  49960	   c328	RTS_CRANE_PROJECT.elf
Finished building: default.size.stdout
 
Finished building: RTS_CRANE_PROJECT.list
 
16:16:34 **** Incremental Build of configuration Debug for project RTS_CRANE_PROJECT ****
make -j20 all 
arm-none-eabi-size  RTS_CRANE_PROJECT.elf 
   text	   data	    bss	    dec	    hex	filename
  28736	     96	  21128	  49960	   c328	RTS_CRANE_PROJECT.elf
Finished building: default.size.stdout
 
16:17:22 **** Incremental Build of configuration Debug for project RTS_CRANE_PROJECT ****
make -j20 all 
arm-none-eabi-size  RTS_CRANE_PROJECT.elf 
   text	   data	    bss	    dec	    hex	filename
  28736	     96	  21128	  49960	   c328	RTS_CRANE_PROJECT.elf
Finished building: default.size.stdout
 
16:21:04 **** Incremental Build of configuration Debug for project RTS_CRANE_PROJECT ****
make -j20 all 
arm-none-eabi-gcc "../Core/Src/comm_io.c" -mcpu=cortex-m4 -std=gnu11 -g3 -DDEBUG -DUSE_HAL_DRIVER -DSTM32F411xE -c -I../Core/Inc -I../Drivers/STM32F4xx_HAL_Driver/Inc -I../Drivers/STM32F4xx_HAL_Driver/Inc/Legacy -I../Middlewares/Third_Party/FreeRTOS/Source/include -I../Middlewares/Third_Party/FreeRTOS/Source/CMSIS_RTOS_V2 -I../Middlewares/Third_Party/FreeRTOS/Source/portable/GCC/ARM_CM4F -I../Drivers/CMSIS/Device/ST/STM32F4xx/Include -I../Drivers/CMSIS/Include -O0 -ffunction-sections -fdata-sections -Wall -fstack-usage -fcyclomatic-complexity -MMD -MP -MF"Core/Src/comm_io.d" -MT"Core/Src/comm_io.o" --specs=nano.specs -mfpu=fpv4-sp-d16 -mfloat-abi=hard -mthumb -o "Core/Src/comm_io.o"
arm-none-eabi-gcc "../Core/Src/freertos.c" -mcpu=cortex-m4 -std=gnu11 -g3 -DDEBUG -DUSE_HAL_DRIVER -DSTM32F411xE -c -I../Core/Inc -I../Drivers/STM32F4xx_HAL_Driver/Inc -I../Drivers/STM32F4xx_HAL_Driver/Inc/Legacy -I../Middlewares/Third_Party/FreeRTOS/Source/include -I../Middlewares/Third_Party/FreeRTOS/Source/CMSIS_RTOS_V2 -I../Middlewares/Third_Party/FreeRTOS/Source/portable/GCC/ARM_CM4F -I../Drivers/CMSIS/Device/ST/STM32F4xx/Include -I../Drivers/CMSIS/Include -O0 -ffunction-sections -fdata-sections -Wall -fstack-usage -fcyclomatic-complexity -MMD -MP -MF"Core/Src/freertos.d" -MT"Core/Src/freertos.o" --specs=nano.specs -mfpu=fpv4-sp-d16 -mfloat-abi=hard -mthumb -o "Core/Src/freertos.o"
arm-none-eabi-gcc "../Core/Src/gpio.c" -mcpu=cortex-m4 -std=gnu11 -g3 -DDEBUG -DUSE_HAL_DRIVER -DSTM32F411xE -c -I../Core/Inc -I../Drivers/STM32F4xx_HAL_Driver/Inc -I../Drivers/STM32F4xx_HAL_Driver/Inc/Legacy -I../Middlewares/Third_Party/FreeRTOS/Source/include -I../Middlewares/Third_Party/FreeRTOS/Source/CMSIS_RTOS_V2 -I../Middlewares/Third_Party/FreeRTOS/Source/portable/GCC/ARM_CM4F -I../Drivers/CMSIS/Device/ST/STM32F4xx/Include -I../Drivers/CMSIS/Include -O0 -ffunction-sections -fdata-sections -Wall -fstack-usage -fcyclomatic-complexity -MMD -MP -MF"Core/Src/gpio.d" -MT"Core/Src/gpio.o" --specs=nano.specs -mfpu=fpv4-sp-d16 -mfloat-abi=hard -mthumb -o "Core/Src/gpio.o"
arm-none-eabi-gcc "../Core/Src/interrupt_handlers.c" -mcpu=cortex-m4 -std=gnu11 -g3 -DDEBUG -DUSE_HAL_DRIVER -DSTM32F411xE -c -I../Core/Inc -I../Drivers/STM32F4xx_HAL_Driver/Inc -I../Drivers/STM32F4xx_HAL_Driver/Inc/Legacy -I../Middlewares/Third_Party/FreeRTOS/Source/include -I../Middlewares/Third_Party/FreeRTOS/Source/CMSIS_RTOS_V2 -I../Middlewares/Third_Party/FreeRTOS/Source/portable/GCC/ARM_CM4F -I../Drivers/CMSIS/Device/ST/STM32F4xx/Include -I../Drivers/CMSIS/Include -O0 -ffunction-sections -fdata-sections -Wall -fstack-usage -fcyclomatic-complexity -MMD -MP -MF"Core/Src/interrupt_handlers.d" -MT"Core/Src/interrupt_handlers.o" --specs=nano.specs -mfpu=fpv4-sp-d16 -mfloat-abi=hard -mthumb -o "Core/Src/interrupt_handlers.o"
arm-none-eabi-gcc "../Core/Src/main.c" -mcpu=cortex-m4 -std=gnu11 -g3 -DDEBUG -DUSE_HAL_DRIVER -DSTM32F411xE -c -I../Core/Inc -I../Drivers/STM32F4xx_HAL_Driver/Inc -I../Drivers/STM32F4xx_HAL_Driver/Inc/Legacy -I../Middlewares/Third_Party/FreeRTOS/Source/include -I../Middlewares/Third_Party/FreeRTOS/Source/CMSIS_RTOS_V2 -I../Middlewares/Third_Party/FreeRTOS/Source/portable/GCC/ARM_CM4F -I../Drivers/CMSIS/Device/ST/STM32F4xx/Include -I../Drivers/CMSIS/Include -O0 -ffunction-sections -fdata-sections -Wall -fstack-usage -fcyclomatic-complexity -MMD -MP -MF"Core/Src/main.d" -MT"Core/Src/main.o" --specs=nano.specs -mfpu=fpv4-sp-d16 -mfloat-abi=hard -mthumb -o "Core/Src/main.o"
arm-none-eabi-gcc "../Core/Src/stm32f4xx_hal_msp.c" -mcpu=cortex-m4 -std=gnu11 -g3 -DDEBUG -DUSE_HAL_DRIVER -DSTM32F411xE -c -I../Core/Inc -I../Drivers/STM32F4xx_HAL_Driver/Inc -I../Drivers/STM32F4xx_HAL_Driver/Inc/Legacy -I../Middlewares/Third_Party/FreeRTOS/Source/include -I../Middlewares/Third_Party/FreeRTOS/Source/CMSIS_RTOS_V2 -I../Middlewares/Third_Party/FreeRTOS/Source/portable/GCC/ARM_CM4F -I../Drivers/CMSIS/Device/ST/STM32F4xx/Include -I../Drivers/CMSIS/Include -O0 -ffunction-sections -fdata-sections -Wall -fstack-usage -fcyclomatic-complexity -MMD -MP -MF"Core/Src/stm32f4xx_hal_msp.d" -MT"Core/Src/stm32f4xx_hal_msp.o" --specs=nano.specs -mfpu=fpv4-sp-d16 -mfloat-abi=hard -mthumb -o "Core/Src/stm32f4xx_hal_msp.o"
arm-none-eabi-gcc "../Core/Src/stm32f4xx_it.c" -mcpu=cortex-m4 -std=gnu11 -g3 -DDEBUG -DUSE_HAL_DRIVER -DSTM32F411xE -c -I../Core/Inc -I../Drivers/STM32F4xx_HAL_Driver/Inc -I../Drivers/STM32F4xx_HAL_Driver/Inc/Legacy -I../Middlewares/Third_Party/FreeRTOS/Source/include -I../Middlewares/Third_Party/FreeRTOS/Source/CMSIS_RTOS_V2 -I../Middlewares/Third_Party/FreeRTOS/Source/portable/GCC/ARM_CM4F -I../Drivers/CMSIS/Device/ST/STM32F4xx/Include -I../Drivers/CMSIS/Include -O0 -ffunction-sections -fdata-sections -Wall -fstack-usage -fcyclomatic-complexity -MMD -MP -MF"Core/Src/stm32f4xx_it.d" -MT"Core/Src/stm32f4xx_it.o" --specs=nano.specs -mfpu=fpv4-sp-d16 -mfloat-abi=hard -mthumb -o "Core/Src/stm32f4xx_it.o"
arm-none-eabi-gcc "../Core/Src/tim.c" -mcpu=cortex-m4 -std=gnu11 -g3 -DDEBUG -DUSE_HAL_DRIVER -DSTM32F411xE -c -I../Core/Inc -I../Drivers/STM32F4xx_HAL_Driver/Inc -I../Drivers/STM32F4xx_HAL_Driver/Inc/Legacy -I../Middlewares/Third_Party/FreeRTOS/Source/include -I../Middlewares/Third_Party/FreeRTOS/Source/CMSIS_RTOS_V2 -I../Middlewares/Third_Party/FreeRTOS/Source/portable/GCC/ARM_CM4F -I../Drivers/CMSIS/Device/ST/STM32F4xx/Include -I../Drivers/CMSIS/Include -O0 -ffunction-sections -fdata-sections -Wall -fstack-usage -fcyclomatic-complexity -MMD -MP -MF"Core/Src/tim.d" -MT"Core/Src/tim.o" --specs=nano.specs -mfpu=fpv4-sp-d16 -mfloat-abi=hard -mthumb -o "Core/Src/tim.o"
arm-none-eabi-gcc "../Core/Src/usart.c" -mcpu=cortex-m4 -std=gnu11 -g3 -DDEBUG -DUSE_HAL_DRIVER -DSTM32F411xE -c -I../Core/Inc -I../Drivers/STM32F4xx_HAL_Driver/Inc -I../Drivers/STM32F4xx_HAL_Driver/Inc/Legacy -I../Middlewares/Third_Party/FreeRTOS/Source/include -I../Middlewares/Third_Party/FreeRTOS/Source/CMSIS_RTOS_V2 -I../Middlewares/Third_Party/FreeRTOS/Source/portable/GCC/ARM_CM4F -I../Drivers/CMSIS/Device/ST/STM32F4xx/Include -I../Drivers/CMSIS/Include -O0 -ffunction-sections -fdata-sections -Wall -fstack-usage -fcyclomatic-complexity -MMD -MP -MF"Core/Src/usart.d" -MT"Core/Src/usart.o" --specs=nano.specs -mfpu=fpv4-sp-d16 -mfloat-abi=hard -mthumb -o "Core/Src/usart.o"
../Core/Src/interrupt_handlers.c: In function 'HAL_GPIO_EXTI_Callback':
../Core/Src/interrupt_handlers.c:86:26: error: 'vert_btn_Pin' undeclared (first use in this function); did you mean 'rot_btn_Pin'?
   86 |     else if (GPIO_Pin == vert_btn_Pin && mode == MANUAL)
      |                          ^~~~~~~~~~~~
      |                          rot_btn_Pin
../Core/Src/interrupt_handlers.c:86:26: note: each undeclared identifier is reported only once for each function it appears in
make: *** [Core/Src/subdir.mk:67: Core/Src/interrupt_handlers.o] Error 1
make: *** Waiting for unfinished jobs....
"make -j20 all" terminated with exit code 2. Build might be incomplete.
16:25:41 **** Incremental Build of configuration Debug for project RTS_CRANE_PROJECT ****
make -j20 all 
arm-none-eabi-gcc "../Core/Src/comm_io.c" -mcpu=cortex-m4 -std=gnu11 -g3 -DDEBUG -DUSE_HAL_DRIVER -DSTM32F411xE -c -I../Core/Inc -I../Drivers/STM32F4xx_HAL_Driver/Inc -I../Drivers/STM32F4xx_HAL_Driver/Inc/Legacy -I../Middlewares/Third_Party/FreeRTOS/Source/include -I../Middlewares/Third_Party/FreeRTOS/Source/CMSIS_RTOS_V2 -I../Middlewares/Third_Party/FreeRTOS/Source/portable/GCC/ARM_CM4F -I../Drivers/CMSIS/Device/ST/STM32F4xx/Include -I../Drivers/CMSIS/Include -O0 -ffunction-sections -fdata-sections -Wall -fstack-usage -fcyclomatic-complexity -MMD -MP -MF"Core/Src/comm_io.d" -MT"Core/Src/comm_io.o" --specs=nano.specs -mfpu=fpv4-sp-d16 -mfloat-abi=hard -mthumb -o "Core/Src/comm_io.o"
arm-none-eabi-gcc "../Core/Src/freertos.c" -mcpu=cortex-m4 -std=gnu11 -g3 -DDEBUG -DUSE_HAL_DRIVER -DSTM32F411xE -c -I../Core/Inc -I../Drivers/STM32F4xx_HAL_Driver/Inc -I../Drivers/STM32F4xx_HAL_Driver/Inc/Legacy -I../Middlewares/Third_Party/FreeRTOS/Source/include -I../Middlewares/Third_Party/FreeRTOS/Source/CMSIS_RTOS_V2 -I../Middlewares/Third_Party/FreeRTOS/Source/portable/GCC/ARM_CM4F -I../Drivers/CMSIS/Device/ST/STM32F4xx/Include -I../Drivers/CMSIS/Include -O0 -ffunction-sections -fdata-sections -Wall -fstack-usage -fcyclomatic-complexity -MMD -MP -MF"Core/Src/freertos.d" -MT"Core/Src/freertos.o" --specs=nano.specs -mfpu=fpv4-sp-d16 -mfloat-abi=hard -mthumb -o "Core/Src/freertos.o"
arm-none-eabi-gcc "../Core/Src/gpio.c" -mcpu=cortex-m4 -std=gnu11 -g3 -DDEBUG -DUSE_HAL_DRIVER -DSTM32F411xE -c -I../Core/Inc -I../Drivers/STM32F4xx_HAL_Driver/Inc -I../Drivers/STM32F4xx_HAL_Driver/Inc/Legacy -I../Middlewares/Third_Party/FreeRTOS/Source/include -I../Middlewares/Third_Party/FreeRTOS/Source/CMSIS_RTOS_V2 -I../Middlewares/Third_Party/FreeRTOS/Source/portable/GCC/ARM_CM4F -I../Drivers/CMSIS/Device/ST/STM32F4xx/Include -I../Drivers/CMSIS/Include -O0 -ffunction-sections -fdata-sections -Wall -fstack-usage -fcyclomatic-complexity -MMD -MP -MF"Core/Src/gpio.d" -MT"Core/Src/gpio.o" --specs=nano.specs -mfpu=fpv4-sp-d16 -mfloat-abi=hard -mthumb -o "Core/Src/gpio.o"
arm-none-eabi-gcc "../Core/Src/interrupt_handlers.c" -mcpu=cortex-m4 -std=gnu11 -g3 -DDEBUG -DUSE_HAL_DRIVER -DSTM32F411xE -c -I../Core/Inc -I../Drivers/STM32F4xx_HAL_Driver/Inc -I../Drivers/STM32F4xx_HAL_Driver/Inc/Legacy -I../Middlewares/Third_Party/FreeRTOS/Source/include -I../Middlewares/Third_Party/FreeRTOS/Source/CMSIS_RTOS_V2 -I../Middlewares/Third_Party/FreeRTOS/Source/portable/GCC/ARM_CM4F -I../Drivers/CMSIS/Device/ST/STM32F4xx/Include -I../Drivers/CMSIS/Include -O0 -ffunction-sections -fdata-sections -Wall -fstack-usage -fcyclomatic-complexity -MMD -MP -MF"Core/Src/interrupt_handlers.d" -MT"Core/Src/interrupt_handlers.o" --specs=nano.specs -mfpu=fpv4-sp-d16 -mfloat-abi=hard -mthumb -o "Core/Src/interrupt_handlers.o"
arm-none-eabi-gcc "../Core/Src/main.c" -mcpu=cortex-m4 -std=gnu11 -g3 -DDEBUG -DUSE_HAL_DRIVER -DSTM32F411xE -c -I../Core/Inc -I../Drivers/STM32F4xx_HAL_Driver/Inc -I../Drivers/STM32F4xx_HAL_Driver/Inc/Legacy -I../Middlewares/Third_Party/FreeRTOS/Source/include -I../Middlewares/Third_Party/FreeRTOS/Source/CMSIS_RTOS_V2 -I../Middlewares/Third_Party/FreeRTOS/Source/portable/GCC/ARM_CM4F -I../Drivers/CMSIS/Device/ST/STM32F4xx/Include -I../Drivers/CMSIS/Include -O0 -ffunction-sections -fdata-sections -Wall -fstack-usage -fcyclomatic-complexity -MMD -MP -MF"Core/Src/main.d" -MT"Core/Src/main.o" --specs=nano.specs -mfpu=fpv4-sp-d16 -mfloat-abi=hard -mthumb -o "Core/Src/main.o"
arm-none-eabi-gcc "../Core/Src/stm32f4xx_hal_msp.c" -mcpu=cortex-m4 -std=gnu11 -g3 -DDEBUG -DUSE_HAL_DRIVER -DSTM32F411xE -c -I../Core/Inc -I../Drivers/STM32F4xx_HAL_Driver/Inc -I../Drivers/STM32F4xx_HAL_Driver/Inc/Legacy -I../Middlewares/Third_Party/FreeRTOS/Source/include -I../Middlewares/Third_Party/FreeRTOS/Source/CMSIS_RTOS_V2 -I../Middlewares/Third_Party/FreeRTOS/Source/portable/GCC/ARM_CM4F -I../Drivers/CMSIS/Device/ST/STM32F4xx/Include -I../Drivers/CMSIS/Include -O0 -ffunction-sections -fdata-sections -Wall -fstack-usage -fcyclomatic-complexity -MMD -MP -MF"Core/Src/stm32f4xx_hal_msp.d" -MT"Core/Src/stm32f4xx_hal_msp.o" --specs=nano.specs -mfpu=fpv4-sp-d16 -mfloat-abi=hard -mthumb -o "Core/Src/stm32f4xx_hal_msp.o"
arm-none-eabi-gcc "../Core/Src/stm32f4xx_it.c" -mcpu=cortex-m4 -std=gnu11 -g3 -DDEBUG -DUSE_HAL_DRIVER -DSTM32F411xE -c -I../Core/Inc -I../Drivers/STM32F4xx_HAL_Driver/Inc -I../Drivers/STM32F4xx_HAL_Driver/Inc/Legacy -I../Middlewares/Third_Party/FreeRTOS/Source/include -I../Middlewares/Third_Party/FreeRTOS/Source/CMSIS_RTOS_V2 -I../Middlewares/Third_Party/FreeRTOS/Source/portable/GCC/ARM_CM4F -I../Drivers/CMSIS/Device/ST/STM32F4xx/Include -I../Drivers/CMSIS/Include -O0 -ffunction-sections -fdata-sections -Wall -fstack-usage -fcyclomatic-complexity -MMD -MP -MF"Core/Src/stm32f4xx_it.d" -MT"Core/Src/stm32f4xx_it.o" --specs=nano.specs -mfpu=fpv4-sp-d16 -mfloat-abi=hard -mthumb -o "Core/Src/stm32f4xx_it.o"
arm-none-eabi-gcc "../Core/Src/tim.c" -mcpu=cortex-m4 -std=gnu11 -g3 -DDEBUG -DUSE_HAL_DRIVER -DSTM32F411xE -c -I../Core/Inc -I../Drivers/STM32F4xx_HAL_Driver/Inc -I../Drivers/STM32F4xx_HAL_Driver/Inc/Legacy -I../Middlewares/Third_Party/FreeRTOS/Source/include -I../Middlewares/Third_Party/FreeRTOS/Source/CMSIS_RTOS_V2 -I../Middlewares/Third_Party/FreeRTOS/Source/portable/GCC/ARM_CM4F -I../Drivers/CMSIS/Device/ST/STM32F4xx/Include -I../Drivers/CMSIS/Include -O0 -ffunction-sections -fdata-sections -Wall -fstack-usage -fcyclomatic-complexity -MMD -MP -MF"Core/Src/tim.d" -MT"Core/Src/tim.o" --specs=nano.specs -mfpu=fpv4-sp-d16 -mfloat-abi=hard -mthumb -o "Core/Src/tim.o"
arm-none-eabi-gcc "../Core/Src/usart.c" -mcpu=cortex-m4 -std=gnu11 -g3 -DDEBUG -DUSE_HAL_DRIVER -DSTM32F411xE -c -I../Core/Inc -I../Drivers/STM32F4xx_HAL_Driver/Inc -I../Drivers/STM32F4xx_HAL_Driver/Inc/Legacy -I../Middlewares/Third_Party/FreeRTOS/Source/include -I../Middlewares/Third_Party/FreeRTOS/Source/CMSIS_RTOS_V2 -I../Middlewares/Third_Party/FreeRTOS/Source/portable/GCC/ARM_CM4F -I../Drivers/CMSIS/Device/ST/STM32F4xx/Include -I../Drivers/CMSIS/Include -O0 -ffunction-sections -fdata-sections -Wall -fstack-usage -fcyclomatic-complexity -MMD -MP -MF"Core/Src/usart.d" -MT"Core/Src/usart.o" --specs=nano.specs -mfpu=fpv4-sp-d16 -mfloat-abi=hard -mthumb -o "Core/Src/usart.o"
arm-none-eabi-gcc -o "RTS_CRANE_PROJECT.elf" @"objects.list"   -mcpu=cortex-m4 -T"C:\Users\go\Documents\STM32\STM32Workspaces\RTS_TermProject\RTS_CRANE_PROJECT\STM32F411RETX_FLASH.ld" --specs=nosys.specs -Wl,-Map="RTS_CRANE_PROJECT.map" -Wl,--gc-sections -static --specs=nano.specs -mfpu=fpv4-sp-d16 -mfloat-abi=hard -mthumb -Wl,--start-group -lc -lm -Wl,--end-group
Finished building target: RTS_CRANE_PROJECT.elf
 
arm-none-eabi-size  RTS_CRANE_PROJECT.elf 
arm-none-eabi-objdump -h -S RTS_CRANE_PROJECT.elf  > "RTS_CRANE_PROJECT.list"
   text	   data	    bss	    dec	    hex	filename
  28752	     96	  21128	  49976	   c338	RTS_CRANE_PROJECT.elf
Finished building: default.size.stdout
 
Finished building: RTS_CRANE_PROJECT.list
 
16:31:08 **** Incremental Build of configuration Debug for project RTS_CRANE_PROJECT ****
make -j20 all 
arm-none-eabi-gcc "../Core/Src/interrupt_handlers.c" -mcpu=cortex-m4 -std=gnu11 -g3 -DDEBUG -DUSE_HAL_DRIVER -DSTM32F411xE -c -I../Core/Inc -I../Drivers/STM32F4xx_HAL_Driver/Inc -I../Drivers/STM32F4xx_HAL_Driver/Inc/Legacy -I../Middlewares/Third_Party/FreeRTOS/Source/include -I../Middlewares/Third_Party/FreeRTOS/Source/CMSIS_RTOS_V2 -I../Middlewares/Third_Party/FreeRTOS/Source/portable/GCC/ARM_CM4F -I../Drivers/CMSIS/Device/ST/STM32F4xx/Include -I../Drivers/CMSIS/Include -O0 -ffunction-sections -fdata-sections -Wall -fstack-usage -fcyclomatic-complexity -MMD -MP -MF"Core/Src/interrupt_handlers.d" -MT"Core/Src/interrupt_handlers.o" --specs=nano.specs -mfpu=fpv4-sp-d16 -mfloat-abi=hard -mthumb -o "Core/Src/interrupt_handlers.o"
arm-none-eabi-gcc -o "RTS_CRANE_PROJECT.elf" @"objects.list"   -mcpu=cortex-m4 -T"C:\Users\go\Documents\STM32\STM32Workspaces\RTS_TermProject\RTS_CRANE_PROJECT\STM32F411RETX_FLASH.ld" --specs=nosys.specs -Wl,-Map="RTS_CRANE_PROJECT.map" -Wl,--gc-sections -static --specs=nano.specs -mfpu=fpv4-sp-d16 -mfloat-abi=hard -mthumb -Wl,--start-group -lc -lm -Wl,--end-group
Finished building target: RTS_CRANE_PROJECT.elf
 
arm-none-eabi-size  RTS_CRANE_PROJECT.elf 
arm-none-eabi-objdump -h -S RTS_CRANE_PROJECT.elf  > "RTS_CRANE_PROJECT.list"
   text	   data	    bss	    dec	    hex	filename
  32092	     96	  21184	  53372	   d07c	RTS_CRANE_PROJECT.elf
Finished building: default.size.stdout
 
Finished building: RTS_CRANE_PROJECT.list
 
16:31:29 **** Incremental Build of configuration Debug for project RTS_CRANE_PROJECT ****
make -j20 all 
arm-none-eabi-size  RTS_CRANE_PROJECT.elf 
   text	   data	    bss	    dec	    hex	filename
  32092	     96	  21184	  53372	   d07c	RTS_CRANE_PROJECT.elf
Finished building: default.size.stdout
 
16:34:04 **** Incremental Build of configuration Debug for project RTS_CRANE_PROJECT ****
make -j20 all 
arm-none-eabi-gcc "../Core/Src/interrupt_handlers.c" -mcpu=cortex-m4 -std=gnu11 -g3 -DDEBUG -DUSE_HAL_DRIVER -DSTM32F411xE -c -I../Core/Inc -I../Drivers/STM32F4xx_HAL_Driver/Inc -I../Drivers/STM32F4xx_HAL_Driver/Inc/Legacy -I../Middlewares/Third_Party/FreeRTOS/Source/include -I../Middlewares/Third_Party/FreeRTOS/Source/CMSIS_RTOS_V2 -I../Middlewares/Third_Party/FreeRTOS/Source/portable/GCC/ARM_CM4F -I../Drivers/CMSIS/Device/ST/STM32F4xx/Include -I../Drivers/CMSIS/Include -O0 -ffunction-sections -fdata-sections -Wall -fstack-usage -fcyclomatic-complexity -MMD -MP -MF"Core/Src/interrupt_handlers.d" -MT"Core/Src/interrupt_handlers.o" --specs=nano.specs -mfpu=fpv4-sp-d16 -mfloat-abi=hard -mthumb -o "Core/Src/interrupt_handlers.o"
arm-none-eabi-gcc -o "RTS_CRANE_PROJECT.elf" @"objects.list"   -mcpu=cortex-m4 -T"C:\Users\go\Documents\STM32\STM32Workspaces\RTS_TermProject\RTS_CRANE_PROJECT\STM32F411RETX_FLASH.ld" --specs=nosys.specs -Wl,-Map="RTS_CRANE_PROJECT.map" -Wl,--gc-sections -static --specs=nano.specs -mfpu=fpv4-sp-d16 -mfloat-abi=hard -mthumb -Wl,--start-group -lc -lm -Wl,--end-group
Finished building target: RTS_CRANE_PROJECT.elf
 
arm-none-eabi-size  RTS_CRANE_PROJECT.elf 
arm-none-eabi-objdump -h -S RTS_CRANE_PROJECT.elf  > "RTS_CRANE_PROJECT.list"
   text	   data	    bss	    dec	    hex	filename
  28752	     96	  21128	  49976	   c338	RTS_CRANE_PROJECT.elf
Finished building: default.size.stdout
 
Finished building: RTS_CRANE_PROJECT.list
 
16:38:30 **** Incremental Build of configuration Debug for project RTS_CRANE_PROJECT ****
make -j20 all 
arm-none-eabi-gcc "../Core/Src/motor_tasks.c" -mcpu=cortex-m4 -std=gnu11 -g3 -DDEBUG -DUSE_HAL_DRIVER -DSTM32F411xE -c -I../Core/Inc -I../Drivers/STM32F4xx_HAL_Driver/Inc -I../Drivers/STM32F4xx_HAL_Driver/Inc/Legacy -I../Middlewares/Third_Party/FreeRTOS/Source/include -I../Middlewares/Third_Party/FreeRTOS/Source/CMSIS_RTOS_V2 -I../Middlewares/Third_Party/FreeRTOS/Source/portable/GCC/ARM_CM4F -I../Drivers/CMSIS/Device/ST/STM32F4xx/Include -I../Drivers/CMSIS/Include -O0 -ffunction-sections -fdata-sections -Wall -fstack-usage -fcyclomatic-complexity -MMD -MP -MF"Core/Src/motor_tasks.d" -MT"Core/Src/motor_tasks.o" --specs=nano.specs -mfpu=fpv4-sp-d16 -mfloat-abi=hard -mthumb -o "Core/Src/motor_tasks.o"
../Core/Src/motor_tasks.c: In function 'vert_motor_controller_task':
../Core/Src/motor_tasks.c:14:16: warning: initialization of 'char' from 'char *' makes integer from pointer without a cast [-Wint-conversion]
   14 |     char msg = "Motor Controller Task Initialized!";
      |                ^~~~~~~~~~~~~~~~~~~~~~~~~~~~~~~~~~~~
../Core/Src/motor_tasks.c:15:16: warning: passing argument 1 of 'send_usart' makes pointer from integer without a cast [-Wint-conversion]
   15 |     send_usart(msg);
      |                ^~~
      |                |
      |                char
In file included from ../Core/Src/motor_tasks.c:1:
../Core/Inc/crane.h:69:23: note: expected 'char *' but argument is of type 'char'
   69 | void send_usart(char *msg);
      |                 ~~~~~~^~~
../Core/Src/motor_tasks.c:24:36: warning: initialization of 'char' from 'char *' makes integer from pointer without a cast [-Wint-conversion]
   24 |                 char msg_suspend = "Motor Controller Task suspended!";
      |                                    ^~~~~~~~~~~~~~~~~~~~~~~~~~~~~~~~~~
../Core/Src/motor_tasks.c:25:28: warning: passing argument 1 of 'send_usart' makes pointer from integer without a cast [-Wint-conversion]
   25 |                 send_usart(msg_suspend);
      |                            ^~~~~~~~~~~
      |                            |
      |                            char
../Core/Inc/crane.h:69:23: note: expected 'char *' but argument is of type 'char'
   69 | void send_usart(char *msg);
      |                 ~~~~~~^~~
../Core/Src/motor_tasks.c:27:34: warning: initialization of 'char' from 'char *' makes integer from pointer without a cast [-Wint-conversion]
   27 |             char msg_unsuspend = "Motor Controller Task UNsuspended!";
      |                                  ^~~~~~~~~~~~~~~~~~~~~~~~~~~~~~~~~~~~
../Core/Src/motor_tasks.c:28:24: warning: passing argument 1 of 'send_usart' makes pointer from integer without a cast [-Wint-conversion]
   28 |             send_usart(msg_unsuspend);
      |                        ^~~~~~~~~~~~~
      |                        |
      |                        char
../Core/Inc/crane.h:69:23: note: expected 'char *' but argument is of type 'char'
   69 | void send_usart(char *msg);
      |                 ~~~~~~^~~
../Core/Src/motor_tasks.c:53:9: warning: implicit declaration of function 'snprintf' [-Wimplicit-function-declaration]
   53 |         snprintf(msg_pwm, sizeof(msg_pwm), "Vertical PWM: %u", pwm);
      |         ^~~~~~~~
../Core/Src/motor_tasks.c:2:1: note: include '<stdio.h>' or provide a declaration of 'snprintf'
    1 | #include "crane.h"
  +++ |+#include <stdio.h>
    2 | #include "FreeRTOS.h"
../Core/Src/motor_tasks.c:53:9: warning: incompatible implicit declaration of built-in function 'snprintf' [-Wbuiltin-declaration-mismatch]
   53 |         snprintf(msg_pwm, sizeof(msg_pwm), "Vertical PWM: %u", pwm);
      |         ^~~~~~~~
../Core/Src/motor_tasks.c:53:9: note: include '<stdio.h>' or provide a declaration of 'snprintf'
../Core/Src/motor_tasks.c:54:20: error: 'msg_unsuspend' undeclared (first use in this function)
   54 |         send_usart(msg_unsuspend);
      |                    ^~~~~~~~~~~~~
../Core/Src/motor_tasks.c:54:20: note: each undeclared identifier is reported only once for each function it appears in
make: *** [Core/Src/subdir.mk:67: Core/Src/motor_tasks.o] Error 1
"make -j20 all" terminated with exit code 2. Build might be incomplete.
16:39:30 **** Incremental Build of configuration Debug for project RTS_CRANE_PROJECT ****
make -j20 all 
arm-none-eabi-gcc "../Core/Src/motor_tasks.c" -mcpu=cortex-m4 -std=gnu11 -g3 -DDEBUG -DUSE_HAL_DRIVER -DSTM32F411xE -c -I../Core/Inc -I../Drivers/STM32F4xx_HAL_Driver/Inc -I../Drivers/STM32F4xx_HAL_Driver/Inc/Legacy -I../Middlewares/Third_Party/FreeRTOS/Source/include -I../Middlewares/Third_Party/FreeRTOS/Source/CMSIS_RTOS_V2 -I../Middlewares/Third_Party/FreeRTOS/Source/portable/GCC/ARM_CM4F -I../Drivers/CMSIS/Device/ST/STM32F4xx/Include -I../Drivers/CMSIS/Include -O0 -ffunction-sections -fdata-sections -Wall -fstack-usage -fcyclomatic-complexity -MMD -MP -MF"Core/Src/motor_tasks.d" -MT"Core/Src/motor_tasks.o" --specs=nano.specs -mfpu=fpv4-sp-d16 -mfloat-abi=hard -mthumb -o "Core/Src/motor_tasks.o"
../Core/Src/motor_tasks.c: In function 'vert_motor_controller_task':
../Core/Src/motor_tasks.c:14:16: warning: initialization of 'char' from 'char *' makes integer from pointer without a cast [-Wint-conversion]
   14 |     char msg = "Motor Controller Task Initialized!";
      |                ^~~~~~~~~~~~~~~~~~~~~~~~~~~~~~~~~~~~
../Core/Src/motor_tasks.c:15:16: warning: passing argument 1 of 'send_usart' makes pointer from integer without a cast [-Wint-conversion]
   15 |     send_usart(msg);
      |                ^~~
      |                |
      |                char
In file included from ../Core/Src/motor_tasks.c:1:
../Core/Inc/crane.h:69:23: note: expected 'char *' but argument is of type 'char'
   69 | void send_usart(char *msg);
      |                 ~~~~~~^~~
../Core/Src/motor_tasks.c:24:36: warning: initialization of 'char' from 'char *' makes integer from pointer without a cast [-Wint-conversion]
   24 |                 char msg_suspend = "Motor Controller Task suspended!";
      |                                    ^~~~~~~~~~~~~~~~~~~~~~~~~~~~~~~~~~
../Core/Src/motor_tasks.c:25:28: warning: passing argument 1 of 'send_usart' makes pointer from integer without a cast [-Wint-conversion]
   25 |                 send_usart(msg_suspend);
      |                            ^~~~~~~~~~~
      |                            |
      |                            char
../Core/Inc/crane.h:69:23: note: expected 'char *' but argument is of type 'char'
   69 | void send_usart(char *msg);
      |                 ~~~~~~^~~
../Core/Src/motor_tasks.c:27:34: warning: initialization of 'char' from 'char *' makes integer from pointer without a cast [-Wint-conversion]
   27 |             char msg_unsuspend = "Motor Controller Task UNsuspended!";
      |                                  ^~~~~~~~~~~~~~~~~~~~~~~~~~~~~~~~~~~~
../Core/Src/motor_tasks.c:28:24: warning: passing argument 1 of 'send_usart' makes pointer from integer without a cast [-Wint-conversion]
   28 |             send_usart(msg_unsuspend);
      |                        ^~~~~~~~~~~~~
      |                        |
      |                        char
../Core/Inc/crane.h:69:23: note: expected 'char *' but argument is of type 'char'
   69 | void send_usart(char *msg);
      |                 ~~~~~~^~~
../Core/Src/motor_tasks.c:53:9: warning: implicit declaration of function 'snprintf' [-Wimplicit-function-declaration]
   53 |         snprintf(msg_pwm, sizeof(msg_pwm), "Vertical PWM: %u\r\n", pwm);
      |         ^~~~~~~~
../Core/Src/motor_tasks.c:2:1: note: include '<stdio.h>' or provide a declaration of 'snprintf'
    1 | #include "crane.h"
  +++ |+#include <stdio.h>
    2 | #include "FreeRTOS.h"
../Core/Src/motor_tasks.c:53:9: warning: incompatible implicit declaration of built-in function 'snprintf' [-Wbuiltin-declaration-mismatch]
   53 |         snprintf(msg_pwm, sizeof(msg_pwm), "Vertical PWM: %u\r\n", pwm);
      |         ^~~~~~~~
../Core/Src/motor_tasks.c:53:9: note: include '<stdio.h>' or provide a declaration of 'snprintf'
arm-none-eabi-gcc -o "RTS_CRANE_PROJECT.elf" @"objects.list"   -mcpu=cortex-m4 -T"C:\Users\go\Documents\STM32\STM32Workspaces\RTS_TermProject\RTS_CRANE_PROJECT\STM32F411RETX_FLASH.ld" --specs=nosys.specs -Wl,-Map="RTS_CRANE_PROJECT.map" -Wl,--gc-sections -static --specs=nano.specs -mfpu=fpv4-sp-d16 -mfloat-abi=hard -mthumb -Wl,--start-group -lc -lm -Wl,--end-group
Finished building target: RTS_CRANE_PROJECT.elf
 
arm-none-eabi-size  RTS_CRANE_PROJECT.elf 
arm-none-eabi-objdump -h -S RTS_CRANE_PROJECT.elf  > "RTS_CRANE_PROJECT.list"
   text	   data	    bss	    dec	    hex	filename
  32136	     96	  21136	  53368	   d078	RTS_CRANE_PROJECT.elf
Finished building: default.size.stdout
 
Finished building: RTS_CRANE_PROJECT.list
 
16:39:39 **** Incremental Build of configuration Debug for project RTS_CRANE_PROJECT ****
make -j20 all 
arm-none-eabi-size  RTS_CRANE_PROJECT.elf 
   text	   data	    bss	    dec	    hex	filename
  32136	     96	  21136	  53368	   d078	RTS_CRANE_PROJECT.elf
Finished building: default.size.stdout
 
16:39:43 **** Incremental Build of configuration Debug for project RTS_CRANE_PROJECT ****
make -j20 all 
arm-none-eabi-size  RTS_CRANE_PROJECT.elf 
   text	   data	    bss	    dec	    hex	filename
  32136	     96	  21136	  53368	   d078	RTS_CRANE_PROJECT.elf
Finished building: default.size.stdout
 
16:39:50 **** Incremental Build of configuration Debug for project RTS_CRANE_PROJECT ****
make -j20 all 
arm-none-eabi-size  RTS_CRANE_PROJECT.elf 
   text	   data	    bss	    dec	    hex	filename
  32136	     96	  21136	  53368	   d078	RTS_CRANE_PROJECT.elf
Finished building: default.size.stdout
 
16:41:49 **** Incremental Build of configuration Debug for project RTS_CRANE_PROJECT ****
make -j20 all 
arm-none-eabi-gcc "../Core/Src/motor_tasks.c" -mcpu=cortex-m4 -std=gnu11 -g3 -DDEBUG -DUSE_HAL_DRIVER -DSTM32F411xE -c -I../Core/Inc -I../Drivers/STM32F4xx_HAL_Driver/Inc -I../Drivers/STM32F4xx_HAL_Driver/Inc/Legacy -I../Middlewares/Third_Party/FreeRTOS/Source/include -I../Middlewares/Third_Party/FreeRTOS/Source/CMSIS_RTOS_V2 -I../Middlewares/Third_Party/FreeRTOS/Source/portable/GCC/ARM_CM4F -I../Drivers/CMSIS/Device/ST/STM32F4xx/Include -I../Drivers/CMSIS/Include -O0 -ffunction-sections -fdata-sections -Wall -fstack-usage -fcyclomatic-complexity -MMD -MP -MF"Core/Src/motor_tasks.d" -MT"Core/Src/motor_tasks.o" --specs=nano.specs -mfpu=fpv4-sp-d16 -mfloat-abi=hard -mthumb -o "Core/Src/motor_tasks.o"
../Core/Src/motor_tasks.c: In function 'vert_motor_controller_task':
../Core/Src/motor_tasks.c:14:16: warning: initialization of 'char' from 'char *' makes integer from pointer without a cast [-Wint-conversion]
   14 |     char msg = "Vertical Motor Controller Task Initialized!";
      |                ^~~~~~~~~~~~~~~~~~~~~~~~~~~~~~~~~~~~~~~~~~~~~
../Core/Src/motor_tasks.c:15:16: warning: passing argument 1 of 'send_usart' makes pointer from integer without a cast [-Wint-conversion]
   15 |     send_usart(msg);
      |                ^~~
      |                |
      |                char
In file included from ../Core/Src/motor_tasks.c:1:
../Core/Inc/crane.h:69:23: note: expected 'char *' but argument is of type 'char'
   69 | void send_usart(char *msg);
      |                 ~~~~~~^~~
../Core/Src/motor_tasks.c:24:36: warning: initialization of 'char' from 'char *' makes integer from pointer without a cast [-Wint-conversion]
   24 |                 char msg_suspend = "Vertical Motor Controller Task suspended!";
      |                                    ^~~~~~~~~~~~~~~~~~~~~~~~~~~~~~~~~~~~~~~~~~~
../Core/Src/motor_tasks.c:25:28: warning: passing argument 1 of 'send_usart' makes pointer from integer without a cast [-Wint-conversion]
   25 |                 send_usart(msg_suspend);
      |                            ^~~~~~~~~~~
      |                            |
      |                            char
../Core/Inc/crane.h:69:23: note: expected 'char *' but argument is of type 'char'
   69 | void send_usart(char *msg);
      |                 ~~~~~~^~~
../Core/Src/motor_tasks.c:27:34: warning: initialization of 'char' from 'char *' makes integer from pointer without a cast [-Wint-conversion]
   27 |             char msg_unsuspend = "Vertical Motor Controller Task UNsuspended!";
      |                                  ^~~~~~~~~~~~~~~~~~~~~~~~~~~~~~~~~~~~~~~~~~~~~
../Core/Src/motor_tasks.c:28:24: warning: passing argument 1 of 'send_usart' makes pointer from integer without a cast [-Wint-conversion]
   28 |             send_usart(msg_unsuspend);
      |                        ^~~~~~~~~~~~~
      |                        |
      |                        char
../Core/Inc/crane.h:69:23: note: expected 'char *' but argument is of type 'char'
   69 | void send_usart(char *msg);
      |                 ~~~~~~^~~
../Core/Src/motor_tasks.c:53:9: warning: implicit declaration of function 'snprintf' [-Wimplicit-function-declaration]
   53 |         snprintf(msg_pwm, sizeof(msg_pwm), "Vertical PWM: %u\r\n", pwm);
      |         ^~~~~~~~
../Core/Src/motor_tasks.c:2:1: note: include '<stdio.h>' or provide a declaration of 'snprintf'
    1 | #include "crane.h"
  +++ |+#include <stdio.h>
    2 | #include "FreeRTOS.h"
../Core/Src/motor_tasks.c:53:9: warning: incompatible implicit declaration of built-in function 'snprintf' [-Wbuiltin-declaration-mismatch]
   53 |         snprintf(msg_pwm, sizeof(msg_pwm), "Vertical PWM: %u\r\n", pwm);
      |         ^~~~~~~~
../Core/Src/motor_tasks.c:53:9: note: include '<stdio.h>' or provide a declaration of 'snprintf'
../Core/Src/motor_tasks.c: In function 'rot_motor_controller_task':
../Core/Src/motor_tasks.c:68:16: warning: initialization of 'char' from 'char *' makes integer from pointer without a cast [-Wint-conversion]
   68 |     char msg = "Rotational Motor Controller Task initialized!";
      |                ^~~~~~~~~~~~~~~~~~~~~~~~~~~~~~~~~~~~~~~~~~~~~~~
../Core/Src/motor_tasks.c:69:16: warning: passing argument 1 of 'send_usart' makes pointer from integer without a cast [-Wint-conversion]
   69 |     send_usart(msg);
      |                ^~~
      |                |
      |                char
../Core/Inc/crane.h:69:23: note: expected 'char *' but argument is of type 'char'
   69 | void send_usart(char *msg);
      |                 ~~~~~~^~~
../Core/Src/motor_tasks.c:77:36: warning: initialization of 'char' from 'char *' makes integer from pointer without a cast [-Wint-conversion]
   77 |                 char msg_suspend = "Rotational Motor Controller Task suspended!";
      |                                    ^~~~~~~~~~~~~~~~~~~~~~~~~~~~~~~~~~~~~~~~~~~~~
../Core/Src/motor_tasks.c:78:28: warning: passing argument 1 of 'send_usart' makes pointer from integer without a cast [-Wint-conversion]
   78 |                 send_usart(msg_suspend);
      |                            ^~~~~~~~~~~
      |                            |
      |                            char
../Core/Inc/crane.h:69:23: note: expected 'char *' but argument is of type 'char'
   69 | void send_usart(char *msg);
      |                 ~~~~~~^~~
../Core/Src/motor_tasks.c:80:34: warning: initialization of 'char' from 'char *' makes integer from pointer without a cast [-Wint-conversion]
   80 |             char msg_unsuspend = "Rotational Motor Controller Task UNsuspended!";
      |                                  ^~~~~~~~~~~~~~~~~~~~~~~~~~~~~~~~~~~~~~~~~~~~~~~
../Core/Src/motor_tasks.c:81:24: warning: passing argument 1 of 'send_usart' makes pointer from integer without a cast [-Wint-conversion]
   81 |             send_usart(msg_unsuspend);
      |                        ^~~~~~~~~~~~~
      |                        |
      |                        char
../Core/Inc/crane.h:69:23: note: expected 'char *' but argument is of type 'char'
   69 | void send_usart(char *msg);
      |                 ~~~~~~^~~
../Core/Src/motor_tasks.c:95:17: warning: incompatible implicit declaration of built-in function 'snprintf' [-Wbuiltin-declaration-mismatch]
   95 |                 snprintf(msg_pwm, sizeof(msg_pwm), "Rotational PWM: %u\r\n", pwm);
      |                 ^~~~~~~~
../Core/Src/motor_tasks.c:95:17: note: include '<stdio.h>' or provide a declaration of 'snprintf'
arm-none-eabi-gcc -o "RTS_CRANE_PROJECT.elf" @"objects.list"   -mcpu=cortex-m4 -T"C:\Users\go\Documents\STM32\STM32Workspaces\RTS_TermProject\RTS_CRANE_PROJECT\STM32F411RETX_FLASH.ld" --specs=nosys.specs -Wl,-Map="RTS_CRANE_PROJECT.map" -Wl,--gc-sections -static --specs=nano.specs -mfpu=fpv4-sp-d16 -mfloat-abi=hard -mthumb -Wl,--start-group -lc -lm -Wl,--end-group
Finished building target: RTS_CRANE_PROJECT.elf
 
arm-none-eabi-size  RTS_CRANE_PROJECT.elf 
arm-none-eabi-objdump -h -S RTS_CRANE_PROJECT.elf  > "RTS_CRANE_PROJECT.list"
   text	   data	    bss	    dec	    hex	filename
  32420	     96	  21136	  53652	   d194	RTS_CRANE_PROJECT.elf
Finished building: default.size.stdout
 
Finished building: RTS_CRANE_PROJECT.list
 
16:42:52 **** Incremental Build of configuration Debug for project RTS_CRANE_PROJECT ****
make -j20 all 
arm-none-eabi-gcc "../Core/Src/motor_tasks.c" -mcpu=cortex-m4 -std=gnu11 -g3 -DDEBUG -DUSE_HAL_DRIVER -DSTM32F411xE -c -I../Core/Inc -I../Drivers/STM32F4xx_HAL_Driver/Inc -I../Drivers/STM32F4xx_HAL_Driver/Inc/Legacy -I../Middlewares/Third_Party/FreeRTOS/Source/include -I../Middlewares/Third_Party/FreeRTOS/Source/CMSIS_RTOS_V2 -I../Middlewares/Third_Party/FreeRTOS/Source/portable/GCC/ARM_CM4F -I../Drivers/CMSIS/Device/ST/STM32F4xx/Include -I../Drivers/CMSIS/Include -O0 -ffunction-sections -fdata-sections -Wall -fstack-usage -fcyclomatic-complexity -MMD -MP -MF"Core/Src/motor_tasks.d" -MT"Core/Src/motor_tasks.o" --specs=nano.specs -mfpu=fpv4-sp-d16 -mfloat-abi=hard -mthumb -o "Core/Src/motor_tasks.o"
arm-none-eabi-gcc -o "RTS_CRANE_PROJECT.elf" @"objects.list"   -mcpu=cortex-m4 -T"C:\Users\go\Documents\STM32\STM32Workspaces\RTS_TermProject\RTS_CRANE_PROJECT\STM32F411RETX_FLASH.ld" --specs=nosys.specs -Wl,-Map="RTS_CRANE_PROJECT.map" -Wl,--gc-sections -static --specs=nano.specs -mfpu=fpv4-sp-d16 -mfloat-abi=hard -mthumb -Wl,--start-group -lc -lm -Wl,--end-group
Finished building target: RTS_CRANE_PROJECT.elf
 
arm-none-eabi-size  RTS_CRANE_PROJECT.elf 
arm-none-eabi-objdump -h -S RTS_CRANE_PROJECT.elf  > "RTS_CRANE_PROJECT.list"
   text	   data	    bss	    dec	    hex	filename
  32372	     96	  21136	  53604	   d164	RTS_CRANE_PROJECT.elf
Finished building: default.size.stdout
 
Finished building: RTS_CRANE_PROJECT.list
 
16:43:06 **** Incremental Build of configuration Debug for project RTS_CRANE_PROJECT ****
make -j20 all 
arm-none-eabi-size  RTS_CRANE_PROJECT.elf 
   text	   data	    bss	    dec	    hex	filename
  32372	     96	  21136	  53604	   d164	RTS_CRANE_PROJECT.elf
Finished building: default.size.stdout
 
17:36:13 **** Incremental Build of configuration Debug for project RTS_CRANE_PROJECT ****
make -j20 all 
arm-none-eabi-gcc "../Core/Src/comm_io.c" -mcpu=cortex-m4 -std=gnu11 -g3 -DDEBUG -DUSE_HAL_DRIVER -DSTM32F411xE -c -I../Core/Inc -I../Drivers/STM32F4xx_HAL_Driver/Inc -I../Drivers/STM32F4xx_HAL_Driver/Inc/Legacy -I../Middlewares/Third_Party/FreeRTOS/Source/include -I../Middlewares/Third_Party/FreeRTOS/Source/CMSIS_RTOS_V2 -I../Middlewares/Third_Party/FreeRTOS/Source/portable/GCC/ARM_CM4F -I../Drivers/CMSIS/Device/ST/STM32F4xx/Include -I../Drivers/CMSIS/Include -O0 -ffunction-sections -fdata-sections -Wall -fstack-usage -fcyclomatic-complexity -MMD -MP -MF"Core/Src/comm_io.d" -MT"Core/Src/comm_io.o" --specs=nano.specs -mfpu=fpv4-sp-d16 -mfloat-abi=hard -mthumb -o "Core/Src/comm_io.o"
arm-none-eabi-gcc "../Core/Src/freertos.c" -mcpu=cortex-m4 -std=gnu11 -g3 -DDEBUG -DUSE_HAL_DRIVER -DSTM32F411xE -c -I../Core/Inc -I../Drivers/STM32F4xx_HAL_Driver/Inc -I../Drivers/STM32F4xx_HAL_Driver/Inc/Legacy -I../Middlewares/Third_Party/FreeRTOS/Source/include -I../Middlewares/Third_Party/FreeRTOS/Source/CMSIS_RTOS_V2 -I../Middlewares/Third_Party/FreeRTOS/Source/portable/GCC/ARM_CM4F -I../Drivers/CMSIS/Device/ST/STM32F4xx/Include -I../Drivers/CMSIS/Include -O0 -ffunction-sections -fdata-sections -Wall -fstack-usage -fcyclomatic-complexity -MMD -MP -MF"Core/Src/freertos.d" -MT"Core/Src/freertos.o" --specs=nano.specs -mfpu=fpv4-sp-d16 -mfloat-abi=hard -mthumb -o "Core/Src/freertos.o"
arm-none-eabi-gcc "../Core/Src/motor_tasks.c" -mcpu=cortex-m4 -std=gnu11 -g3 -DDEBUG -DUSE_HAL_DRIVER -DSTM32F411xE -c -I../Core/Inc -I../Drivers/STM32F4xx_HAL_Driver/Inc -I../Drivers/STM32F4xx_HAL_Driver/Inc/Legacy -I../Middlewares/Third_Party/FreeRTOS/Source/include -I../Middlewares/Third_Party/FreeRTOS/Source/CMSIS_RTOS_V2 -I../Middlewares/Third_Party/FreeRTOS/Source/portable/GCC/ARM_CM4F -I../Drivers/CMSIS/Device/ST/STM32F4xx/Include -I../Drivers/CMSIS/Include -O0 -ffunction-sections -fdata-sections -Wall -fstack-usage -fcyclomatic-complexity -MMD -MP -MF"Core/Src/motor_tasks.d" -MT"Core/Src/motor_tasks.o" --specs=nano.specs -mfpu=fpv4-sp-d16 -mfloat-abi=hard -mthumb -o "Core/Src/motor_tasks.o"
../Core/Src/motor_tasks.c: In function 'vert_motor_controller_task':
../Core/Src/motor_tasks.c:55:9: warning: implicit declaration of function 'xQueueSend'; did you mean 'xQueueHandle'? [-Wimplicit-function-declaration]
   55 |         xQueueSend(usartQueue, &msg_pwm, 0);
      |         ^~~~~~~~~~
      |         xQueueHandle
../Core/Src/freertos.c:53:1: error: unknown type name 'QueueHandle_t'; did you mean 'xQueueHandle'?
   53 | QueueHandle_t usartQueue;
      | ^~~~~~~~~~~~~
      | xQueueHandle
../Core/Src/motor_tasks.c:55:20: error: 'usartQueue' undeclared (first use in this function)
   55 |         xQueueSend(usartQueue, &msg_pwm, 0);
      |                    ^~~~~~~~~~
../Core/Src/motor_tasks.c:55:20: note: each undeclared identifier is reported only once for each function it appears in
../Core/Src/motor_tasks.c: In function 'rot_motor_controller_task':
../Core/Src/motor_tasks.c:70:16: error: 'usartQueue' undeclared (first use in this function)
   70 |     xQueueSend(usartQueue, &msg, 0);
      |                ^~~~~~~~~~
../Core/Src/freertos.c: In function 'MX_FREERTOS_Init':
../Core/Src/freertos.c:96:22: warning: implicit declaration of function 'xQueueCreate' [-Wimplicit-function-declaration]
   96 |         usartQueue = xQueueCreate(10, sizeof(char[50]));
      |                      ^~~~~~~~~~~~
../Core/Src/comm_io.c: In function 'usart_task':
../Core/Src/comm_io.c:23:14: error: 'USART_MSG_LEN' undeclared (first use in this function); did you mean 'USART_SR_FE'?
   23 |     char msg[USART_MSG_LEN];
      |              ^~~~~~~~~~~~~
      |              USART_SR_FE
../Core/Src/comm_io.c:23:14: note: each undeclared identifier is reported only once for each function it appears in
../Core/Src/comm_io.c:23:10: warning: unused variable 'msg' [-Wunused-variable]
   23 |     char msg[USART_MSG_LEN];
      |          ^~~
make: *** [Core/Src/subdir.mk:67: Core/Src/freertos.o] Error 1
make: *** Waiting for unfinished jobs....
make: *** [Core/Src/subdir.mk:67: Core/Src/motor_tasks.o] Error 1
make: *** [Core/Src/subdir.mk:67: Core/Src/comm_io.o] Error 1
"make -j20 all" terminated with exit code 2. Build might be incomplete.
17:36:30 **** Incremental Build of configuration Debug for project RTS_CRANE_PROJECT ****
make -j20 all 
arm-none-eabi-gcc "../Core/Src/comm_io.c" -mcpu=cortex-m4 -std=gnu11 -g3 -DDEBUG -DUSE_HAL_DRIVER -DSTM32F411xE -c -I../Core/Inc -I../Drivers/STM32F4xx_HAL_Driver/Inc -I../Drivers/STM32F4xx_HAL_Driver/Inc/Legacy -I../Middlewares/Third_Party/FreeRTOS/Source/include -I../Middlewares/Third_Party/FreeRTOS/Source/CMSIS_RTOS_V2 -I../Middlewares/Third_Party/FreeRTOS/Source/portable/GCC/ARM_CM4F -I../Drivers/CMSIS/Device/ST/STM32F4xx/Include -I../Drivers/CMSIS/Include -O0 -ffunction-sections -fdata-sections -Wall -fstack-usage -fcyclomatic-complexity -MMD -MP -MF"Core/Src/comm_io.d" -MT"Core/Src/comm_io.o" --specs=nano.specs -mfpu=fpv4-sp-d16 -mfloat-abi=hard -mthumb -o "Core/Src/comm_io.o"
arm-none-eabi-gcc "../Core/Src/freertos.c" -mcpu=cortex-m4 -std=gnu11 -g3 -DDEBUG -DUSE_HAL_DRIVER -DSTM32F411xE -c -I../Core/Inc -I../Drivers/STM32F4xx_HAL_Driver/Inc -I../Drivers/STM32F4xx_HAL_Driver/Inc/Legacy -I../Middlewares/Third_Party/FreeRTOS/Source/include -I../Middlewares/Third_Party/FreeRTOS/Source/CMSIS_RTOS_V2 -I../Middlewares/Third_Party/FreeRTOS/Source/portable/GCC/ARM_CM4F -I../Drivers/CMSIS/Device/ST/STM32F4xx/Include -I../Drivers/CMSIS/Include -O0 -ffunction-sections -fdata-sections -Wall -fstack-usage -fcyclomatic-complexity -MMD -MP -MF"Core/Src/freertos.d" -MT"Core/Src/freertos.o" --specs=nano.specs -mfpu=fpv4-sp-d16 -mfloat-abi=hard -mthumb -o "Core/Src/freertos.o"
arm-none-eabi-gcc "../Core/Src/motor_tasks.c" -mcpu=cortex-m4 -std=gnu11 -g3 -DDEBUG -DUSE_HAL_DRIVER -DSTM32F411xE -c -I../Core/Inc -I../Drivers/STM32F4xx_HAL_Driver/Inc -I../Drivers/STM32F4xx_HAL_Driver/Inc/Legacy -I../Middlewares/Third_Party/FreeRTOS/Source/include -I../Middlewares/Third_Party/FreeRTOS/Source/CMSIS_RTOS_V2 -I../Middlewares/Third_Party/FreeRTOS/Source/portable/GCC/ARM_CM4F -I../Drivers/CMSIS/Device/ST/STM32F4xx/Include -I../Drivers/CMSIS/Include -O0 -ffunction-sections -fdata-sections -Wall -fstack-usage -fcyclomatic-complexity -MMD -MP -MF"Core/Src/motor_tasks.d" -MT"Core/Src/motor_tasks.o" --specs=nano.specs -mfpu=fpv4-sp-d16 -mfloat-abi=hard -mthumb -o "Core/Src/motor_tasks.o"
../Core/Src/comm_io.c: In function 'usart_task':
../Core/Src/comm_io.c:23:14: error: 'USART_MSG_LEN' undeclared (first use in this function); did you mean 'USART_SR_FE'?
   23 |     char msg[USART_MSG_LEN];
      |              ^~~~~~~~~~~~~
      |              USART_SR_FE
../Core/Src/comm_io.c:23:14: note: each undeclared identifier is reported only once for each function it appears in
../Core/Src/comm_io.c:23:10: warning: unused variable 'msg' [-Wunused-variable]
   23 |     char msg[USART_MSG_LEN];
      |          ^~~
../Core/Src/freertos.c:53:1: error: unknown type name 'QueueHandle_t'; did you mean 'xQueueHandle'?
   53 | QueueHandle_t usartQueue;
      | ^~~~~~~~~~~~~
      | xQueueHandle
../Core/Src/freertos.c: In function 'MX_FREERTOS_Init':
../Core/Src/freertos.c:96:22: warning: implicit declaration of function 'xQueueCreate' [-Wimplicit-function-declaration]
   96 |         usartQueue = xQueueCreate(10, sizeof(char[50]));
      |                      ^~~~~~~~~~~~
make: *** [Core/Src/subdir.mk:67: Core/Src/comm_io.o] Error 1
make: *** Waiting for unfinished jobs....
make: *** [Core/Src/subdir.mk:67: Core/Src/freertos.o] Error 1
In file included from ../Core/Src/motor_tasks.c:5:
../Core/Src/motor_tasks.c: In function 'vert_motor_controller_task':
../Core/Src/motor_tasks.c:56:20: error: 'usartQueue' undeclared (first use in this function)
   56 |         xQueueSend(usartQueue, &msg_pwm, 0);
      |                    ^~~~~~~~~~
../Middlewares/Third_Party/FreeRTOS/Source/include/queue.h:479:80: note: in definition of macro 'xQueueSend'
  479 | #define xQueueSend( xQueue, pvItemToQueue, xTicksToWait ) xQueueGenericSend( ( xQueue ), ( pvItemToQueue ), ( xTicksToWait ), queueSEND_TO_BACK )
      |                                                                                ^~~~~~
../Core/Src/motor_tasks.c:56:20: note: each undeclared identifier is reported only once for each function it appears in
   56 |         xQueueSend(usartQueue, &msg_pwm, 0);
      |                    ^~~~~~~~~~
../Middlewares/Third_Party/FreeRTOS/Source/include/queue.h:479:80: note: in definition of macro 'xQueueSend'
  479 | #define xQueueSend( xQueue, pvItemToQueue, xTicksToWait ) xQueueGenericSend( ( xQueue ), ( pvItemToQueue ), ( xTicksToWait ), queueSEND_TO_BACK )
      |                                                                                ^~~~~~
../Core/Src/motor_tasks.c: In function 'rot_motor_controller_task':
../Core/Src/motor_tasks.c:71:16: error: 'usartQueue' undeclared (first use in this function)
   71 |     xQueueSend(usartQueue, &msg, 0);
      |                ^~~~~~~~~~
../Middlewares/Third_Party/FreeRTOS/Source/include/queue.h:479:80: note: in definition of macro 'xQueueSend'
  479 | #define xQueueSend( xQueue, pvItemToQueue, xTicksToWait ) xQueueGenericSend( ( xQueue ), ( pvItemToQueue ), ( xTicksToWait ), queueSEND_TO_BACK )
      |                                                                                ^~~~~~
make: *** [Core/Src/subdir.mk:67: Core/Src/motor_tasks.o] Error 1
"make -j20 all" terminated with exit code 2. Build might be incomplete.
17:36:41 **** Incremental Build of configuration Debug for project RTS_CRANE_PROJECT ****
make -j20 all 
arm-none-eabi-gcc "../Core/Src/comm_io.c" -mcpu=cortex-m4 -std=gnu11 -g3 -DDEBUG -DUSE_HAL_DRIVER -DSTM32F411xE -c -I../Core/Inc -I../Drivers/STM32F4xx_HAL_Driver/Inc -I../Drivers/STM32F4xx_HAL_Driver/Inc/Legacy -I../Middlewares/Third_Party/FreeRTOS/Source/include -I../Middlewares/Third_Party/FreeRTOS/Source/CMSIS_RTOS_V2 -I../Middlewares/Third_Party/FreeRTOS/Source/portable/GCC/ARM_CM4F -I../Drivers/CMSIS/Device/ST/STM32F4xx/Include -I../Drivers/CMSIS/Include -O0 -ffunction-sections -fdata-sections -Wall -fstack-usage -fcyclomatic-complexity -MMD -MP -MF"Core/Src/comm_io.d" -MT"Core/Src/comm_io.o" --specs=nano.specs -mfpu=fpv4-sp-d16 -mfloat-abi=hard -mthumb -o "Core/Src/comm_io.o"
arm-none-eabi-gcc "../Core/Src/freertos.c" -mcpu=cortex-m4 -std=gnu11 -g3 -DDEBUG -DUSE_HAL_DRIVER -DSTM32F411xE -c -I../Core/Inc -I../Drivers/STM32F4xx_HAL_Driver/Inc -I../Drivers/STM32F4xx_HAL_Driver/Inc/Legacy -I../Middlewares/Third_Party/FreeRTOS/Source/include -I../Middlewares/Third_Party/FreeRTOS/Source/CMSIS_RTOS_V2 -I../Middlewares/Third_Party/FreeRTOS/Source/portable/GCC/ARM_CM4F -I../Drivers/CMSIS/Device/ST/STM32F4xx/Include -I../Drivers/CMSIS/Include -O0 -ffunction-sections -fdata-sections -Wall -fstack-usage -fcyclomatic-complexity -MMD -MP -MF"Core/Src/freertos.d" -MT"Core/Src/freertos.o" --specs=nano.specs -mfpu=fpv4-sp-d16 -mfloat-abi=hard -mthumb -o "Core/Src/freertos.o"
arm-none-eabi-gcc "../Core/Src/motor_tasks.c" -mcpu=cortex-m4 -std=gnu11 -g3 -DDEBUG -DUSE_HAL_DRIVER -DSTM32F411xE -c -I../Core/Inc -I../Drivers/STM32F4xx_HAL_Driver/Inc -I../Drivers/STM32F4xx_HAL_Driver/Inc/Legacy -I../Middlewares/Third_Party/FreeRTOS/Source/include -I../Middlewares/Third_Party/FreeRTOS/Source/CMSIS_RTOS_V2 -I../Middlewares/Third_Party/FreeRTOS/Source/portable/GCC/ARM_CM4F -I../Drivers/CMSIS/Device/ST/STM32F4xx/Include -I../Drivers/CMSIS/Include -O0 -ffunction-sections -fdata-sections -Wall -fstack-usage -fcyclomatic-complexity -MMD -MP -MF"Core/Src/motor_tasks.d" -MT"Core/Src/motor_tasks.o" --specs=nano.specs -mfpu=fpv4-sp-d16 -mfloat-abi=hard -mthumb -o "Core/Src/motor_tasks.o"
../Core/Src/freertos.c:53:1: error: unknown type name 'QueueHandle_t'; did you mean 'xQueueHandle'?
   53 | QueueHandle_t usartQueue;
      | ^~~~~~~~~~~~~
      | xQueueHandle
../Core/Src/freertos.c: In function 'MX_FREERTOS_Init':
../Core/Src/freertos.c:96:22: warning: implicit declaration of function 'xQueueCreate' [-Wimplicit-function-declaration]
   96 |         usartQueue = xQueueCreate(10, sizeof(char[50]));
      |                      ^~~~~~~~~~~~
In file included from ../Core/Src/motor_tasks.c:5:
../Core/Src/motor_tasks.c: In function 'vert_motor_controller_task':
../Core/Src/motor_tasks.c:56:20: error: 'usartQueue' undeclared (first use in this function)
   56 |         xQueueSend(usartQueue, &msg_pwm, 0);
      |                    ^~~~~~~~~~
../Middlewares/Third_Party/FreeRTOS/Source/include/queue.h:479:80: note: in definition of macro 'xQueueSend'
  479 | #define xQueueSend( xQueue, pvItemToQueue, xTicksToWait ) xQueueGenericSend( ( xQueue ), ( pvItemToQueue ), ( xTicksToWait ), queueSEND_TO_BACK )
      |                                                                                ^~~~~~
../Core/Src/motor_tasks.c:56:20: note: each undeclared identifier is reported only once for each function it appears in
   56 |         xQueueSend(usartQueue, &msg_pwm, 0);
      |                    ^~~~~~~~~~
../Middlewares/Third_Party/FreeRTOS/Source/include/queue.h:479:80: note: in definition of macro 'xQueueSend'
  479 | #define xQueueSend( xQueue, pvItemToQueue, xTicksToWait ) xQueueGenericSend( ( xQueue ), ( pvItemToQueue ), ( xTicksToWait ), queueSEND_TO_BACK )
      |                                                                                ^~~~~~
make: *** [Core/Src/subdir.mk:67: Core/Src/freertos.o] Error 1
make: *** Waiting for unfinished jobs....
../Core/Src/motor_tasks.c: In function 'rot_motor_controller_task':
../Core/Src/motor_tasks.c:71:16: error: 'usartQueue' undeclared (first use in this function)
   71 |     xQueueSend(usartQueue, &msg, 0);
      |                ^~~~~~~~~~
../Middlewares/Third_Party/FreeRTOS/Source/include/queue.h:479:80: note: in definition of macro 'xQueueSend'
  479 | #define xQueueSend( xQueue, pvItemToQueue, xTicksToWait ) xQueueGenericSend( ( xQueue ), ( pvItemToQueue ), ( xTicksToWait ), queueSEND_TO_BACK )
      |                                                                                ^~~~~~
make: *** [Core/Src/subdir.mk:67: Core/Src/motor_tasks.o] Error 1
"make -j20 all" terminated with exit code 2. Build might be incomplete.
17:36:53 **** Incremental Build of configuration Debug for project RTS_CRANE_PROJECT ****
make -j20 all 
arm-none-eabi-gcc "../Core/Src/freertos.c" -mcpu=cortex-m4 -std=gnu11 -g3 -DDEBUG -DUSE_HAL_DRIVER -DSTM32F411xE -c -I../Core/Inc -I../Drivers/STM32F4xx_HAL_Driver/Inc -I../Drivers/STM32F4xx_HAL_Driver/Inc/Legacy -I../Middlewares/Third_Party/FreeRTOS/Source/include -I../Middlewares/Third_Party/FreeRTOS/Source/CMSIS_RTOS_V2 -I../Middlewares/Third_Party/FreeRTOS/Source/portable/GCC/ARM_CM4F -I../Drivers/CMSIS/Device/ST/STM32F4xx/Include -I../Drivers/CMSIS/Include -O0 -ffunction-sections -fdata-sections -Wall -fstack-usage -fcyclomatic-complexity -MMD -MP -MF"Core/Src/freertos.d" -MT"Core/Src/freertos.o" --specs=nano.specs -mfpu=fpv4-sp-d16 -mfloat-abi=hard -mthumb -o "Core/Src/freertos.o"
arm-none-eabi-gcc "../Core/Src/motor_tasks.c" -mcpu=cortex-m4 -std=gnu11 -g3 -DDEBUG -DUSE_HAL_DRIVER -DSTM32F411xE -c -I../Core/Inc -I../Drivers/STM32F4xx_HAL_Driver/Inc -I../Drivers/STM32F4xx_HAL_Driver/Inc/Legacy -I../Middlewares/Third_Party/FreeRTOS/Source/include -I../Middlewares/Third_Party/FreeRTOS/Source/CMSIS_RTOS_V2 -I../Middlewares/Third_Party/FreeRTOS/Source/portable/GCC/ARM_CM4F -I../Drivers/CMSIS/Device/ST/STM32F4xx/Include -I../Drivers/CMSIS/Include -O0 -ffunction-sections -fdata-sections -Wall -fstack-usage -fcyclomatic-complexity -MMD -MP -MF"Core/Src/motor_tasks.d" -MT"Core/Src/motor_tasks.o" --specs=nano.specs -mfpu=fpv4-sp-d16 -mfloat-abi=hard -mthumb -o "Core/Src/motor_tasks.o"
In file included from ../Core/Src/motor_tasks.c:5:
../Core/Src/motor_tasks.c: In function 'vert_motor_controller_task':
../Core/Src/motor_tasks.c:56:20: error: 'usartQueue' undeclared (first use in this function)
   56 |         xQueueSend(usartQueue, &msg_pwm, 0);
      |                    ^~~~~~~~~~
../Middlewares/Third_Party/FreeRTOS/Source/include/queue.h:479:80: note: in definition of macro 'xQueueSend'
  479 | #define xQueueSend( xQueue, pvItemToQueue, xTicksToWait ) xQueueGenericSend( ( xQueue ), ( pvItemToQueue ), ( xTicksToWait ), queueSEND_TO_BACK )
      |                                                                                ^~~~~~
../Core/Src/motor_tasks.c:56:20: note: each undeclared identifier is reported only once for each function it appears in
   56 |         xQueueSend(usartQueue, &msg_pwm, 0);
      |                    ^~~~~~~~~~
../Middlewares/Third_Party/FreeRTOS/Source/include/queue.h:479:80: note: in definition of macro 'xQueueSend'
  479 | #define xQueueSend( xQueue, pvItemToQueue, xTicksToWait ) xQueueGenericSend( ( xQueue ), ( pvItemToQueue ), ( xTicksToWait ), queueSEND_TO_BACK )
      |                                                                                ^~~~~~
../Core/Src/motor_tasks.c: In function 'rot_motor_controller_task':
../Core/Src/motor_tasks.c:71:16: error: 'usartQueue' undeclared (first use in this function)
   71 |     xQueueSend(usartQueue, &msg, 0);
      |                ^~~~~~~~~~
../Middlewares/Third_Party/FreeRTOS/Source/include/queue.h:479:80: note: in definition of macro 'xQueueSend'
  479 | #define xQueueSend( xQueue, pvItemToQueue, xTicksToWait ) xQueueGenericSend( ( xQueue ), ( pvItemToQueue ), ( xTicksToWait ), queueSEND_TO_BACK )
      |                                                                                ^~~~~~
make: *** [Core/Src/subdir.mk:67: Core/Src/motor_tasks.o] Error 1
make: *** Waiting for unfinished jobs....
"make -j20 all" terminated with exit code 2. Build might be incomplete.
17:37:15 **** Incremental Build of configuration Debug for project RTS_CRANE_PROJECT ****
make -j20 all 
arm-none-eabi-gcc "../Core/Src/motor_tasks.c" -mcpu=cortex-m4 -std=gnu11 -g3 -DDEBUG -DUSE_HAL_DRIVER -DSTM32F411xE -c -I../Core/Inc -I../Drivers/STM32F4xx_HAL_Driver/Inc -I../Drivers/STM32F4xx_HAL_Driver/Inc/Legacy -I../Middlewares/Third_Party/FreeRTOS/Source/include -I../Middlewares/Third_Party/FreeRTOS/Source/CMSIS_RTOS_V2 -I../Middlewares/Third_Party/FreeRTOS/Source/portable/GCC/ARM_CM4F -I../Drivers/CMSIS/Device/ST/STM32F4xx/Include -I../Drivers/CMSIS/Include -O0 -ffunction-sections -fdata-sections -Wall -fstack-usage -fcyclomatic-complexity -MMD -MP -MF"Core/Src/motor_tasks.d" -MT"Core/Src/motor_tasks.o" --specs=nano.specs -mfpu=fpv4-sp-d16 -mfloat-abi=hard -mthumb -o "Core/Src/motor_tasks.o"
arm-none-eabi-gcc -o "RTS_CRANE_PROJECT.elf" @"objects.list"   -mcpu=cortex-m4 -T"C:\Users\go\Documents\STM32\STM32Workspaces\RTS_TermProject\RTS_CRANE_PROJECT\STM32F411RETX_FLASH.ld" --specs=nosys.specs -Wl,-Map="RTS_CRANE_PROJECT.map" -Wl,--gc-sections -static --specs=nano.specs -mfpu=fpv4-sp-d16 -mfloat-abi=hard -mthumb -Wl,--start-group -lc -lm -Wl,--end-group
Finished building target: RTS_CRANE_PROJECT.elf
 
arm-none-eabi-size  RTS_CRANE_PROJECT.elf 
arm-none-eabi-objdump -h -S RTS_CRANE_PROJECT.elf  > "RTS_CRANE_PROJECT.list"
   text	   data	    bss	    dec	    hex	filename
  32644	     96	  21144	  53884	   d27c	RTS_CRANE_PROJECT.elf
Finished building: default.size.stdout
 
Finished building: RTS_CRANE_PROJECT.list
 
17:38:24 **** Incremental Build of configuration Debug for project RTS_CRANE_PROJECT ****
make -j20 all 
arm-none-eabi-gcc "../Core/Src/freertos.c" -mcpu=cortex-m4 -std=gnu11 -g3 -DDEBUG -DUSE_HAL_DRIVER -DSTM32F411xE -c -I../Core/Inc -I../Drivers/STM32F4xx_HAL_Driver/Inc -I../Drivers/STM32F4xx_HAL_Driver/Inc/Legacy -I../Middlewares/Third_Party/FreeRTOS/Source/include -I../Middlewares/Third_Party/FreeRTOS/Source/CMSIS_RTOS_V2 -I../Middlewares/Third_Party/FreeRTOS/Source/portable/GCC/ARM_CM4F -I../Drivers/CMSIS/Device/ST/STM32F4xx/Include -I../Drivers/CMSIS/Include -O0 -ffunction-sections -fdata-sections -Wall -fstack-usage -fcyclomatic-complexity -MMD -MP -MF"Core/Src/freertos.d" -MT"Core/Src/freertos.o" --specs=nano.specs -mfpu=fpv4-sp-d16 -mfloat-abi=hard -mthumb -o "Core/Src/freertos.o"
../Core/Src/freertos.c: In function 'MX_FREERTOS_Init':
../Core/Src/freertos.c:121:15: error: 'usart_task' undeclared (first use in this function)
  121 |   xTaskCreate(usart_task,
      |               ^~~~~~~~~~
../Core/Src/freertos.c:121:15: note: each undeclared identifier is reported only once for each function it appears in
make: *** [Core/Src/subdir.mk:67: Core/Src/freertos.o] Error 1
"make -j20 all" terminated with exit code 2. Build might be incomplete.
17:39:06 **** Incremental Build of configuration Debug for project RTS_CRANE_PROJECT ****
make -j20 all 
arm-none-eabi-gcc "../Core/Src/comm_io.c" -mcpu=cortex-m4 -std=gnu11 -g3 -DDEBUG -DUSE_HAL_DRIVER -DSTM32F411xE -c -I../Core/Inc -I../Drivers/STM32F4xx_HAL_Driver/Inc -I../Drivers/STM32F4xx_HAL_Driver/Inc/Legacy -I../Middlewares/Third_Party/FreeRTOS/Source/include -I../Middlewares/Third_Party/FreeRTOS/Source/CMSIS_RTOS_V2 -I../Middlewares/Third_Party/FreeRTOS/Source/portable/GCC/ARM_CM4F -I../Drivers/CMSIS/Device/ST/STM32F4xx/Include -I../Drivers/CMSIS/Include -O0 -ffunction-sections -fdata-sections -Wall -fstack-usage -fcyclomatic-complexity -MMD -MP -MF"Core/Src/comm_io.d" -MT"Core/Src/comm_io.o" --specs=nano.specs -mfpu=fpv4-sp-d16 -mfloat-abi=hard -mthumb -o "Core/Src/comm_io.o"
arm-none-eabi-gcc "../Core/Src/crane_io.c" -mcpu=cortex-m4 -std=gnu11 -g3 -DDEBUG -DUSE_HAL_DRIVER -DSTM32F411xE -c -I../Core/Inc -I../Drivers/STM32F4xx_HAL_Driver/Inc -I../Drivers/STM32F4xx_HAL_Driver/Inc/Legacy -I../Middlewares/Third_Party/FreeRTOS/Source/include -I../Middlewares/Third_Party/FreeRTOS/Source/CMSIS_RTOS_V2 -I../Middlewares/Third_Party/FreeRTOS/Source/portable/GCC/ARM_CM4F -I../Drivers/CMSIS/Device/ST/STM32F4xx/Include -I../Drivers/CMSIS/Include -O0 -ffunction-sections -fdata-sections -Wall -fstack-usage -fcyclomatic-complexity -MMD -MP -MF"Core/Src/crane_io.d" -MT"Core/Src/crane_io.o" --specs=nano.specs -mfpu=fpv4-sp-d16 -mfloat-abi=hard -mthumb -o "Core/Src/crane_io.o"
arm-none-eabi-gcc "../Core/Src/freertos.c" -mcpu=cortex-m4 -std=gnu11 -g3 -DDEBUG -DUSE_HAL_DRIVER -DSTM32F411xE -c -I../Core/Inc -I../Drivers/STM32F4xx_HAL_Driver/Inc -I../Drivers/STM32F4xx_HAL_Driver/Inc/Legacy -I../Middlewares/Third_Party/FreeRTOS/Source/include -I../Middlewares/Third_Party/FreeRTOS/Source/CMSIS_RTOS_V2 -I../Middlewares/Third_Party/FreeRTOS/Source/portable/GCC/ARM_CM4F -I../Drivers/CMSIS/Device/ST/STM32F4xx/Include -I../Drivers/CMSIS/Include -O0 -ffunction-sections -fdata-sections -Wall -fstack-usage -fcyclomatic-complexity -MMD -MP -MF"Core/Src/freertos.d" -MT"Core/Src/freertos.o" --specs=nano.specs -mfpu=fpv4-sp-d16 -mfloat-abi=hard -mthumb -o "Core/Src/freertos.o"
arm-none-eabi-gcc "../Core/Src/hcsr04.c" -mcpu=cortex-m4 -std=gnu11 -g3 -DDEBUG -DUSE_HAL_DRIVER -DSTM32F411xE -c -I../Core/Inc -I../Drivers/STM32F4xx_HAL_Driver/Inc -I../Drivers/STM32F4xx_HAL_Driver/Inc/Legacy -I../Middlewares/Third_Party/FreeRTOS/Source/include -I../Middlewares/Third_Party/FreeRTOS/Source/CMSIS_RTOS_V2 -I../Middlewares/Third_Party/FreeRTOS/Source/portable/GCC/ARM_CM4F -I../Drivers/CMSIS/Device/ST/STM32F4xx/Include -I../Drivers/CMSIS/Include -O0 -ffunction-sections -fdata-sections -Wall -fstack-usage -fcyclomatic-complexity -MMD -MP -MF"Core/Src/hcsr04.d" -MT"Core/Src/hcsr04.o" --specs=nano.specs -mfpu=fpv4-sp-d16 -mfloat-abi=hard -mthumb -o "Core/Src/hcsr04.o"
arm-none-eabi-gcc "../Core/Src/interrupt_handlers.c" -mcpu=cortex-m4 -std=gnu11 -g3 -DDEBUG -DUSE_HAL_DRIVER -DSTM32F411xE -c -I../Core/Inc -I../Drivers/STM32F4xx_HAL_Driver/Inc -I../Drivers/STM32F4xx_HAL_Driver/Inc/Legacy -I../Middlewares/Third_Party/FreeRTOS/Source/include -I../Middlewares/Third_Party/FreeRTOS/Source/CMSIS_RTOS_V2 -I../Middlewares/Third_Party/FreeRTOS/Source/portable/GCC/ARM_CM4F -I../Drivers/CMSIS/Device/ST/STM32F4xx/Include -I../Drivers/CMSIS/Include -O0 -ffunction-sections -fdata-sections -Wall -fstack-usage -fcyclomatic-complexity -MMD -MP -MF"Core/Src/interrupt_handlers.d" -MT"Core/Src/interrupt_handlers.o" --specs=nano.specs -mfpu=fpv4-sp-d16 -mfloat-abi=hard -mthumb -o "Core/Src/interrupt_handlers.o"
arm-none-eabi-gcc "../Core/Src/motor_tasks.c" -mcpu=cortex-m4 -std=gnu11 -g3 -DDEBUG -DUSE_HAL_DRIVER -DSTM32F411xE -c -I../Core/Inc -I../Drivers/STM32F4xx_HAL_Driver/Inc -I../Drivers/STM32F4xx_HAL_Driver/Inc/Legacy -I../Middlewares/Third_Party/FreeRTOS/Source/include -I../Middlewares/Third_Party/FreeRTOS/Source/CMSIS_RTOS_V2 -I../Middlewares/Third_Party/FreeRTOS/Source/portable/GCC/ARM_CM4F -I../Drivers/CMSIS/Device/ST/STM32F4xx/Include -I../Drivers/CMSIS/Include -O0 -ffunction-sections -fdata-sections -Wall -fstack-usage -fcyclomatic-complexity -MMD -MP -MF"Core/Src/motor_tasks.d" -MT"Core/Src/motor_tasks.o" --specs=nano.specs -mfpu=fpv4-sp-d16 -mfloat-abi=hard -mthumb -o "Core/Src/motor_tasks.o"
arm-none-eabi-gcc "../Core/Src/servo.c" -mcpu=cortex-m4 -std=gnu11 -g3 -DDEBUG -DUSE_HAL_DRIVER -DSTM32F411xE -c -I../Core/Inc -I../Drivers/STM32F4xx_HAL_Driver/Inc -I../Drivers/STM32F4xx_HAL_Driver/Inc/Legacy -I../Middlewares/Third_Party/FreeRTOS/Source/include -I../Middlewares/Third_Party/FreeRTOS/Source/CMSIS_RTOS_V2 -I../Middlewares/Third_Party/FreeRTOS/Source/portable/GCC/ARM_CM4F -I../Drivers/CMSIS/Device/ST/STM32F4xx/Include -I../Drivers/CMSIS/Include -O0 -ffunction-sections -fdata-sections -Wall -fstack-usage -fcyclomatic-complexity -MMD -MP -MF"Core/Src/servo.d" -MT"Core/Src/servo.o" --specs=nano.specs -mfpu=fpv4-sp-d16 -mfloat-abi=hard -mthumb -o "Core/Src/servo.o"
arm-none-eabi-gcc -o "RTS_CRANE_PROJECT.elf" @"objects.list"   -mcpu=cortex-m4 -T"C:\Users\go\Documents\STM32\STM32Workspaces\RTS_TermProject\RTS_CRANE_PROJECT\STM32F411RETX_FLASH.ld" --specs=nosys.specs -Wl,-Map="RTS_CRANE_PROJECT.map" -Wl,--gc-sections -static --specs=nano.specs -mfpu=fpv4-sp-d16 -mfloat-abi=hard -mthumb -Wl,--start-group -lc -lm -Wl,--end-group
Finished building target: RTS_CRANE_PROJECT.elf
 
arm-none-eabi-size  RTS_CRANE_PROJECT.elf 
arm-none-eabi-objdump -h -S RTS_CRANE_PROJECT.elf  > "RTS_CRANE_PROJECT.list"
   text	   data	    bss	    dec	    hex	filename
  32724	     96	  21144	  53964	   d2cc	RTS_CRANE_PROJECT.elf
Finished building: default.size.stdout
 
Finished building: RTS_CRANE_PROJECT.list
 
17:41:28 **** Incremental Build of configuration Debug for project RTS_CRANE_PROJECT ****
make -j20 all 
arm-none-eabi-gcc "../Core/Src/motor_tasks.c" -mcpu=cortex-m4 -std=gnu11 -g3 -DDEBUG -DUSE_HAL_DRIVER -DSTM32F411xE -c -I../Core/Inc -I../Drivers/STM32F4xx_HAL_Driver/Inc -I../Drivers/STM32F4xx_HAL_Driver/Inc/Legacy -I../Middlewares/Third_Party/FreeRTOS/Source/include -I../Middlewares/Third_Party/FreeRTOS/Source/CMSIS_RTOS_V2 -I../Middlewares/Third_Party/FreeRTOS/Source/portable/GCC/ARM_CM4F -I../Drivers/CMSIS/Device/ST/STM32F4xx/Include -I../Drivers/CMSIS/Include -O0 -ffunction-sections -fdata-sections -Wall -fstack-usage -fcyclomatic-complexity -MMD -MP -MF"Core/Src/motor_tasks.d" -MT"Core/Src/motor_tasks.o" --specs=nano.specs -mfpu=fpv4-sp-d16 -mfloat-abi=hard -mthumb -o "Core/Src/motor_tasks.o"
arm-none-eabi-gcc -o "RTS_CRANE_PROJECT.elf" @"objects.list"   -mcpu=cortex-m4 -T"C:\Users\go\Documents\STM32\STM32Workspaces\RTS_TermProject\RTS_CRANE_PROJECT\STM32F411RETX_FLASH.ld" --specs=nosys.specs -Wl,-Map="RTS_CRANE_PROJECT.map" -Wl,--gc-sections -static --specs=nano.specs -mfpu=fpv4-sp-d16 -mfloat-abi=hard -mthumb -Wl,--start-group -lc -lm -Wl,--end-group
Finished building target: RTS_CRANE_PROJECT.elf
 
arm-none-eabi-size  RTS_CRANE_PROJECT.elf 
arm-none-eabi-objdump -h -S RTS_CRANE_PROJECT.elf  > "RTS_CRANE_PROJECT.list"
   text	   data	    bss	    dec	    hex	filename
  32708	     96	  21144	  53948	   d2bc	RTS_CRANE_PROJECT.elf
Finished building: default.size.stdout
 
Finished building: RTS_CRANE_PROJECT.list
 
17:41:38 **** Incremental Build of configuration Debug for project RTS_CRANE_PROJECT ****
make -j20 all 
arm-none-eabi-size  RTS_CRANE_PROJECT.elf 
   text	   data	    bss	    dec	    hex	filename
  32708	     96	  21144	  53948	   d2bc	RTS_CRANE_PROJECT.elf
Finished building: default.size.stdout
 
17:42:19 **** Incremental Build of configuration Debug for project RTS_CRANE_PROJECT ****
make -j20 all 
arm-none-eabi-size  RTS_CRANE_PROJECT.elf 
   text	   data	    bss	    dec	    hex	filename
  32708	     96	  21144	  53948	   d2bc	RTS_CRANE_PROJECT.elf
Finished building: default.size.stdout
 
17:48:49 **** Incremental Build of configuration Debug for project RTS_CRANE_PROJECT ****
make -j20 all 
arm-none-eabi-gcc "../Core/Src/comm_io.c" -mcpu=cortex-m4 -std=gnu11 -g3 -DDEBUG -DUSE_HAL_DRIVER -DSTM32F411xE -c -I../Core/Inc -I../Drivers/STM32F4xx_HAL_Driver/Inc -I../Drivers/STM32F4xx_HAL_Driver/Inc/Legacy -I../Middlewares/Third_Party/FreeRTOS/Source/include -I../Middlewares/Third_Party/FreeRTOS/Source/CMSIS_RTOS_V2 -I../Middlewares/Third_Party/FreeRTOS/Source/portable/GCC/ARM_CM4F -I../Drivers/CMSIS/Device/ST/STM32F4xx/Include -I../Drivers/CMSIS/Include -O0 -ffunction-sections -fdata-sections -Wall -fstack-usage -fcyclomatic-complexity -MMD -MP -MF"Core/Src/comm_io.d" -MT"Core/Src/comm_io.o" --specs=nano.specs -mfpu=fpv4-sp-d16 -mfloat-abi=hard -mthumb -o "Core/Src/comm_io.o"
arm-none-eabi-gcc "../Core/Src/crane_io.c" -mcpu=cortex-m4 -std=gnu11 -g3 -DDEBUG -DUSE_HAL_DRIVER -DSTM32F411xE -c -I../Core/Inc -I../Drivers/STM32F4xx_HAL_Driver/Inc -I../Drivers/STM32F4xx_HAL_Driver/Inc/Legacy -I../Middlewares/Third_Party/FreeRTOS/Source/include -I../Middlewares/Third_Party/FreeRTOS/Source/CMSIS_RTOS_V2 -I../Middlewares/Third_Party/FreeRTOS/Source/portable/GCC/ARM_CM4F -I../Drivers/CMSIS/Device/ST/STM32F4xx/Include -I../Drivers/CMSIS/Include -O0 -ffunction-sections -fdata-sections -Wall -fstack-usage -fcyclomatic-complexity -MMD -MP -MF"Core/Src/crane_io.d" -MT"Core/Src/crane_io.o" --specs=nano.specs -mfpu=fpv4-sp-d16 -mfloat-abi=hard -mthumb -o "Core/Src/crane_io.o"
arm-none-eabi-gcc "../Core/Src/freertos.c" -mcpu=cortex-m4 -std=gnu11 -g3 -DDEBUG -DUSE_HAL_DRIVER -DSTM32F411xE -c -I../Core/Inc -I../Drivers/STM32F4xx_HAL_Driver/Inc -I../Drivers/STM32F4xx_HAL_Driver/Inc/Legacy -I../Middlewares/Third_Party/FreeRTOS/Source/include -I../Middlewares/Third_Party/FreeRTOS/Source/CMSIS_RTOS_V2 -I../Middlewares/Third_Party/FreeRTOS/Source/portable/GCC/ARM_CM4F -I../Drivers/CMSIS/Device/ST/STM32F4xx/Include -I../Drivers/CMSIS/Include -O0 -ffunction-sections -fdata-sections -Wall -fstack-usage -fcyclomatic-complexity -MMD -MP -MF"Core/Src/freertos.d" -MT"Core/Src/freertos.o" --specs=nano.specs -mfpu=fpv4-sp-d16 -mfloat-abi=hard -mthumb -o "Core/Src/freertos.o"
arm-none-eabi-gcc "../Core/Src/hcsr04.c" -mcpu=cortex-m4 -std=gnu11 -g3 -DDEBUG -DUSE_HAL_DRIVER -DSTM32F411xE -c -I../Core/Inc -I../Drivers/STM32F4xx_HAL_Driver/Inc -I../Drivers/STM32F4xx_HAL_Driver/Inc/Legacy -I../Middlewares/Third_Party/FreeRTOS/Source/include -I../Middlewares/Third_Party/FreeRTOS/Source/CMSIS_RTOS_V2 -I../Middlewares/Third_Party/FreeRTOS/Source/portable/GCC/ARM_CM4F -I../Drivers/CMSIS/Device/ST/STM32F4xx/Include -I../Drivers/CMSIS/Include -O0 -ffunction-sections -fdata-sections -Wall -fstack-usage -fcyclomatic-complexity -MMD -MP -MF"Core/Src/hcsr04.d" -MT"Core/Src/hcsr04.o" --specs=nano.specs -mfpu=fpv4-sp-d16 -mfloat-abi=hard -mthumb -o "Core/Src/hcsr04.o"
arm-none-eabi-gcc "../Core/Src/interrupt_handlers.c" -mcpu=cortex-m4 -std=gnu11 -g3 -DDEBUG -DUSE_HAL_DRIVER -DSTM32F411xE -c -I../Core/Inc -I../Drivers/STM32F4xx_HAL_Driver/Inc -I../Drivers/STM32F4xx_HAL_Driver/Inc/Legacy -I../Middlewares/Third_Party/FreeRTOS/Source/include -I../Middlewares/Third_Party/FreeRTOS/Source/CMSIS_RTOS_V2 -I../Middlewares/Third_Party/FreeRTOS/Source/portable/GCC/ARM_CM4F -I../Drivers/CMSIS/Device/ST/STM32F4xx/Include -I../Drivers/CMSIS/Include -O0 -ffunction-sections -fdata-sections -Wall -fstack-usage -fcyclomatic-complexity -MMD -MP -MF"Core/Src/interrupt_handlers.d" -MT"Core/Src/interrupt_handlers.o" --specs=nano.specs -mfpu=fpv4-sp-d16 -mfloat-abi=hard -mthumb -o "Core/Src/interrupt_handlers.o"
arm-none-eabi-gcc "../Core/Src/motor_tasks.c" -mcpu=cortex-m4 -std=gnu11 -g3 -DDEBUG -DUSE_HAL_DRIVER -DSTM32F411xE -c -I../Core/Inc -I../Drivers/STM32F4xx_HAL_Driver/Inc -I../Drivers/STM32F4xx_HAL_Driver/Inc/Legacy -I../Middlewares/Third_Party/FreeRTOS/Source/include -I../Middlewares/Third_Party/FreeRTOS/Source/CMSIS_RTOS_V2 -I../Middlewares/Third_Party/FreeRTOS/Source/portable/GCC/ARM_CM4F -I../Drivers/CMSIS/Device/ST/STM32F4xx/Include -I../Drivers/CMSIS/Include -O0 -ffunction-sections -fdata-sections -Wall -fstack-usage -fcyclomatic-complexity -MMD -MP -MF"Core/Src/motor_tasks.d" -MT"Core/Src/motor_tasks.o" --specs=nano.specs -mfpu=fpv4-sp-d16 -mfloat-abi=hard -mthumb -o "Core/Src/motor_tasks.o"
arm-none-eabi-gcc "../Core/Src/servo.c" -mcpu=cortex-m4 -std=gnu11 -g3 -DDEBUG -DUSE_HAL_DRIVER -DSTM32F411xE -c -I../Core/Inc -I../Drivers/STM32F4xx_HAL_Driver/Inc -I../Drivers/STM32F4xx_HAL_Driver/Inc/Legacy -I../Middlewares/Third_Party/FreeRTOS/Source/include -I../Middlewares/Third_Party/FreeRTOS/Source/CMSIS_RTOS_V2 -I../Middlewares/Third_Party/FreeRTOS/Source/portable/GCC/ARM_CM4F -I../Drivers/CMSIS/Device/ST/STM32F4xx/Include -I../Drivers/CMSIS/Include -O0 -ffunction-sections -fdata-sections -Wall -fstack-usage -fcyclomatic-complexity -MMD -MP -MF"Core/Src/servo.d" -MT"Core/Src/servo.o" --specs=nano.specs -mfpu=fpv4-sp-d16 -mfloat-abi=hard -mthumb -o "Core/Src/servo.o"
../Core/Src/crane_io.c: In function 'Read_Vert_Button':
../Core/Src/crane_io.c:5:29: error: 'vert_btn_GPIO_Port' undeclared (first use in this function); did you mean 'VERT_BTN_GPIO_Port'?
    5 |     return HAL_GPIO_ReadPin(vert_btn_GPIO_Port, vert_btn_Pin) == GPIO_PIN_RESET;
      |                             ^~~~~~~~~~~~~~~~~~
      |                             VERT_BTN_GPIO_Port
../Core/Src/crane_io.c:5:29: note: each undeclared identifier is reported only once for each function it appears in
../Core/Src/crane_io.c:5:49: error: 'vert_btn_Pin' undeclared (first use in this function); did you mean 'VERT_BTN_Pin'?
    5 |     return HAL_GPIO_ReadPin(vert_btn_GPIO_Port, vert_btn_Pin) == GPIO_PIN_RESET;
      |                                                 ^~~~~~~~~~~~
      |                                                 VERT_BTN_Pin
../Core/Src/crane_io.c: In function 'Read_Rot_Button':
../Core/Src/crane_io.c:10:29: error: 'rot_btn_GPIO_Port' undeclared (first use in this function); did you mean 'ROT_BTN_GPIO_Port'?
   10 |     return HAL_GPIO_ReadPin(rot_btn_GPIO_Port, rot_btn_Pin) == GPIO_PIN_RESET;
      |                             ^~~~~~~~~~~~~~~~~
      |                             ROT_BTN_GPIO_Port
../Core/Src/crane_io.c:10:48: error: 'rot_btn_Pin' undeclared (first use in this function); did you mean 'ROT_BTN_Pin'?
   10 |     return HAL_GPIO_ReadPin(rot_btn_GPIO_Port, rot_btn_Pin) == GPIO_PIN_RESET;
      |                                                ^~~~~~~~~~~
      |                                                ROT_BTN_Pin
../Core/Src/crane_io.c: In function 'Read_Vert_Switch':
../Core/Src/crane_io.c:15:30: error: 'vert_sw_GPIO_Port' undeclared (first use in this function); did you mean 'VERT_SW_GPIO_Port'?
   15 |     return (HAL_GPIO_ReadPin(vert_sw_GPIO_Port, vert_sw_Pin) == GPIO_PIN_SET) ? DIR_UP : DIR_DOWN;
      |                              ^~~~~~~~~~~~~~~~~
      |                              VERT_SW_GPIO_Port
[...]
../Core/Src/motor_tasks.c: In function 'add_msg_to_queue':
../Core/Src/motor_tasks.c:32:80: warning: 'snprintf' output truncated before the last format character [-Wformat-truncation=]
   32 |                         snprintf(msg, sizeof(msg), "Moving in UNKNOWN WAY!!\r\n");
      |                                                                                ^
../Core/Src/motor_tasks.c:32:25: note: 'snprintf' output 26 bytes into a destination of size 25
   32 |                         snprintf(msg, sizeof(msg), "Moving in UNKNOWN WAY!!\r\n");
      |                         ^~~~~~~~~~~~~~~~~~~~~~~~~~~~~~~~~~~~~~~~~~~~~~~~~~~~~~~~~
arm-none-eabi-gcc -o "RTS_CRANE_PROJECT.elf" @"objects.list"   -mcpu=cortex-m4 -T"C:\Users\go\Documents\STM32\STM32Workspaces\RTS_TermProject\RTS_CRANE_PROJECT\STM32F411RETX_FLASH.ld" --specs=nosys.specs -Wl,-Map="RTS_CRANE_PROJECT.map" -Wl,--gc-sections -static --specs=nano.specs -mfpu=fpv4-sp-d16 -mfloat-abi=hard -mthumb -Wl,--start-group -lc -lm -Wl,--end-group
Finished building target: RTS_CRANE_PROJECT.elf
 
arm-none-eabi-size  RTS_CRANE_PROJECT.elf 
arm-none-eabi-objdump -h -S RTS_CRANE_PROJECT.elf  > "RTS_CRANE_PROJECT.list"
   text	   data	    bss	    dec	    hex	filename
  33520	     96	  21200	  54816	   d620	RTS_CRANE_PROJECT.elf
Finished building: default.size.stdout
 
Finished building: RTS_CRANE_PROJECT.list
 
19:26:57 **** Incremental Build of configuration Debug for project RTS_CRANE_PROJECT ****
make -j20 all 
arm-none-eabi-gcc "../Core/Src/motor_tasks.c" -mcpu=cortex-m4 -std=gnu11 -g3 -DDEBUG -DUSE_HAL_DRIVER -DSTM32F411xE -c -I../Core/Inc -I../Drivers/STM32F4xx_HAL_Driver/Inc -I../Drivers/STM32F4xx_HAL_Driver/Inc/Legacy -I../Middlewares/Third_Party/FreeRTOS/Source/include -I../Middlewares/Third_Party/FreeRTOS/Source/CMSIS_RTOS_V2 -I../Middlewares/Third_Party/FreeRTOS/Source/portable/GCC/ARM_CM4F -I../Drivers/CMSIS/Device/ST/STM32F4xx/Include -I../Drivers/CMSIS/Include -O0 -ffunction-sections -fdata-sections -Wall -fstack-usage -fcyclomatic-complexity -MMD -MP -MF"Core/Src/motor_tasks.d" -MT"Core/Src/motor_tasks.o" --specs=nano.specs -mfpu=fpv4-sp-d16 -mfloat-abi=hard -mthumb -o "Core/Src/motor_tasks.o"
arm-none-eabi-gcc -o "RTS_CRANE_PROJECT.elf" @"objects.list"   -mcpu=cortex-m4 -T"C:\Users\go\Documents\STM32\STM32Workspaces\RTS_TermProject\RTS_CRANE_PROJECT\STM32F411RETX_FLASH.ld" --specs=nosys.specs -Wl,-Map="RTS_CRANE_PROJECT.map" -Wl,--gc-sections -static --specs=nano.specs -mfpu=fpv4-sp-d16 -mfloat-abi=hard -mthumb -Wl,--start-group -lc -lm -Wl,--end-group
Finished building target: RTS_CRANE_PROJECT.elf
 
arm-none-eabi-size  RTS_CRANE_PROJECT.elf 
arm-none-eabi-objdump -h -S RTS_CRANE_PROJECT.elf  > "RTS_CRANE_PROJECT.list"
   text	   data	    bss	    dec	    hex	filename
  33516	     96	  21200	  54812	   d61c	RTS_CRANE_PROJECT.elf
Finished building: default.size.stdout
 
Finished building: RTS_CRANE_PROJECT.list
 
09:26:13 **** Incremental Build of configuration Debug for project RTS_CRANE_PROJECT ****
make -j20 all 
arm-none-eabi-size  RTS_CRANE_PROJECT.elf 
   text	   data	    bss	    dec	    hex	filename
  33516	     96	  21200	  54812	   d61c	RTS_CRANE_PROJECT.elf
Finished building: default.size.stdout
 
09:29:22 **** Incremental Build of configuration Debug for project RTS_CRANE_PROJECT ****
make -j20 all 
arm-none-eabi-size  RTS_CRANE_PROJECT.elf 
   text	   data	    bss	    dec	    hex	filename
  33516	     96	  21200	  54812	   d61c	RTS_CRANE_PROJECT.elf
Finished building: default.size.stdout
 
09:31:17 **** Incremental Build of configuration Debug for project RTS_CRANE_PROJECT ****
make -j20 all 
arm-none-eabi-size  RTS_CRANE_PROJECT.elf 
   text	   data	    bss	    dec	    hex	filename
  33516	     96	  21200	  54812	   d61c	RTS_CRANE_PROJECT.elf
Finished building: default.size.stdout
 
09:31:36 **** Incremental Build of configuration Debug for project RTS_CRANE_PROJECT ****
make -j20 all 
arm-none-eabi-size  RTS_CRANE_PROJECT.elf 
   text	   data	    bss	    dec	    hex	filename
  33516	     96	  21200	  54812	   d61c	RTS_CRANE_PROJECT.elf
Finished building: default.size.stdout
 
09:42:51 **** Incremental Build of configuration Debug for project RTS_CRANE_PROJECT ****
make -j20 all 
arm-none-eabi-gcc "../Core/Src/motor_tasks.c" -mcpu=cortex-m4 -std=gnu11 -g3 -DDEBUG -DUSE_HAL_DRIVER -DSTM32F411xE -c -I../Core/Inc -I../Drivers/STM32F4xx_HAL_Driver/Inc -I../Drivers/STM32F4xx_HAL_Driver/Inc/Legacy -I../Middlewares/Third_Party/FreeRTOS/Source/include -I../Middlewares/Third_Party/FreeRTOS/Source/CMSIS_RTOS_V2 -I../Middlewares/Third_Party/FreeRTOS/Source/portable/GCC/ARM_CM4F -I../Drivers/CMSIS/Device/ST/STM32F4xx/Include -I../Drivers/CMSIS/Include -O0 -ffunction-sections -fdata-sections -Wall -fstack-usage -fcyclomatic-complexity -MMD -MP -MF"Core/Src/motor_tasks.d" -MT"Core/Src/motor_tasks.o" --specs=nano.specs -mfpu=fpv4-sp-d16 -mfloat-abi=hard -mthumb -o "Core/Src/motor_tasks.o"
arm-none-eabi-gcc -o "RTS_CRANE_PROJECT.elf" @"objects.list"   -mcpu=cortex-m4 -T"C:\Users\go\Documents\STM32\STM32Workspaces\RTS_TermProject\RTS_CRANE_PROJECT\STM32F411RETX_FLASH.ld" --specs=nosys.specs -Wl,-Map="RTS_CRANE_PROJECT.map" -Wl,--gc-sections -static --specs=nano.specs -mfpu=fpv4-sp-d16 -mfloat-abi=hard -mthumb -Wl,--start-group -lc -lm -Wl,--end-group
Finished building target: RTS_CRANE_PROJECT.elf
 
arm-none-eabi-size  RTS_CRANE_PROJECT.elf 
arm-none-eabi-objdump -h -S RTS_CRANE_PROJECT.elf  > "RTS_CRANE_PROJECT.list"
   text	   data	    bss	    dec	    hex	filename
  33516	     96	  21200	  54812	   d61c	RTS_CRANE_PROJECT.elf
Finished building: default.size.stdout
 
Finished building: RTS_CRANE_PROJECT.list
 
10:17:42 **** Incremental Build of configuration Debug for project RTS_CRANE_PROJECT ****
make -j20 all 
arm-none-eabi-gcc "../Core/Src/motor_tasks.c" -mcpu=cortex-m4 -std=gnu11 -g3 -DDEBUG -DUSE_HAL_DRIVER -DSTM32F411xE -c -I../Core/Inc -I../Drivers/STM32F4xx_HAL_Driver/Inc -I../Drivers/STM32F4xx_HAL_Driver/Inc/Legacy -I../Middlewares/Third_Party/FreeRTOS/Source/include -I../Middlewares/Third_Party/FreeRTOS/Source/CMSIS_RTOS_V2 -I../Middlewares/Third_Party/FreeRTOS/Source/portable/GCC/ARM_CM4F -I../Drivers/CMSIS/Device/ST/STM32F4xx/Include -I../Drivers/CMSIS/Include -O0 -ffunction-sections -fdata-sections -Wall -fstack-usage -fcyclomatic-complexity -MMD -MP -MF"Core/Src/motor_tasks.d" -MT"Core/Src/motor_tasks.o" --specs=nano.specs -mfpu=fpv4-sp-d16 -mfloat-abi=hard -mthumb -o "Core/Src/motor_tasks.o"
arm-none-eabi-gcc -o "RTS_CRANE_PROJECT.elf" @"objects.list"   -mcpu=cortex-m4 -T"C:\Users\go\Documents\STM32\STM32Workspaces\RTS_TermProject\RTS_CRANE_PROJECT\STM32F411RETX_FLASH.ld" --specs=nosys.specs -Wl,-Map="RTS_CRANE_PROJECT.map" -Wl,--gc-sections -static --specs=nano.specs -mfpu=fpv4-sp-d16 -mfloat-abi=hard -mthumb -Wl,--start-group -lc -lm -Wl,--end-group
Finished building target: RTS_CRANE_PROJECT.elf
 
arm-none-eabi-size  RTS_CRANE_PROJECT.elf 
arm-none-eabi-objdump -h -S RTS_CRANE_PROJECT.elf  > "RTS_CRANE_PROJECT.list"
   text	   data	    bss	    dec	    hex	filename
  33516	     96	  21200	  54812	   d61c	RTS_CRANE_PROJECT.elf
Finished building: default.size.stdout
 
Finished building: RTS_CRANE_PROJECT.list
 
10:30:07 **** Incremental Build of configuration Debug for project RTS_CRANE_PROJECT ****
make -j20 all 
arm-none-eabi-size  RTS_CRANE_PROJECT.elf 
   text	   data	    bss	    dec	    hex	filename
  33516	     96	  21200	  54812	   d61c	RTS_CRANE_PROJECT.elf
Finished building: default.size.stdout
 
10:30:34 **** Incremental Build of configuration Debug for project RTS_CRANE_PROJECT ****
make -j20 all 
arm-none-eabi-size  RTS_CRANE_PROJECT.elf 
   text	   data	    bss	    dec	    hex	filename
  33516	     96	  21200	  54812	   d61c	RTS_CRANE_PROJECT.elf
Finished building: default.size.stdout
 
10:30:55 **** Incremental Build of configuration Debug for project RTS_CRANE_PROJECT ****
make -j20 all 
arm-none-eabi-size  RTS_CRANE_PROJECT.elf 
   text	   data	    bss	    dec	    hex	filename
  33516	     96	  21200	  54812	   d61c	RTS_CRANE_PROJECT.elf
Finished building: default.size.stdout
 
10:32:54 **** Incremental Build of configuration Debug for project RTS_CRANE_PROJECT ****
make -j20 all 
arm-none-eabi-size  RTS_CRANE_PROJECT.elf 
   text	   data	    bss	    dec	    hex	filename
  33516	     96	  21200	  54812	   d61c	RTS_CRANE_PROJECT.elf
Finished building: default.size.stdout
 
10:33:03 **** Incremental Build of configuration Debug for project RTS_CRANE_PROJECT ****
make -j20 all 
arm-none-eabi-size  RTS_CRANE_PROJECT.elf 
   text	   data	    bss	    dec	    hex	filename
  33516	     96	  21200	  54812	   d61c	RTS_CRANE_PROJECT.elf
Finished building: default.size.stdout
 
10:34:41 **** Incremental Build of configuration Debug for project RTS_CRANE_PROJECT ****
make -j20 all 
arm-none-eabi-size  RTS_CRANE_PROJECT.elf 
   text	   data	    bss	    dec	    hex	filename
  33516	     96	  21200	  54812	   d61c	RTS_CRANE_PROJECT.elf
Finished building: default.size.stdout
 
10:35:12 **** Incremental Build of configuration Debug for project RTS_CRANE_PROJECT ****
make -j20 all 
arm-none-eabi-size  RTS_CRANE_PROJECT.elf 
   text	   data	    bss	    dec	    hex	filename
  33516	     96	  21200	  54812	   d61c	RTS_CRANE_PROJECT.elf
Finished building: default.size.stdout
 
10:36:55 **** Incremental Build of configuration Debug for project RTS_CRANE_PROJECT ****
make -j20 all 
arm-none-eabi-size  RTS_CRANE_PROJECT.elf 
   text	   data	    bss	    dec	    hex	filename
  33516	     96	  21200	  54812	   d61c	RTS_CRANE_PROJECT.elf
Finished building: default.size.stdout
 
10:37:36 **** Incremental Build of configuration Debug for project RTS_CRANE_PROJECT ****
make -j20 all 
arm-none-eabi-size  RTS_CRANE_PROJECT.elf 
   text	   data	    bss	    dec	    hex	filename
  33516	     96	  21200	  54812	   d61c	RTS_CRANE_PROJECT.elf
Finished building: default.size.stdout
 
10:40:54 **** Incremental Build of configuration Debug for project RTS_CRANE_PROJECT ****
make -j20 all 
arm-none-eabi-size  RTS_CRANE_PROJECT.elf 
   text	   data	    bss	    dec	    hex	filename
  33516	     96	  21200	  54812	   d61c	RTS_CRANE_PROJECT.elf
Finished building: default.size.stdout
 
10:41:09 **** Incremental Build of configuration Debug for project RTS_CRANE_PROJECT ****
make -j20 all 
arm-none-eabi-size  RTS_CRANE_PROJECT.elf 
   text	   data	    bss	    dec	    hex	filename
  33516	     96	  21200	  54812	   d61c	RTS_CRANE_PROJECT.elf
Finished building: default.size.stdout
 
10:42:41 **** Incremental Build of configuration Debug for project RTS_CRANE_PROJECT ****
make -j20 all 
arm-none-eabi-size  RTS_CRANE_PROJECT.elf 
   text	   data	    bss	    dec	    hex	filename
  33516	     96	  21200	  54812	   d61c	RTS_CRANE_PROJECT.elf
Finished building: default.size.stdout
 
10:44:52 **** Incremental Build of configuration Debug for project RTS_CRANE_PROJECT ****
make -j20 all 
arm-none-eabi-gcc "../Core/Src/motor_tasks.c" -mcpu=cortex-m4 -std=gnu11 -g3 -DDEBUG -DUSE_HAL_DRIVER -DSTM32F411xE -c -I../Core/Inc -I../Drivers/STM32F4xx_HAL_Driver/Inc -I../Drivers/STM32F4xx_HAL_Driver/Inc/Legacy -I../Middlewares/Third_Party/FreeRTOS/Source/include -I../Middlewares/Third_Party/FreeRTOS/Source/CMSIS_RTOS_V2 -I../Middlewares/Third_Party/FreeRTOS/Source/portable/GCC/ARM_CM4F -I../Drivers/CMSIS/Device/ST/STM32F4xx/Include -I../Drivers/CMSIS/Include -O0 -ffunction-sections -fdata-sections -Wall -fstack-usage -fcyclomatic-complexity -MMD -MP -MF"Core/Src/motor_tasks.d" -MT"Core/Src/motor_tasks.o" --specs=nano.specs -mfpu=fpv4-sp-d16 -mfloat-abi=hard -mthumb -o "Core/Src/motor_tasks.o"
arm-none-eabi-gcc -o "RTS_CRANE_PROJECT.elf" @"objects.list"   -mcpu=cortex-m4 -T"C:\Users\go\Documents\STM32\STM32Workspaces\RTS_TermProject\RTS_CRANE_PROJECT\STM32F411RETX_FLASH.ld" --specs=nosys.specs -Wl,-Map="RTS_CRANE_PROJECT.map" -Wl,--gc-sections -static --specs=nano.specs -mfpu=fpv4-sp-d16 -mfloat-abi=hard -mthumb -Wl,--start-group -lc -lm -Wl,--end-group
Finished building target: RTS_CRANE_PROJECT.elf
 
arm-none-eabi-size  RTS_CRANE_PROJECT.elf 
arm-none-eabi-objdump -h -S RTS_CRANE_PROJECT.elf  > "RTS_CRANE_PROJECT.list"
   text	   data	    bss	    dec	    hex	filename
  33516	     96	  21200	  54812	   d61c	RTS_CRANE_PROJECT.elf
Finished building: default.size.stdout
 
Finished building: RTS_CRANE_PROJECT.list
 
10:46:03 **** Incremental Build of configuration Debug for project RTS_CRANE_PROJECT ****
make -j20 all 
arm-none-eabi-gcc "../Core/Src/motor_tasks.c" -mcpu=cortex-m4 -std=gnu11 -g3 -DDEBUG -DUSE_HAL_DRIVER -DSTM32F411xE -c -I../Core/Inc -I../Drivers/STM32F4xx_HAL_Driver/Inc -I../Drivers/STM32F4xx_HAL_Driver/Inc/Legacy -I../Middlewares/Third_Party/FreeRTOS/Source/include -I../Middlewares/Third_Party/FreeRTOS/Source/CMSIS_RTOS_V2 -I../Middlewares/Third_Party/FreeRTOS/Source/portable/GCC/ARM_CM4F -I../Drivers/CMSIS/Device/ST/STM32F4xx/Include -I../Drivers/CMSIS/Include -O0 -ffunction-sections -fdata-sections -Wall -fstack-usage -fcyclomatic-complexity -MMD -MP -MF"Core/Src/motor_tasks.d" -MT"Core/Src/motor_tasks.o" --specs=nano.specs -mfpu=fpv4-sp-d16 -mfloat-abi=hard -mthumb -o "Core/Src/motor_tasks.o"
arm-none-eabi-gcc -o "RTS_CRANE_PROJECT.elf" @"objects.list"   -mcpu=cortex-m4 -T"C:\Users\go\Documents\STM32\STM32Workspaces\RTS_TermProject\RTS_CRANE_PROJECT\STM32F411RETX_FLASH.ld" --specs=nosys.specs -Wl,-Map="RTS_CRANE_PROJECT.map" -Wl,--gc-sections -static --specs=nano.specs -mfpu=fpv4-sp-d16 -mfloat-abi=hard -mthumb -Wl,--start-group -lc -lm -Wl,--end-group
Finished building target: RTS_CRANE_PROJECT.elf
 
arm-none-eabi-size  RTS_CRANE_PROJECT.elf 
arm-none-eabi-objdump -h -S RTS_CRANE_PROJECT.elf  > "RTS_CRANE_PROJECT.list"
   text	   data	    bss	    dec	    hex	filename
  33516	     96	  21200	  54812	   d61c	RTS_CRANE_PROJECT.elf
Finished building: default.size.stdout
 
Finished building: RTS_CRANE_PROJECT.list
 
10:50:14 **** Incremental Build of configuration Debug for project RTS_CRANE_PROJECT ****
make -j20 all 
arm-none-eabi-gcc "../Core/Src/comm_io.c" -mcpu=cortex-m4 -std=gnu11 -g3 -DDEBUG -DUSE_HAL_DRIVER -DSTM32F411xE -c -I../Core/Inc -I../Drivers/STM32F4xx_HAL_Driver/Inc -I../Drivers/STM32F4xx_HAL_Driver/Inc/Legacy -I../Middlewares/Third_Party/FreeRTOS/Source/include -I../Middlewares/Third_Party/FreeRTOS/Source/CMSIS_RTOS_V2 -I../Middlewares/Third_Party/FreeRTOS/Source/portable/GCC/ARM_CM4F -I../Drivers/CMSIS/Device/ST/STM32F4xx/Include -I../Drivers/CMSIS/Include -O0 -ffunction-sections -fdata-sections -Wall -fstack-usage -fcyclomatic-complexity -MMD -MP -MF"Core/Src/comm_io.d" -MT"Core/Src/comm_io.o" --specs=nano.specs -mfpu=fpv4-sp-d16 -mfloat-abi=hard -mthumb -o "Core/Src/comm_io.o"
arm-none-eabi-gcc "../Core/Src/crane_io.c" -mcpu=cortex-m4 -std=gnu11 -g3 -DDEBUG -DUSE_HAL_DRIVER -DSTM32F411xE -c -I../Core/Inc -I../Drivers/STM32F4xx_HAL_Driver/Inc -I../Drivers/STM32F4xx_HAL_Driver/Inc/Legacy -I../Middlewares/Third_Party/FreeRTOS/Source/include -I../Middlewares/Third_Party/FreeRTOS/Source/CMSIS_RTOS_V2 -I../Middlewares/Third_Party/FreeRTOS/Source/portable/GCC/ARM_CM4F -I../Drivers/CMSIS/Device/ST/STM32F4xx/Include -I../Drivers/CMSIS/Include -O0 -ffunction-sections -fdata-sections -Wall -fstack-usage -fcyclomatic-complexity -MMD -MP -MF"Core/Src/crane_io.d" -MT"Core/Src/crane_io.o" --specs=nano.specs -mfpu=fpv4-sp-d16 -mfloat-abi=hard -mthumb -o "Core/Src/crane_io.o"
arm-none-eabi-gcc "../Core/Src/freertos.c" -mcpu=cortex-m4 -std=gnu11 -g3 -DDEBUG -DUSE_HAL_DRIVER -DSTM32F411xE -c -I../Core/Inc -I../Drivers/STM32F4xx_HAL_Driver/Inc -I../Drivers/STM32F4xx_HAL_Driver/Inc/Legacy -I../Middlewares/Third_Party/FreeRTOS/Source/include -I../Middlewares/Third_Party/FreeRTOS/Source/CMSIS_RTOS_V2 -I../Middlewares/Third_Party/FreeRTOS/Source/portable/GCC/ARM_CM4F -I../Drivers/CMSIS/Device/ST/STM32F4xx/Include -I../Drivers/CMSIS/Include -O0 -ffunction-sections -fdata-sections -Wall -fstack-usage -fcyclomatic-complexity -MMD -MP -MF"Core/Src/freertos.d" -MT"Core/Src/freertos.o" --specs=nano.specs -mfpu=fpv4-sp-d16 -mfloat-abi=hard -mthumb -o "Core/Src/freertos.o"
arm-none-eabi-gcc "../Core/Src/hcsr04.c" -mcpu=cortex-m4 -std=gnu11 -g3 -DDEBUG -DUSE_HAL_DRIVER -DSTM32F411xE -c -I../Core/Inc -I../Drivers/STM32F4xx_HAL_Driver/Inc -I../Drivers/STM32F4xx_HAL_Driver/Inc/Legacy -I../Middlewares/Third_Party/FreeRTOS/Source/include -I../Middlewares/Third_Party/FreeRTOS/Source/CMSIS_RTOS_V2 -I../Middlewares/Third_Party/FreeRTOS/Source/portable/GCC/ARM_CM4F -I../Drivers/CMSIS/Device/ST/STM32F4xx/Include -I../Drivers/CMSIS/Include -O0 -ffunction-sections -fdata-sections -Wall -fstack-usage -fcyclomatic-complexity -MMD -MP -MF"Core/Src/hcsr04.d" -MT"Core/Src/hcsr04.o" --specs=nano.specs -mfpu=fpv4-sp-d16 -mfloat-abi=hard -mthumb -o "Core/Src/hcsr04.o"
arm-none-eabi-gcc "../Core/Src/interrupt_handlers.c" -mcpu=cortex-m4 -std=gnu11 -g3 -DDEBUG -DUSE_HAL_DRIVER -DSTM32F411xE -c -I../Core/Inc -I../Drivers/STM32F4xx_HAL_Driver/Inc -I../Drivers/STM32F4xx_HAL_Driver/Inc/Legacy -I../Middlewares/Third_Party/FreeRTOS/Source/include -I../Middlewares/Third_Party/FreeRTOS/Source/CMSIS_RTOS_V2 -I../Middlewares/Third_Party/FreeRTOS/Source/portable/GCC/ARM_CM4F -I../Drivers/CMSIS/Device/ST/STM32F4xx/Include -I../Drivers/CMSIS/Include -O0 -ffunction-sections -fdata-sections -Wall -fstack-usage -fcyclomatic-complexity -MMD -MP -MF"Core/Src/interrupt_handlers.d" -MT"Core/Src/interrupt_handlers.o" --specs=nano.specs -mfpu=fpv4-sp-d16 -mfloat-abi=hard -mthumb -o "Core/Src/interrupt_handlers.o"
arm-none-eabi-gcc "../Core/Src/motor_tasks.c" -mcpu=cortex-m4 -std=gnu11 -g3 -DDEBUG -DUSE_HAL_DRIVER -DSTM32F411xE -c -I../Core/Inc -I../Drivers/STM32F4xx_HAL_Driver/Inc -I../Drivers/STM32F4xx_HAL_Driver/Inc/Legacy -I../Middlewares/Third_Party/FreeRTOS/Source/include -I../Middlewares/Third_Party/FreeRTOS/Source/CMSIS_RTOS_V2 -I../Middlewares/Third_Party/FreeRTOS/Source/portable/GCC/ARM_CM4F -I../Drivers/CMSIS/Device/ST/STM32F4xx/Include -I../Drivers/CMSIS/Include -O0 -ffunction-sections -fdata-sections -Wall -fstack-usage -fcyclomatic-complexity -MMD -MP -MF"Core/Src/motor_tasks.d" -MT"Core/Src/motor_tasks.o" --specs=nano.specs -mfpu=fpv4-sp-d16 -mfloat-abi=hard -mthumb -o "Core/Src/motor_tasks.o"
arm-none-eabi-gcc "../Core/Src/servo.c" -mcpu=cortex-m4 -std=gnu11 -g3 -DDEBUG -DUSE_HAL_DRIVER -DSTM32F411xE -c -I../Core/Inc -I../Drivers/STM32F4xx_HAL_Driver/Inc -I../Drivers/STM32F4xx_HAL_Driver/Inc/Legacy -I../Middlewares/Third_Party/FreeRTOS/Source/include -I../Middlewares/Third_Party/FreeRTOS/Source/CMSIS_RTOS_V2 -I../Middlewares/Third_Party/FreeRTOS/Source/portable/GCC/ARM_CM4F -I../Drivers/CMSIS/Device/ST/STM32F4xx/Include -I../Drivers/CMSIS/Include -O0 -ffunction-sections -fdata-sections -Wall -fstack-usage -fcyclomatic-complexity -MMD -MP -MF"Core/Src/servo.d" -MT"Core/Src/servo.o" --specs=nano.specs -mfpu=fpv4-sp-d16 -mfloat-abi=hard -mthumb -o "Core/Src/servo.o"
arm-none-eabi-gcc -o "RTS_CRANE_PROJECT.elf" @"objects.list"   -mcpu=cortex-m4 -T"C:\Users\go\Documents\STM32\STM32Workspaces\RTS_TermProject\RTS_CRANE_PROJECT\STM32F411RETX_FLASH.ld" --specs=nosys.specs -Wl,-Map="RTS_CRANE_PROJECT.map" -Wl,--gc-sections -static --specs=nano.specs -mfpu=fpv4-sp-d16 -mfloat-abi=hard -mthumb -Wl,--start-group -lc -lm -Wl,--end-group
Finished building target: RTS_CRANE_PROJECT.elf
 
arm-none-eabi-size  RTS_CRANE_PROJECT.elf 
arm-none-eabi-objdump -h -S RTS_CRANE_PROJECT.elf  > "RTS_CRANE_PROJECT.list"
   text	   data	    bss	    dec	    hex	filename
  33516	     96	  21200	  54812	   d61c	RTS_CRANE_PROJECT.elf
Finished building: default.size.stdout
 
Finished building: RTS_CRANE_PROJECT.list
 
