11:59:23 **** Incremental Build of configuration Debug for project RTS_CRANE_PROJECT ****
make -j20 all 
arm-none-eabi-gcc "../Core/Src/motor_tasks.c" -mcpu=cortex-m4 -std=gnu11 -g3 -DDEBUG -DUSE_HAL_DRIVER -DSTM32F411xE -c -I../Core/Inc -I../Drivers/STM32F4xx_HAL_Driver/Inc -I../Drivers/STM32F4xx_HAL_Driver/Inc/Legacy -I../Middlewares/Third_Party/FreeRTOS/Source/include -I../Middlewares/Third_Party/FreeRTOS/Source/CMSIS_RTOS_V2 -I../Middlewares/Third_Party/FreeRTOS/Source/portable/GCC/ARM_CM4F -I../Drivers/CMSIS/Device/ST/STM32F4xx/Include -I../Drivers/CMSIS/Include -O0 -ffunction-sections -fdata-sections -Wall -fstack-usage -fcyclomatic-complexity -MMD -MP -MF"Core/Src/motor_tasks.d" -MT"Core/Src/motor_tasks.o" --specs=nano.specs -mfpu=fpv4-sp-d16 -mfloat-abi=hard -mthumb -o "Core/Src/motor_tasks.o"
arm-none-eabi-gcc -o "RTS_CRANE_PROJECT.elf" @"objects.list"   -mcpu=cortex-m4 -T"C:\Users\go\Documents\STM32\STM32Workspaces\RTS_TermProject\RTS_CRANE_PROJECT\STM32F411RETX_FLASH.ld" --specs=nosys.specs -Wl,-Map="RTS_CRANE_PROJECT.map" -Wl,--gc-sections -static --specs=nano.specs -mfpu=fpv4-sp-d16 -mfloat-abi=hard -mthumb -Wl,--start-group -lc -lm -Wl,--end-group
Finished building target: RTS_CRANE_PROJECT.elf
 
arm-none-eabi-size  RTS_CRANE_PROJECT.elf 
arm-none-eabi-objdump -h -S RTS_CRANE_PROJECT.elf  > "RTS_CRANE_PROJECT.list"
   text	   data	    bss	    dec	    hex	filename
  33484	     96	  21200	  54780	   d5fc	RTS_CRANE_PROJECT.elf
Finished building: default.size.stdout
 
Finished building: RTS_CRANE_PROJECT.list
 

11:59:24 Build Finished. 0 errors, 0 warnings. (took 1s.73ms)

